<?xml version="1.0" encoding="utf-8"?>
<CoverageSession xmlns:xsd="http://www.w3.org/2001/XMLSchema" xmlns:xsi="http://www.w3.org/2001/XMLSchema-instance">
  <Summary numSequencePoints="445" visitedSequencePoints="428" numBranchPoints="213" visitedBranchPoints="196" sequenceCoverage="96.18" branchCoverage="92.02" maxCyclomaticComplexity="6" minCyclomaticComplexity="1" visitedClasses="17" numClasses="18" visitedMethods="156" numMethods="167" />
  <Modules>
    <Module skippedDueTo="Filter" hash="95-6F-A7-D9-CA-57-AB-DE-E6-29-67-E1-17-75-0C-A6-6A-E1-81-1E">
      <ModulePath>C:\windows\Microsoft.Net\assembly\GAC_64\mscorlib\v4.0_4.0.0.0__b77a5c561934e089\mscorlib.dll</ModulePath>
      <ModuleTime>2016-07-14T09:07:18Z</ModuleTime>
      <ModuleName>mscorlib</ModuleName>
      <Classes />
    </Module>
    <Module skippedDueTo="Filter" hash="F9-CA-B6-79-63-CB-31-8A-0D-DC-C3-D0-43-F8-28-C3-F0-95-F9-E7">
      <ModulePath>C:\Program Files (x86)\NUnit 2.6.1\bin\nunit-console.exe</ModulePath>
      <ModuleTime>2014-07-21T11:34:12Z</ModuleTime>
      <ModuleName>nunit-console</ModuleName>
      <Classes />
    </Module>
    <Module skippedDueTo="Filter" hash="2A-C4-E5-DE-F3-EE-AD-84-E1-65-84-CC-15-90-76-96-E7-01-44-4E">
      <ModulePath>C:\Program Files (x86)\NUnit 2.6.1\bin\lib\nunit-console-runner.dll</ModulePath>
      <ModuleTime>2014-07-21T11:34:14Z</ModuleTime>
      <ModuleName>nunit-console-runner</ModuleName>
      <Classes />
    </Module>
    <Module skippedDueTo="Filter" hash="33-E1-CA-24-52-5A-B7-C7-C4-AF-91-2C-A9-4A-C0-37-67-0D-5B-FE">
      <ModulePath>C:\Program Files (x86)\NUnit 2.6.1\bin\lib\nunit.core.dll</ModulePath>
      <ModuleTime>2014-07-21T11:34:14Z</ModuleTime>
      <ModuleName>nunit.core</ModuleName>
      <Classes />
    </Module>
    <Module skippedDueTo="Filter" hash="74-74-F6-87-59-E1-5F-4F-5F-5E-6E-82-50-E8-E2-46-D4-86-15-76">
      <ModulePath>C:\Program Files (x86)\NUnit 2.6.1\bin\lib\nunit.util.dll</ModulePath>
      <ModuleTime>2014-07-21T11:34:14Z</ModuleTime>
      <ModuleName>nunit.util</ModuleName>
      <Classes />
    </Module>
    <Module skippedDueTo="Filter" hash="D3-A4-4D-85-55-F7-CE-EF-A5-90-AA-EF-58-E0-9F-B6-CC-27-99-53">
      <ModulePath>C:\Program Files (x86)\NUnit 2.6.1\bin\lib\nunit.core.interfaces.dll</ModulePath>
      <ModuleTime>2014-07-21T11:34:14Z</ModuleTime>
      <ModuleName>nunit.core.interfaces</ModuleName>
      <Classes />
    </Module>
    <Module skippedDueTo="Filter" hash="58-B9-CA-42-36-B5-7C-2F-28-04-EF-71-75-4D-D7-DB-0B-9E-9A-C3">
      <ModulePath>C:\windows\Microsoft.Net\assembly\GAC_MSIL\System.Configuration\v4.0_4.0.0.0__b03f5f7f11d50a3a\System.Configuration.dll</ModulePath>
      <ModuleTime>2016-07-14T09:13:42Z</ModuleTime>
      <ModuleName>System.Configuration</ModuleName>
      <Classes />
    </Module>
    <Module skippedDueTo="Filter" hash="E0-0D-0B-92-51-0B-55-4D-34-02-F9-80-55-BC-36-8F-16-FB-43-A9">
      <ModulePath>C:\windows\Microsoft.Net\assembly\GAC_MSIL\System\v4.0_4.0.0.0__b77a5c561934e089\System.dll</ModulePath>
      <ModuleTime>2016-07-14T09:13:42Z</ModuleTime>
      <ModuleName>System</ModuleName>
      <Classes />
    </Module>
    <Module skippedDueTo="Filter" hash="BC-5B-5D-6A-58-44-92-0A-2E-36-E3-6E-2C-9B-98-00-AD-15-22-E5">
      <ModulePath>C:\windows\Microsoft.Net\assembly\GAC_MSIL\System.Xml\v4.0_4.0.0.0__b77a5c561934e089\System.Xml.dll</ModulePath>
      <ModuleTime>2016-07-14T09:13:42Z</ModuleTime>
      <ModuleName>System.Xml</ModuleName>
      <Classes />
    </Module>
    <Module skippedDueTo="Filter" hash="58-7E-0C-8A-5F-09-F6-0F-15-50-1C-10-9F-E5-08-3A-E8-0A-D6-1B">
      <ModulePath>C:\windows\Microsoft.Net\assembly\GAC_MSIL\System.Runtime.Remoting\v4.0_4.0.0.0__b77a5c561934e089\System.Runtime.Remoting.dll</ModulePath>
      <ModuleTime>2016-07-14T09:13:42Z</ModuleTime>
      <ModuleName>System.Runtime.Remoting</ModuleName>
      <Classes />
    </Module>
    <Module skippedDueTo="Filter" hash="33-E1-CA-24-52-5A-B7-C7-C4-AF-91-2C-A9-4A-C0-37-67-0D-5B-FE">
      <ModulePath>C:\Program Files (x86)\NUnit 2.6.1\bin\lib\nunit.core.dll</ModulePath>
      <ModuleTime>2014-07-21T11:34:14Z</ModuleTime>
      <ModuleName>nunit.core</ModuleName>
      <Classes />
    </Module>
    <Module skippedDueTo="Filter" hash="E0-0D-0B-92-51-0B-55-4D-34-02-F9-80-55-BC-36-8F-16-FB-43-A9">
      <ModulePath>C:\windows\Microsoft.Net\assembly\GAC_MSIL\System\v4.0_4.0.0.0__b77a5c561934e089\System.dll</ModulePath>
      <ModuleTime>2016-07-14T09:13:42Z</ModuleTime>
      <ModuleName>System</ModuleName>
      <Classes />
    </Module>
    <Module skippedDueTo="Filter" hash="BC-5B-5D-6A-58-44-92-0A-2E-36-E3-6E-2C-9B-98-00-AD-15-22-E5">
      <ModulePath>C:\windows\Microsoft.Net\assembly\GAC_MSIL\System.Xml\v4.0_4.0.0.0__b77a5c561934e089\System.Xml.dll</ModulePath>
      <ModuleTime>2016-07-14T09:13:42Z</ModuleTime>
      <ModuleName>System.Xml</ModuleName>
      <Classes />
    </Module>
    <Module skippedDueTo="Filter" hash="B6-96-0F-77-90-5D-5D-2F-9A-F2-9F-C4-E5-75-AD-9C-ED-57-F3-17">
      <ModulePath>C:\Program Files (x86)\NUnit 2.6.1\bin\pnunit.framework.dll</ModulePath>
      <ModuleTime>2014-07-21T11:34:14Z</ModuleTime>
      <ModuleName>pnunit.framework</ModuleName>
      <Classes />
    </Module>
    <Module skippedDueTo="Filter" hash="BF-1D-D7-35-9F-DE-AD-6C-C5-85-0E-59-71-C4-80-76-13-06-73-54">
      <ModulePath>C:\Program Files (x86)\NUnit 2.6.1\bin\pnunit-agent.exe</ModulePath>
      <ModuleTime>2014-07-21T11:34:14Z</ModuleTime>
      <ModuleName>pnunit-agent</ModuleName>
      <Classes />
    </Module>
    <Module skippedDueTo="Filter" hash="D3-A4-4D-85-55-F7-CE-EF-A5-90-AA-EF-58-E0-9F-B6-CC-27-99-53">
      <ModulePath>C:\Program Files (x86)\NUnit 2.6.1\bin\lib\nunit.core.interfaces.dll</ModulePath>
      <ModuleTime>2014-07-21T11:34:14Z</ModuleTime>
      <ModuleName>nunit.core.interfaces</ModuleName>
      <Classes />
    </Module>
    <Module skippedDueTo="Filter" hash="8F-3D-A0-76-60-4D-D1-6B-72-32-62-59-8D-D1-C1-14-74-4F-C9-3B">
      <ModulePath>C:\FSD\FINAL ASSESSMENT\ProjectManagerService\ProjectManager.Tests\bin\Debug\ProjectManager.Tests.dll</ModulePath>
      <ModuleTime>2018-11-03T02:48:22.1474405Z</ModuleTime>
      <ModuleName>ProjectManager.Tests</ModuleName>
      <Classes />
    </Module>
    <Module skippedDueTo="Filter" hash="EE-92-34-AE-A6-A6-A8-2E-8A-34-A1-E4-20-3D-2A-23-C5-9D-D8-D2">
      <ModulePath>C:\FSD\FINAL ASSESSMENT\ProjectManagerService\ProjectManager.Tests\bin\Debug\nunit.framework.dll</ModulePath>
      <ModuleTime>2018-10-06T11:22:56Z</ModuleTime>
      <ModuleName>nunit.framework</ModuleName>
      <Classes />
    </Module>
    <Module skippedDueTo="Filter" hash="58-B9-CA-42-36-B5-7C-2F-28-04-EF-71-75-4D-D7-DB-0B-9E-9A-C3">
      <ModulePath>C:\windows\Microsoft.Net\assembly\GAC_MSIL\System.Configuration\v4.0_4.0.0.0__b03f5f7f11d50a3a\System.Configuration.dll</ModulePath>
      <ModuleTime>2016-07-14T09:13:42Z</ModuleTime>
      <ModuleName>System.Configuration</ModuleName>
      <Classes />
    </Module>
    <Module hash="F3-D8-21-8E-C0-5B-D4-4E-7A-11-E4-6C-1D-2F-53-C8-8B-AF-1B-BF">
      <Summary numSequencePoints="56" visitedSequencePoints="54" numBranchPoints="56" visitedBranchPoints="54" sequenceCoverage="96.43" branchCoverage="96.43" maxCyclomaticComplexity="1" minCyclomaticComplexity="1" visitedClasses="5" numClasses="5" visitedMethods="54" numMethods="56" />
      <ModulePath>C:\FSD\FINAL ASSESSMENT\ProjectManagerService\ProjectManager.Tests\bin\Debug\ProjectManager.Entities.dll</ModulePath>
      <ModuleTime>2018-11-03T02:46:44.5505447Z</ModuleTime>
      <ModuleName>ProjectManager.Entities</ModuleName>
      <Files>
        <File uid="1" fullPath="C:\FSD\FINAL ASSESSMENT\ProjectManagerService\ProjectManager.Entities\ParentTask.cs" />
        <File uid="2" fullPath="C:\FSD\FINAL ASSESSMENT\ProjectManagerService\ProjectManager.Entities\Project.cs" />
        <File uid="3" fullPath="C:\FSD\FINAL ASSESSMENT\ProjectManagerService\ProjectManager.Entities\Task.cs" />
        <File uid="4" fullPath="C:\FSD\FINAL ASSESSMENT\ProjectManagerService\ProjectManager.Entities\TaskStatus.cs" />
        <File uid="5" fullPath="C:\FSD\FINAL ASSESSMENT\ProjectManagerService\ProjectManager.Entities\User.cs" />
      </Files>
      <Classes>
        <Class>
          <Summary numSequencePoints="0" visitedSequencePoints="0" numBranchPoints="0" visitedBranchPoints="0" sequenceCoverage="0" branchCoverage="0" maxCyclomaticComplexity="0" minCyclomaticComplexity="0" visitedClasses="0" numClasses="0" visitedMethods="0" numMethods="0" />
          <FullName>&lt;Module&gt;</FullName>
          <Methods />
        </Class>
        <Class>
          <Summary numSequencePoints="4" visitedSequencePoints="4" numBranchPoints="4" visitedBranchPoints="4" sequenceCoverage="100" branchCoverage="100" maxCyclomaticComplexity="1" minCyclomaticComplexity="1" visitedClasses="1" numClasses="1" visitedMethods="4" numMethods="4" />
          <FullName>ProjectManager.Entities.ParentTask</FullName>
          <Methods>
            <Method visited="true" cyclomaticComplexity="1" nPathComplexity="0" sequenceCoverage="100" branchCoverage="100" isConstructor="false" isStatic="false" isGetter="true" isSetter="false">
              <Summary numSequencePoints="1" visitedSequencePoints="1" numBranchPoints="1" visitedBranchPoints="1" sequenceCoverage="100" branchCoverage="100" maxCyclomaticComplexity="1" minCyclomaticComplexity="1" visitedClasses="0" numClasses="0" visitedMethods="1" numMethods="1" />
              <MetadataToken>100663297</MetadataToken>
              <Name>System.Int32 ProjectManager.Entities.ParentTask::get_ParentTaskId()</Name>
              <FileRef uid="1" />
              <SequencePoints>
                <SequencePoint vc="9" uspid="1" ordinal="0" offset="0" sl="11" sc="35" el="11" ec="39" bec="0" bev="0" fileid="1" />
              </SequencePoints>
              <BranchPoints />
              <MethodPoint xsi:type="SequencePoint" vc="9" uspid="1" ordinal="0" offset="0" sl="11" sc="35" el="11" ec="39" bec="0" bev="0" fileid="1" />
            </Method>
            <Method visited="true" cyclomaticComplexity="1" nPathComplexity="0" sequenceCoverage="100" branchCoverage="100" isConstructor="false" isStatic="false" isGetter="false" isSetter="true">
              <Summary numSequencePoints="1" visitedSequencePoints="1" numBranchPoints="1" visitedBranchPoints="1" sequenceCoverage="100" branchCoverage="100" maxCyclomaticComplexity="1" minCyclomaticComplexity="1" visitedClasses="0" numClasses="0" visitedMethods="1" numMethods="1" />
              <MetadataToken>100663298</MetadataToken>
              <Name>System.Void ProjectManager.Entities.ParentTask::set_ParentTaskId(System.Int32)</Name>
              <FileRef uid="1" />
              <SequencePoints>
                <SequencePoint vc="19" uspid="2" ordinal="0" offset="0" sl="11" sc="40" el="11" ec="44" bec="0" bev="0" fileid="1" />
              </SequencePoints>
              <BranchPoints />
              <MethodPoint xsi:type="SequencePoint" vc="19" uspid="2" ordinal="0" offset="0" sl="11" sc="40" el="11" ec="44" bec="0" bev="0" fileid="1" />
            </Method>
            <Method visited="true" cyclomaticComplexity="1" nPathComplexity="0" sequenceCoverage="100" branchCoverage="100" isConstructor="false" isStatic="false" isGetter="true" isSetter="false">
              <Summary numSequencePoints="1" visitedSequencePoints="1" numBranchPoints="1" visitedBranchPoints="1" sequenceCoverage="100" branchCoverage="100" maxCyclomaticComplexity="1" minCyclomaticComplexity="1" visitedClasses="0" numClasses="0" visitedMethods="1" numMethods="1" />
              <MetadataToken>100663299</MetadataToken>
              <Name>System.String ProjectManager.Entities.ParentTask::get_ParentTaskName()</Name>
              <FileRef uid="1" />
              <SequencePoints>
                <SequencePoint vc="9" uspid="3" ordinal="0" offset="0" sl="14" sc="40" el="14" ec="44" bec="0" bev="0" fileid="1" />
              </SequencePoints>
              <BranchPoints />
              <MethodPoint xsi:type="SequencePoint" vc="9" uspid="3" ordinal="0" offset="0" sl="14" sc="40" el="14" ec="44" bec="0" bev="0" fileid="1" />
            </Method>
            <Method visited="true" cyclomaticComplexity="1" nPathComplexity="0" sequenceCoverage="100" branchCoverage="100" isConstructor="false" isStatic="false" isGetter="false" isSetter="true">
              <Summary numSequencePoints="1" visitedSequencePoints="1" numBranchPoints="1" visitedBranchPoints="1" sequenceCoverage="100" branchCoverage="100" maxCyclomaticComplexity="1" minCyclomaticComplexity="1" visitedClasses="0" numClasses="0" visitedMethods="1" numMethods="1" />
              <MetadataToken>100663300</MetadataToken>
              <Name>System.Void ProjectManager.Entities.ParentTask::set_ParentTaskName(System.String)</Name>
              <FileRef uid="1" />
              <SequencePoints>
                <SequencePoint vc="19" uspid="4" ordinal="0" offset="0" sl="14" sc="45" el="14" ec="49" bec="0" bev="0" fileid="1" />
              </SequencePoints>
              <BranchPoints />
              <MethodPoint xsi:type="SequencePoint" vc="19" uspid="4" ordinal="0" offset="0" sl="14" sc="45" el="14" ec="49" bec="0" bev="0" fileid="1" />
            </Method>
            <Method visited="true" cyclomaticComplexity="1" nPathComplexity="0" sequenceCoverage="0" branchCoverage="0" isConstructor="true" isStatic="false" isGetter="false" isSetter="false">
              <Summary numSequencePoints="0" visitedSequencePoints="0" numBranchPoints="0" visitedBranchPoints="0" sequenceCoverage="0" branchCoverage="0" maxCyclomaticComplexity="1" minCyclomaticComplexity="1" visitedClasses="0" numClasses="0" visitedMethods="0" numMethods="0" />
              <MetadataToken>100663301</MetadataToken>
              <Name>System.Void ProjectManager.Entities.ParentTask::.ctor()</Name>
              <SequencePoints />
              <BranchPoints />
              <MethodPoint vc="19" uspid="5" ordinal="0" offset="0" />
            </Method>
          </Methods>
        </Class>
        <Class>
          <Summary numSequencePoints="10" visitedSequencePoints="10" numBranchPoints="10" visitedBranchPoints="10" sequenceCoverage="100" branchCoverage="100" maxCyclomaticComplexity="1" minCyclomaticComplexity="1" visitedClasses="1" numClasses="1" visitedMethods="10" numMethods="10" />
          <FullName>ProjectManager.Entities.Project</FullName>
          <Methods>
            <Method visited="true" cyclomaticComplexity="1" nPathComplexity="0" sequenceCoverage="100" branchCoverage="100" isConstructor="false" isStatic="false" isGetter="true" isSetter="false">
              <Summary numSequencePoints="1" visitedSequencePoints="1" numBranchPoints="1" visitedBranchPoints="1" sequenceCoverage="100" branchCoverage="100" maxCyclomaticComplexity="1" minCyclomaticComplexity="1" visitedClasses="0" numClasses="0" visitedMethods="1" numMethods="1" />
              <MetadataToken>100663302</MetadataToken>
              <Name>System.Int32 ProjectManager.Entities.Project::get_ProjectId()</Name>
              <FileRef uid="2" />
              <SequencePoints>
                <SequencePoint vc="10" uspid="6" ordinal="0" offset="0" sl="12" sc="32" el="12" ec="36" bec="0" bev="0" fileid="2" />
              </SequencePoints>
              <BranchPoints />
              <MethodPoint xsi:type="SequencePoint" vc="10" uspid="6" ordinal="0" offset="0" sl="12" sc="32" el="12" ec="36" bec="0" bev="0" fileid="2" />
            </Method>
            <Method visited="true" cyclomaticComplexity="1" nPathComplexity="0" sequenceCoverage="100" branchCoverage="100" isConstructor="false" isStatic="false" isGetter="false" isSetter="true">
              <Summary numSequencePoints="1" visitedSequencePoints="1" numBranchPoints="1" visitedBranchPoints="1" sequenceCoverage="100" branchCoverage="100" maxCyclomaticComplexity="1" minCyclomaticComplexity="1" visitedClasses="0" numClasses="0" visitedMethods="1" numMethods="1" />
              <MetadataToken>100663303</MetadataToken>
              <Name>System.Void ProjectManager.Entities.Project::set_ProjectId(System.Int32)</Name>
              <FileRef uid="2" />
              <SequencePoints>
                <SequencePoint vc="40" uspid="7" ordinal="0" offset="0" sl="12" sc="37" el="12" ec="41" bec="0" bev="0" fileid="2" />
              </SequencePoints>
              <BranchPoints />
              <MethodPoint xsi:type="SequencePoint" vc="40" uspid="7" ordinal="0" offset="0" sl="12" sc="37" el="12" ec="41" bec="0" bev="0" fileid="2" />
            </Method>
            <Method visited="true" cyclomaticComplexity="1" nPathComplexity="0" sequenceCoverage="100" branchCoverage="100" isConstructor="false" isStatic="false" isGetter="true" isSetter="false">
              <Summary numSequencePoints="1" visitedSequencePoints="1" numBranchPoints="1" visitedBranchPoints="1" sequenceCoverage="100" branchCoverage="100" maxCyclomaticComplexity="1" minCyclomaticComplexity="1" visitedClasses="0" numClasses="0" visitedMethods="1" numMethods="1" />
              <MetadataToken>100663304</MetadataToken>
              <Name>System.String ProjectManager.Entities.Project::get_ProjectName()</Name>
              <FileRef uid="2" />
              <SequencePoints>
                <SequencePoint vc="12" uspid="8" ordinal="0" offset="0" sl="15" sc="37" el="15" ec="41" bec="0" bev="0" fileid="2" />
              </SequencePoints>
              <BranchPoints />
              <MethodPoint xsi:type="SequencePoint" vc="12" uspid="8" ordinal="0" offset="0" sl="15" sc="37" el="15" ec="41" bec="0" bev="0" fileid="2" />
            </Method>
            <Method visited="true" cyclomaticComplexity="1" nPathComplexity="0" sequenceCoverage="100" branchCoverage="100" isConstructor="false" isStatic="false" isGetter="false" isSetter="true">
              <Summary numSequencePoints="1" visitedSequencePoints="1" numBranchPoints="1" visitedBranchPoints="1" sequenceCoverage="100" branchCoverage="100" maxCyclomaticComplexity="1" minCyclomaticComplexity="1" visitedClasses="0" numClasses="0" visitedMethods="1" numMethods="1" />
              <MetadataToken>100663305</MetadataToken>
              <Name>System.Void ProjectManager.Entities.Project::set_ProjectName(System.String)</Name>
              <FileRef uid="2" />
              <SequencePoints>
                <SequencePoint vc="42" uspid="9" ordinal="0" offset="0" sl="15" sc="42" el="15" ec="46" bec="0" bev="0" fileid="2" />
              </SequencePoints>
              <BranchPoints />
              <MethodPoint xsi:type="SequencePoint" vc="42" uspid="9" ordinal="0" offset="0" sl="15" sc="42" el="15" ec="46" bec="0" bev="0" fileid="2" />
            </Method>
            <Method visited="true" cyclomaticComplexity="1" nPathComplexity="0" sequenceCoverage="100" branchCoverage="100" isConstructor="false" isStatic="false" isGetter="true" isSetter="false">
              <Summary numSequencePoints="1" visitedSequencePoints="1" numBranchPoints="1" visitedBranchPoints="1" sequenceCoverage="100" branchCoverage="100" maxCyclomaticComplexity="1" minCyclomaticComplexity="1" visitedClasses="0" numClasses="0" visitedMethods="1" numMethods="1" />
              <MetadataToken>100663306</MetadataToken>
              <Name>System.Int32 ProjectManager.Entities.Project::get_Priority()</Name>
              <FileRef uid="2" />
              <SequencePoints>
                <SequencePoint vc="9" uspid="10" ordinal="0" offset="0" sl="18" sc="31" el="18" ec="35" bec="0" bev="0" fileid="2" />
              </SequencePoints>
              <BranchPoints />
              <MethodPoint xsi:type="SequencePoint" vc="9" uspid="10" ordinal="0" offset="0" sl="18" sc="31" el="18" ec="35" bec="0" bev="0" fileid="2" />
            </Method>
            <Method visited="true" cyclomaticComplexity="1" nPathComplexity="0" sequenceCoverage="100" branchCoverage="100" isConstructor="false" isStatic="false" isGetter="false" isSetter="true">
              <Summary numSequencePoints="1" visitedSequencePoints="1" numBranchPoints="1" visitedBranchPoints="1" sequenceCoverage="100" branchCoverage="100" maxCyclomaticComplexity="1" minCyclomaticComplexity="1" visitedClasses="0" numClasses="0" visitedMethods="1" numMethods="1" />
              <MetadataToken>100663307</MetadataToken>
              <Name>System.Void ProjectManager.Entities.Project::set_Priority(System.Int32)</Name>
              <FileRef uid="2" />
              <SequencePoints>
                <SequencePoint vc="23" uspid="11" ordinal="0" offset="0" sl="18" sc="36" el="18" ec="40" bec="0" bev="0" fileid="2" />
              </SequencePoints>
              <BranchPoints />
              <MethodPoint xsi:type="SequencePoint" vc="23" uspid="11" ordinal="0" offset="0" sl="18" sc="36" el="18" ec="40" bec="0" bev="0" fileid="2" />
            </Method>
            <Method visited="true" cyclomaticComplexity="1" nPathComplexity="0" sequenceCoverage="100" branchCoverage="100" isConstructor="false" isStatic="false" isGetter="true" isSetter="false">
              <Summary numSequencePoints="1" visitedSequencePoints="1" numBranchPoints="1" visitedBranchPoints="1" sequenceCoverage="100" branchCoverage="100" maxCyclomaticComplexity="1" minCyclomaticComplexity="1" visitedClasses="0" numClasses="0" visitedMethods="1" numMethods="1" />
              <MetadataToken>100663308</MetadataToken>
              <Name>System.DateTime ProjectManager.Entities.Project::get_StartDate()</Name>
              <FileRef uid="2" />
              <SequencePoints>
                <SequencePoint vc="9" uspid="12" ordinal="0" offset="0" sl="22" sc="37" el="22" ec="41" bec="0" bev="0" fileid="2" />
              </SequencePoints>
              <BranchPoints />
              <MethodPoint xsi:type="SequencePoint" vc="9" uspid="12" ordinal="0" offset="0" sl="22" sc="37" el="22" ec="41" bec="0" bev="0" fileid="2" />
            </Method>
            <Method visited="true" cyclomaticComplexity="1" nPathComplexity="0" sequenceCoverage="100" branchCoverage="100" isConstructor="false" isStatic="false" isGetter="false" isSetter="true">
              <Summary numSequencePoints="1" visitedSequencePoints="1" numBranchPoints="1" visitedBranchPoints="1" sequenceCoverage="100" branchCoverage="100" maxCyclomaticComplexity="1" minCyclomaticComplexity="1" visitedClasses="0" numClasses="0" visitedMethods="1" numMethods="1" />
              <MetadataToken>100663309</MetadataToken>
              <Name>System.Void ProjectManager.Entities.Project::set_StartDate(System.DateTime)</Name>
              <FileRef uid="2" />
              <SequencePoints>
                <SequencePoint vc="23" uspid="13" ordinal="0" offset="0" sl="22" sc="42" el="22" ec="46" bec="0" bev="0" fileid="2" />
              </SequencePoints>
              <BranchPoints />
              <MethodPoint xsi:type="SequencePoint" vc="23" uspid="13" ordinal="0" offset="0" sl="22" sc="42" el="22" ec="46" bec="0" bev="0" fileid="2" />
            </Method>
            <Method visited="true" cyclomaticComplexity="1" nPathComplexity="0" sequenceCoverage="100" branchCoverage="100" isConstructor="false" isStatic="false" isGetter="true" isSetter="false">
              <Summary numSequencePoints="1" visitedSequencePoints="1" numBranchPoints="1" visitedBranchPoints="1" sequenceCoverage="100" branchCoverage="100" maxCyclomaticComplexity="1" minCyclomaticComplexity="1" visitedClasses="0" numClasses="0" visitedMethods="1" numMethods="1" />
              <MetadataToken>100663310</MetadataToken>
              <Name>System.DateTime ProjectManager.Entities.Project::get_EndDate()</Name>
              <FileRef uid="2" />
              <SequencePoints>
                <SequencePoint vc="9" uspid="14" ordinal="0" offset="0" sl="26" sc="35" el="26" ec="39" bec="0" bev="0" fileid="2" />
              </SequencePoints>
              <BranchPoints />
              <MethodPoint xsi:type="SequencePoint" vc="9" uspid="14" ordinal="0" offset="0" sl="26" sc="35" el="26" ec="39" bec="0" bev="0" fileid="2" />
            </Method>
            <Method visited="true" cyclomaticComplexity="1" nPathComplexity="0" sequenceCoverage="100" branchCoverage="100" isConstructor="false" isStatic="false" isGetter="false" isSetter="true">
              <Summary numSequencePoints="1" visitedSequencePoints="1" numBranchPoints="1" visitedBranchPoints="1" sequenceCoverage="100" branchCoverage="100" maxCyclomaticComplexity="1" minCyclomaticComplexity="1" visitedClasses="0" numClasses="0" visitedMethods="1" numMethods="1" />
              <MetadataToken>100663311</MetadataToken>
              <Name>System.Void ProjectManager.Entities.Project::set_EndDate(System.DateTime)</Name>
              <FileRef uid="2" />
              <SequencePoints>
                <SequencePoint vc="23" uspid="15" ordinal="0" offset="0" sl="26" sc="40" el="26" ec="44" bec="0" bev="0" fileid="2" />
              </SequencePoints>
              <BranchPoints />
              <MethodPoint xsi:type="SequencePoint" vc="23" uspid="15" ordinal="0" offset="0" sl="26" sc="40" el="26" ec="44" bec="0" bev="0" fileid="2" />
            </Method>
            <Method visited="true" cyclomaticComplexity="1" nPathComplexity="0" sequenceCoverage="0" branchCoverage="0" isConstructor="true" isStatic="false" isGetter="false" isSetter="false">
              <Summary numSequencePoints="0" visitedSequencePoints="0" numBranchPoints="0" visitedBranchPoints="0" sequenceCoverage="0" branchCoverage="0" maxCyclomaticComplexity="1" minCyclomaticComplexity="1" visitedClasses="0" numClasses="0" visitedMethods="0" numMethods="0" />
              <MetadataToken>100663312</MetadataToken>
              <Name>System.Void ProjectManager.Entities.Project::.ctor()</Name>
              <SequencePoints />
              <BranchPoints />
              <MethodPoint vc="40" uspid="16" ordinal="0" offset="0" />
            </Method>
          </Methods>
        </Class>
        <Class>
          <Summary numSequencePoints="22" visitedSequencePoints="20" numBranchPoints="22" visitedBranchPoints="20" sequenceCoverage="90.91" branchCoverage="90.91" maxCyclomaticComplexity="1" minCyclomaticComplexity="1" visitedClasses="1" numClasses="1" visitedMethods="20" numMethods="22" />
          <FullName>ProjectManager.Entities.Task</FullName>
          <Methods>
            <Method visited="true" cyclomaticComplexity="1" nPathComplexity="0" sequenceCoverage="100" branchCoverage="100" isConstructor="false" isStatic="false" isGetter="true" isSetter="false">
              <Summary numSequencePoints="1" visitedSequencePoints="1" numBranchPoints="1" visitedBranchPoints="1" sequenceCoverage="100" branchCoverage="100" maxCyclomaticComplexity="1" minCyclomaticComplexity="1" visitedClasses="0" numClasses="0" visitedMethods="1" numMethods="1" />
              <MetadataToken>100663313</MetadataToken>
              <Name>System.Int32 ProjectManager.Entities.Task::get_TaskId()</Name>
              <FileRef uid="3" />
              <SequencePoints>
                <SequencePoint vc="19" uspid="17" ordinal="0" offset="0" sl="12" sc="29" el="12" ec="33" bec="0" bev="0" fileid="3" />
              </SequencePoints>
              <BranchPoints />
              <MethodPoint xsi:type="SequencePoint" vc="19" uspid="17" ordinal="0" offset="0" sl="12" sc="29" el="12" ec="33" bec="0" bev="0" fileid="3" />
            </Method>
            <Method visited="true" cyclomaticComplexity="1" nPathComplexity="0" sequenceCoverage="100" branchCoverage="100" isConstructor="false" isStatic="false" isGetter="false" isSetter="true">
              <Summary numSequencePoints="1" visitedSequencePoints="1" numBranchPoints="1" visitedBranchPoints="1" sequenceCoverage="100" branchCoverage="100" maxCyclomaticComplexity="1" minCyclomaticComplexity="1" visitedClasses="0" numClasses="0" visitedMethods="1" numMethods="1" />
              <MetadataToken>100663314</MetadataToken>
              <Name>System.Void ProjectManager.Entities.Task::set_TaskId(System.Int32)</Name>
              <FileRef uid="3" />
              <SequencePoints>
                <SequencePoint vc="6" uspid="18" ordinal="0" offset="0" sl="12" sc="34" el="12" ec="38" bec="0" bev="0" fileid="3" />
              </SequencePoints>
              <BranchPoints />
              <MethodPoint xsi:type="SequencePoint" vc="6" uspid="18" ordinal="0" offset="0" sl="12" sc="34" el="12" ec="38" bec="0" bev="0" fileid="3" />
            </Method>
            <Method visited="true" cyclomaticComplexity="1" nPathComplexity="0" sequenceCoverage="100" branchCoverage="100" isConstructor="false" isStatic="false" isGetter="true" isSetter="false">
              <Summary numSequencePoints="1" visitedSequencePoints="1" numBranchPoints="1" visitedBranchPoints="1" sequenceCoverage="100" branchCoverage="100" maxCyclomaticComplexity="1" minCyclomaticComplexity="1" visitedClasses="0" numClasses="0" visitedMethods="1" numMethods="1" />
              <MetadataToken>100663315</MetadataToken>
              <Name>System.String ProjectManager.Entities.Task::get_TaskName()</Name>
              <FileRef uid="3" />
              <SequencePoints>
                <SequencePoint vc="16" uspid="19" ordinal="0" offset="0" sl="15" sc="34" el="15" ec="38" bec="0" bev="0" fileid="3" />
              </SequencePoints>
              <BranchPoints />
              <MethodPoint xsi:type="SequencePoint" vc="16" uspid="19" ordinal="0" offset="0" sl="15" sc="34" el="15" ec="38" bec="0" bev="0" fileid="3" />
            </Method>
            <Method visited="true" cyclomaticComplexity="1" nPathComplexity="0" sequenceCoverage="100" branchCoverage="100" isConstructor="false" isStatic="false" isGetter="false" isSetter="true">
              <Summary numSequencePoints="1" visitedSequencePoints="1" numBranchPoints="1" visitedBranchPoints="1" sequenceCoverage="100" branchCoverage="100" maxCyclomaticComplexity="1" minCyclomaticComplexity="1" visitedClasses="0" numClasses="0" visitedMethods="1" numMethods="1" />
              <MetadataToken>100663316</MetadataToken>
              <Name>System.Void ProjectManager.Entities.Task::set_TaskName(System.String)</Name>
              <FileRef uid="3" />
              <SequencePoints>
                <SequencePoint vc="31" uspid="20" ordinal="0" offset="0" sl="15" sc="39" el="15" ec="43" bec="0" bev="0" fileid="3" />
              </SequencePoints>
              <BranchPoints />
              <MethodPoint xsi:type="SequencePoint" vc="31" uspid="20" ordinal="0" offset="0" sl="15" sc="39" el="15" ec="43" bec="0" bev="0" fileid="3" />
            </Method>
            <Method visited="true" cyclomaticComplexity="1" nPathComplexity="0" sequenceCoverage="100" branchCoverage="100" isConstructor="false" isStatic="false" isGetter="true" isSetter="false">
              <Summary numSequencePoints="1" visitedSequencePoints="1" numBranchPoints="1" visitedBranchPoints="1" sequenceCoverage="100" branchCoverage="100" maxCyclomaticComplexity="1" minCyclomaticComplexity="1" visitedClasses="0" numClasses="0" visitedMethods="1" numMethods="1" />
              <MetadataToken>100663317</MetadataToken>
              <Name>System.Int32 ProjectManager.Entities.Task::get_Priority()</Name>
              <FileRef uid="3" />
              <SequencePoints>
                <SequencePoint vc="12" uspid="21" ordinal="0" offset="0" sl="18" sc="31" el="18" ec="35" bec="0" bev="0" fileid="3" />
              </SequencePoints>
              <BranchPoints />
              <MethodPoint xsi:type="SequencePoint" vc="12" uspid="21" ordinal="0" offset="0" sl="18" sc="31" el="18" ec="35" bec="0" bev="0" fileid="3" />
            </Method>
            <Method visited="true" cyclomaticComplexity="1" nPathComplexity="0" sequenceCoverage="100" branchCoverage="100" isConstructor="false" isStatic="false" isGetter="false" isSetter="true">
              <Summary numSequencePoints="1" visitedSequencePoints="1" numBranchPoints="1" visitedBranchPoints="1" sequenceCoverage="100" branchCoverage="100" maxCyclomaticComplexity="1" minCyclomaticComplexity="1" visitedClasses="0" numClasses="0" visitedMethods="1" numMethods="1" />
              <MetadataToken>100663318</MetadataToken>
              <Name>System.Void ProjectManager.Entities.Task::set_Priority(System.Int32)</Name>
              <FileRef uid="3" />
              <SequencePoints>
                <SequencePoint vc="31" uspid="22" ordinal="0" offset="0" sl="18" sc="36" el="18" ec="40" bec="0" bev="0" fileid="3" />
              </SequencePoints>
              <BranchPoints />
              <MethodPoint xsi:type="SequencePoint" vc="31" uspid="22" ordinal="0" offset="0" sl="18" sc="36" el="18" ec="40" bec="0" bev="0" fileid="3" />
            </Method>
            <Method visited="true" cyclomaticComplexity="1" nPathComplexity="0" sequenceCoverage="100" branchCoverage="100" isConstructor="false" isStatic="false" isGetter="true" isSetter="false">
              <Summary numSequencePoints="1" visitedSequencePoints="1" numBranchPoints="1" visitedBranchPoints="1" sequenceCoverage="100" branchCoverage="100" maxCyclomaticComplexity="1" minCyclomaticComplexity="1" visitedClasses="0" numClasses="0" visitedMethods="1" numMethods="1" />
              <MetadataToken>100663319</MetadataToken>
              <Name>System.DateTime ProjectManager.Entities.Task::get_StartDate()</Name>
              <FileRef uid="3" />
              <SequencePoints>
                <SequencePoint vc="12" uspid="23" ordinal="0" offset="0" sl="22" sc="37" el="22" ec="41" bec="0" bev="0" fileid="3" />
              </SequencePoints>
              <BranchPoints />
              <MethodPoint xsi:type="SequencePoint" vc="12" uspid="23" ordinal="0" offset="0" sl="22" sc="37" el="22" ec="41" bec="0" bev="0" fileid="3" />
            </Method>
            <Method visited="true" cyclomaticComplexity="1" nPathComplexity="0" sequenceCoverage="100" branchCoverage="100" isConstructor="false" isStatic="false" isGetter="false" isSetter="true">
              <Summary numSequencePoints="1" visitedSequencePoints="1" numBranchPoints="1" visitedBranchPoints="1" sequenceCoverage="100" branchCoverage="100" maxCyclomaticComplexity="1" minCyclomaticComplexity="1" visitedClasses="0" numClasses="0" visitedMethods="1" numMethods="1" />
              <MetadataToken>100663320</MetadataToken>
              <Name>System.Void ProjectManager.Entities.Task::set_StartDate(System.DateTime)</Name>
              <FileRef uid="3" />
              <SequencePoints>
                <SequencePoint vc="31" uspid="24" ordinal="0" offset="0" sl="22" sc="42" el="22" ec="46" bec="0" bev="0" fileid="3" />
              </SequencePoints>
              <BranchPoints />
              <MethodPoint xsi:type="SequencePoint" vc="31" uspid="24" ordinal="0" offset="0" sl="22" sc="42" el="22" ec="46" bec="0" bev="0" fileid="3" />
            </Method>
            <Method visited="true" cyclomaticComplexity="1" nPathComplexity="0" sequenceCoverage="100" branchCoverage="100" isConstructor="false" isStatic="false" isGetter="true" isSetter="false">
              <Summary numSequencePoints="1" visitedSequencePoints="1" numBranchPoints="1" visitedBranchPoints="1" sequenceCoverage="100" branchCoverage="100" maxCyclomaticComplexity="1" minCyclomaticComplexity="1" visitedClasses="0" numClasses="0" visitedMethods="1" numMethods="1" />
              <MetadataToken>100663321</MetadataToken>
              <Name>System.DateTime ProjectManager.Entities.Task::get_EndDate()</Name>
              <FileRef uid="3" />
              <SequencePoints>
                <SequencePoint vc="12" uspid="25" ordinal="0" offset="0" sl="26" sc="35" el="26" ec="39" bec="0" bev="0" fileid="3" />
              </SequencePoints>
              <BranchPoints />
              <MethodPoint xsi:type="SequencePoint" vc="12" uspid="25" ordinal="0" offset="0" sl="26" sc="35" el="26" ec="39" bec="0" bev="0" fileid="3" />
            </Method>
            <Method visited="true" cyclomaticComplexity="1" nPathComplexity="0" sequenceCoverage="100" branchCoverage="100" isConstructor="false" isStatic="false" isGetter="false" isSetter="true">
              <Summary numSequencePoints="1" visitedSequencePoints="1" numBranchPoints="1" visitedBranchPoints="1" sequenceCoverage="100" branchCoverage="100" maxCyclomaticComplexity="1" minCyclomaticComplexity="1" visitedClasses="0" numClasses="0" visitedMethods="1" numMethods="1" />
              <MetadataToken>100663322</MetadataToken>
              <Name>System.Void ProjectManager.Entities.Task::set_EndDate(System.DateTime)</Name>
              <FileRef uid="3" />
              <SequencePoints>
                <SequencePoint vc="31" uspid="26" ordinal="0" offset="0" sl="26" sc="40" el="26" ec="44" bec="0" bev="0" fileid="3" />
              </SequencePoints>
              <BranchPoints />
              <MethodPoint xsi:type="SequencePoint" vc="31" uspid="26" ordinal="0" offset="0" sl="26" sc="40" el="26" ec="44" bec="0" bev="0" fileid="3" />
            </Method>
            <Method visited="true" cyclomaticComplexity="1" nPathComplexity="0" sequenceCoverage="100" branchCoverage="100" isConstructor="false" isStatic="false" isGetter="true" isSetter="false">
              <Summary numSequencePoints="1" visitedSequencePoints="1" numBranchPoints="1" visitedBranchPoints="1" sequenceCoverage="100" branchCoverage="100" maxCyclomaticComplexity="1" minCyclomaticComplexity="1" visitedClasses="0" numClasses="0" visitedMethods="1" numMethods="1" />
              <MetadataToken>100663323</MetadataToken>
              <Name>ProjectManager.Entities.ParentTask ProjectManager.Entities.Task::get_ParentTask()</Name>
              <FileRef uid="3" />
              <SequencePoints>
                <SequencePoint vc="30" uspid="27" ordinal="0" offset="0" sl="29" sc="40" el="29" ec="44" bec="0" bev="0" fileid="3" />
              </SequencePoints>
              <BranchPoints />
              <MethodPoint xsi:type="SequencePoint" vc="30" uspid="27" ordinal="0" offset="0" sl="29" sc="40" el="29" ec="44" bec="0" bev="0" fileid="3" />
            </Method>
            <Method visited="true" cyclomaticComplexity="1" nPathComplexity="0" sequenceCoverage="100" branchCoverage="100" isConstructor="false" isStatic="false" isGetter="false" isSetter="true">
              <Summary numSequencePoints="1" visitedSequencePoints="1" numBranchPoints="1" visitedBranchPoints="1" sequenceCoverage="100" branchCoverage="100" maxCyclomaticComplexity="1" minCyclomaticComplexity="1" visitedClasses="0" numClasses="0" visitedMethods="1" numMethods="1" />
              <MetadataToken>100663324</MetadataToken>
              <Name>System.Void ProjectManager.Entities.Task::set_ParentTask(ProjectManager.Entities.ParentTask)</Name>
              <FileRef uid="3" />
              <SequencePoints>
                <SequencePoint vc="22" uspid="28" ordinal="0" offset="0" sl="29" sc="45" el="29" ec="49" bec="0" bev="0" fileid="3" />
              </SequencePoints>
              <BranchPoints />
              <MethodPoint xsi:type="SequencePoint" vc="22" uspid="28" ordinal="0" offset="0" sl="29" sc="45" el="29" ec="49" bec="0" bev="0" fileid="3" />
            </Method>
            <Method visited="false" cyclomaticComplexity="1" nPathComplexity="0" sequenceCoverage="0" branchCoverage="0" isConstructor="false" isStatic="false" isGetter="true" isSetter="false">
              <Summary numSequencePoints="1" visitedSequencePoints="0" numBranchPoints="1" visitedBranchPoints="0" sequenceCoverage="0" branchCoverage="0" maxCyclomaticComplexity="1" minCyclomaticComplexity="1" visitedClasses="0" numClasses="0" visitedMethods="0" numMethods="1" />
              <MetadataToken>100663325</MetadataToken>
              <Name>System.Nullable`1&lt;System.Int32&gt; ProjectManager.Entities.Task::get_ParentTaskId()</Name>
              <FileRef uid="3" />
              <SequencePoints>
                <SequencePoint vc="0" uspid="29" ordinal="0" offset="0" sl="31" sc="36" el="31" ec="40" bec="0" bev="0" fileid="3" />
              </SequencePoints>
              <BranchPoints />
              <MethodPoint xsi:type="SequencePoint" vc="0" uspid="29" ordinal="0" offset="0" sl="31" sc="36" el="31" ec="40" bec="0" bev="0" fileid="3" />
            </Method>
            <Method visited="true" cyclomaticComplexity="1" nPathComplexity="0" sequenceCoverage="100" branchCoverage="100" isConstructor="false" isStatic="false" isGetter="false" isSetter="true">
              <Summary numSequencePoints="1" visitedSequencePoints="1" numBranchPoints="1" visitedBranchPoints="1" sequenceCoverage="100" branchCoverage="100" maxCyclomaticComplexity="1" minCyclomaticComplexity="1" visitedClasses="0" numClasses="0" visitedMethods="1" numMethods="1" />
              <MetadataToken>100663326</MetadataToken>
              <Name>System.Void ProjectManager.Entities.Task::set_ParentTaskId(System.Nullable`1&lt;System.Int32&gt;)</Name>
              <FileRef uid="3" />
              <SequencePoints>
                <SequencePoint vc="25" uspid="30" ordinal="0" offset="0" sl="31" sc="41" el="31" ec="45" bec="0" bev="0" fileid="3" />
              </SequencePoints>
              <BranchPoints />
              <MethodPoint xsi:type="SequencePoint" vc="25" uspid="30" ordinal="0" offset="0" sl="31" sc="41" el="31" ec="45" bec="0" bev="0" fileid="3" />
            </Method>
            <Method visited="true" cyclomaticComplexity="1" nPathComplexity="0" sequenceCoverage="100" branchCoverage="100" isConstructor="false" isStatic="false" isGetter="true" isSetter="false">
              <Summary numSequencePoints="1" visitedSequencePoints="1" numBranchPoints="1" visitedBranchPoints="1" sequenceCoverage="100" branchCoverage="100" maxCyclomaticComplexity="1" minCyclomaticComplexity="1" visitedClasses="0" numClasses="0" visitedMethods="1" numMethods="1" />
              <MetadataToken>100663327</MetadataToken>
              <Name>ProjectManager.Entities.TaskStatus ProjectManager.Entities.Task::get_TaskStatus()</Name>
              <FileRef uid="3" />
              <SequencePoints>
                <SequencePoint vc="30" uspid="31" ordinal="0" offset="0" sl="34" sc="40" el="34" ec="44" bec="0" bev="0" fileid="3" />
              </SequencePoints>
              <BranchPoints />
              <MethodPoint xsi:type="SequencePoint" vc="30" uspid="31" ordinal="0" offset="0" sl="34" sc="40" el="34" ec="44" bec="0" bev="0" fileid="3" />
            </Method>
            <Method visited="true" cyclomaticComplexity="1" nPathComplexity="0" sequenceCoverage="100" branchCoverage="100" isConstructor="false" isStatic="false" isGetter="false" isSetter="true">
              <Summary numSequencePoints="1" visitedSequencePoints="1" numBranchPoints="1" visitedBranchPoints="1" sequenceCoverage="100" branchCoverage="100" maxCyclomaticComplexity="1" minCyclomaticComplexity="1" visitedClasses="0" numClasses="0" visitedMethods="1" numMethods="1" />
              <MetadataToken>100663328</MetadataToken>
              <Name>System.Void ProjectManager.Entities.Task::set_TaskStatus(ProjectManager.Entities.TaskStatus)</Name>
              <FileRef uid="3" />
              <SequencePoints>
                <SequencePoint vc="23" uspid="32" ordinal="0" offset="0" sl="34" sc="45" el="34" ec="49" bec="0" bev="0" fileid="3" />
              </SequencePoints>
              <BranchPoints />
              <MethodPoint xsi:type="SequencePoint" vc="23" uspid="32" ordinal="0" offset="0" sl="34" sc="45" el="34" ec="49" bec="0" bev="0" fileid="3" />
            </Method>
            <Method visited="true" cyclomaticComplexity="1" nPathComplexity="0" sequenceCoverage="100" branchCoverage="100" isConstructor="false" isStatic="false" isGetter="true" isSetter="false">
              <Summary numSequencePoints="1" visitedSequencePoints="1" numBranchPoints="1" visitedBranchPoints="1" sequenceCoverage="100" branchCoverage="100" maxCyclomaticComplexity="1" minCyclomaticComplexity="1" visitedClasses="0" numClasses="0" visitedMethods="1" numMethods="1" />
              <MetadataToken>100663329</MetadataToken>
              <Name>System.Nullable`1&lt;System.Int32&gt; ProjectManager.Entities.Task::get_TaskStatusId()</Name>
              <FileRef uid="3" />
              <SequencePoints>
                <SequencePoint vc="12" uspid="33" ordinal="0" offset="0" sl="36" sc="36" el="36" ec="40" bec="0" bev="0" fileid="3" />
              </SequencePoints>
              <BranchPoints />
              <MethodPoint xsi:type="SequencePoint" vc="12" uspid="33" ordinal="0" offset="0" sl="36" sc="36" el="36" ec="40" bec="0" bev="0" fileid="3" />
            </Method>
            <Method visited="true" cyclomaticComplexity="1" nPathComplexity="0" sequenceCoverage="100" branchCoverage="100" isConstructor="false" isStatic="false" isGetter="false" isSetter="true">
              <Summary numSequencePoints="1" visitedSequencePoints="1" numBranchPoints="1" visitedBranchPoints="1" sequenceCoverage="100" branchCoverage="100" maxCyclomaticComplexity="1" minCyclomaticComplexity="1" visitedClasses="0" numClasses="0" visitedMethods="1" numMethods="1" />
              <MetadataToken>100663330</MetadataToken>
              <Name>System.Void ProjectManager.Entities.Task::set_TaskStatusId(System.Nullable`1&lt;System.Int32&gt;)</Name>
              <FileRef uid="3" />
              <SequencePoints>
                <SequencePoint vc="14" uspid="34" ordinal="0" offset="0" sl="36" sc="41" el="36" ec="45" bec="0" bev="0" fileid="3" />
              </SequencePoints>
              <BranchPoints />
              <MethodPoint xsi:type="SequencePoint" vc="14" uspid="34" ordinal="0" offset="0" sl="36" sc="41" el="36" ec="45" bec="0" bev="0" fileid="3" />
            </Method>
            <Method visited="false" cyclomaticComplexity="1" nPathComplexity="0" sequenceCoverage="0" branchCoverage="0" isConstructor="false" isStatic="false" isGetter="true" isSetter="false">
              <Summary numSequencePoints="1" visitedSequencePoints="0" numBranchPoints="1" visitedBranchPoints="0" sequenceCoverage="0" branchCoverage="0" maxCyclomaticComplexity="1" minCyclomaticComplexity="1" visitedClasses="0" numClasses="0" visitedMethods="0" numMethods="1" />
              <MetadataToken>100663331</MetadataToken>
              <Name>ProjectManager.Entities.Project ProjectManager.Entities.Task::get_Project()</Name>
              <FileRef uid="3" />
              <SequencePoints>
                <SequencePoint vc="0" uspid="35" ordinal="0" offset="0" sl="39" sc="34" el="39" ec="38" bec="0" bev="0" fileid="3" />
              </SequencePoints>
              <BranchPoints />
              <MethodPoint xsi:type="SequencePoint" vc="0" uspid="35" ordinal="0" offset="0" sl="39" sc="34" el="39" ec="38" bec="0" bev="0" fileid="3" />
            </Method>
            <Method visited="true" cyclomaticComplexity="1" nPathComplexity="0" sequenceCoverage="100" branchCoverage="100" isConstructor="false" isStatic="false" isGetter="false" isSetter="true">
              <Summary numSequencePoints="1" visitedSequencePoints="1" numBranchPoints="1" visitedBranchPoints="1" sequenceCoverage="100" branchCoverage="100" maxCyclomaticComplexity="1" minCyclomaticComplexity="1" visitedClasses="0" numClasses="0" visitedMethods="1" numMethods="1" />
              <MetadataToken>100663332</MetadataToken>
              <Name>System.Void ProjectManager.Entities.Task::set_Project(ProjectManager.Entities.Project)</Name>
              <FileRef uid="3" />
              <SequencePoints>
                <SequencePoint vc="19" uspid="36" ordinal="0" offset="0" sl="39" sc="39" el="39" ec="43" bec="0" bev="0" fileid="3" />
              </SequencePoints>
              <BranchPoints />
              <MethodPoint xsi:type="SequencePoint" vc="19" uspid="36" ordinal="0" offset="0" sl="39" sc="39" el="39" ec="43" bec="0" bev="0" fileid="3" />
            </Method>
            <Method visited="true" cyclomaticComplexity="1" nPathComplexity="0" sequenceCoverage="100" branchCoverage="100" isConstructor="false" isStatic="false" isGetter="true" isSetter="false">
              <Summary numSequencePoints="1" visitedSequencePoints="1" numBranchPoints="1" visitedBranchPoints="1" sequenceCoverage="100" branchCoverage="100" maxCyclomaticComplexity="1" minCyclomaticComplexity="1" visitedClasses="0" numClasses="0" visitedMethods="1" numMethods="1" />
              <MetadataToken>100663333</MetadataToken>
              <Name>System.Nullable`1&lt;System.Int32&gt; ProjectManager.Entities.Task::get_ProjectId()</Name>
              <FileRef uid="3" />
              <SequencePoints>
                <SequencePoint vc="21" uspid="37" ordinal="0" offset="0" sl="41" sc="33" el="41" ec="37" bec="0" bev="0" fileid="3" />
              </SequencePoints>
              <BranchPoints />
              <MethodPoint xsi:type="SequencePoint" vc="21" uspid="37" ordinal="0" offset="0" sl="41" sc="33" el="41" ec="37" bec="0" bev="0" fileid="3" />
            </Method>
            <Method visited="true" cyclomaticComplexity="1" nPathComplexity="0" sequenceCoverage="100" branchCoverage="100" isConstructor="false" isStatic="false" isGetter="false" isSetter="true">
              <Summary numSequencePoints="1" visitedSequencePoints="1" numBranchPoints="1" visitedBranchPoints="1" sequenceCoverage="100" branchCoverage="100" maxCyclomaticComplexity="1" minCyclomaticComplexity="1" visitedClasses="0" numClasses="0" visitedMethods="1" numMethods="1" />
              <MetadataToken>100663334</MetadataToken>
              <Name>System.Void ProjectManager.Entities.Task::set_ProjectId(System.Nullable`1&lt;System.Int32&gt;)</Name>
              <FileRef uid="3" />
              <SequencePoints>
                <SequencePoint vc="22" uspid="38" ordinal="0" offset="0" sl="41" sc="38" el="41" ec="42" bec="0" bev="0" fileid="3" />
              </SequencePoints>
              <BranchPoints />
              <MethodPoint xsi:type="SequencePoint" vc="22" uspid="38" ordinal="0" offset="0" sl="41" sc="38" el="41" ec="42" bec="0" bev="0" fileid="3" />
            </Method>
            <Method visited="true" cyclomaticComplexity="1" nPathComplexity="0" sequenceCoverage="0" branchCoverage="0" isConstructor="true" isStatic="false" isGetter="false" isSetter="false">
              <Summary numSequencePoints="0" visitedSequencePoints="0" numBranchPoints="0" visitedBranchPoints="0" sequenceCoverage="0" branchCoverage="0" maxCyclomaticComplexity="1" minCyclomaticComplexity="1" visitedClasses="0" numClasses="0" visitedMethods="0" numMethods="0" />
              <MetadataToken>100663335</MetadataToken>
              <Name>System.Void ProjectManager.Entities.Task::.ctor()</Name>
              <SequencePoints />
              <BranchPoints />
              <MethodPoint vc="28" uspid="39" ordinal="0" offset="0" />
            </Method>
          </Methods>
        </Class>
        <Class>
          <Summary numSequencePoints="4" visitedSequencePoints="4" numBranchPoints="4" visitedBranchPoints="4" sequenceCoverage="100" branchCoverage="100" maxCyclomaticComplexity="1" minCyclomaticComplexity="1" visitedClasses="1" numClasses="1" visitedMethods="4" numMethods="4" />
          <FullName>ProjectManager.Entities.TaskStatus</FullName>
          <Methods>
            <Method visited="true" cyclomaticComplexity="1" nPathComplexity="0" sequenceCoverage="100" branchCoverage="100" isConstructor="false" isStatic="false" isGetter="true" isSetter="false">
              <Summary numSequencePoints="1" visitedSequencePoints="1" numBranchPoints="1" visitedBranchPoints="1" sequenceCoverage="100" branchCoverage="100" maxCyclomaticComplexity="1" minCyclomaticComplexity="1" visitedClasses="0" numClasses="0" visitedMethods="1" numMethods="1" />
              <MetadataToken>100663336</MetadataToken>
              <Name>System.Int32 ProjectManager.Entities.TaskStatus::get_Id()</Name>
              <FileRef uid="4" />
              <SequencePoints>
                <SequencePoint vc="9" uspid="40" ordinal="0" offset="0" sl="11" sc="25" el="11" ec="29" bec="0" bev="0" fileid="4" />
              </SequencePoints>
              <BranchPoints />
              <MethodPoint xsi:type="SequencePoint" vc="9" uspid="40" ordinal="0" offset="0" sl="11" sc="25" el="11" ec="29" bec="0" bev="0" fileid="4" />
            </Method>
            <Method visited="true" cyclomaticComplexity="1" nPathComplexity="0" sequenceCoverage="100" branchCoverage="100" isConstructor="false" isStatic="false" isGetter="false" isSetter="true">
              <Summary numSequencePoints="1" visitedSequencePoints="1" numBranchPoints="1" visitedBranchPoints="1" sequenceCoverage="100" branchCoverage="100" maxCyclomaticComplexity="1" minCyclomaticComplexity="1" visitedClasses="0" numClasses="0" visitedMethods="1" numMethods="1" />
              <MetadataToken>100663337</MetadataToken>
              <Name>System.Void ProjectManager.Entities.TaskStatus::set_Id(System.Int32)</Name>
              <FileRef uid="4" />
              <SequencePoints>
                <SequencePoint vc="22" uspid="41" ordinal="0" offset="0" sl="11" sc="30" el="11" ec="34" bec="0" bev="0" fileid="4" />
              </SequencePoints>
              <BranchPoints />
              <MethodPoint xsi:type="SequencePoint" vc="22" uspid="41" ordinal="0" offset="0" sl="11" sc="30" el="11" ec="34" bec="0" bev="0" fileid="4" />
            </Method>
            <Method visited="true" cyclomaticComplexity="1" nPathComplexity="0" sequenceCoverage="100" branchCoverage="100" isConstructor="false" isStatic="false" isGetter="true" isSetter="false">
              <Summary numSequencePoints="1" visitedSequencePoints="1" numBranchPoints="1" visitedBranchPoints="1" sequenceCoverage="100" branchCoverage="100" maxCyclomaticComplexity="1" minCyclomaticComplexity="1" visitedClasses="0" numClasses="0" visitedMethods="1" numMethods="1" />
              <MetadataToken>100663338</MetadataToken>
              <Name>System.String ProjectManager.Entities.TaskStatus::get_Name()</Name>
              <FileRef uid="4" />
              <SequencePoints>
                <SequencePoint vc="9" uspid="42" ordinal="0" offset="0" sl="14" sc="30" el="14" ec="34" bec="0" bev="0" fileid="4" />
              </SequencePoints>
              <BranchPoints />
              <MethodPoint xsi:type="SequencePoint" vc="9" uspid="42" ordinal="0" offset="0" sl="14" sc="30" el="14" ec="34" bec="0" bev="0" fileid="4" />
            </Method>
            <Method visited="true" cyclomaticComplexity="1" nPathComplexity="0" sequenceCoverage="100" branchCoverage="100" isConstructor="false" isStatic="false" isGetter="false" isSetter="true">
              <Summary numSequencePoints="1" visitedSequencePoints="1" numBranchPoints="1" visitedBranchPoints="1" sequenceCoverage="100" branchCoverage="100" maxCyclomaticComplexity="1" minCyclomaticComplexity="1" visitedClasses="0" numClasses="0" visitedMethods="1" numMethods="1" />
              <MetadataToken>100663339</MetadataToken>
              <Name>System.Void ProjectManager.Entities.TaskStatus::set_Name(System.String)</Name>
              <FileRef uid="4" />
              <SequencePoints>
                <SequencePoint vc="19" uspid="43" ordinal="0" offset="0" sl="14" sc="35" el="14" ec="39" bec="0" bev="0" fileid="4" />
              </SequencePoints>
              <BranchPoints />
              <MethodPoint xsi:type="SequencePoint" vc="19" uspid="43" ordinal="0" offset="0" sl="14" sc="35" el="14" ec="39" bec="0" bev="0" fileid="4" />
            </Method>
            <Method visited="true" cyclomaticComplexity="1" nPathComplexity="0" sequenceCoverage="0" branchCoverage="0" isConstructor="true" isStatic="false" isGetter="false" isSetter="false">
              <Summary numSequencePoints="0" visitedSequencePoints="0" numBranchPoints="0" visitedBranchPoints="0" sequenceCoverage="0" branchCoverage="0" maxCyclomaticComplexity="1" minCyclomaticComplexity="1" visitedClasses="0" numClasses="0" visitedMethods="0" numMethods="0" />
              <MetadataToken>100663340</MetadataToken>
              <Name>System.Void ProjectManager.Entities.TaskStatus::.ctor()</Name>
              <SequencePoints />
              <BranchPoints />
              <MethodPoint vc="22" uspid="44" ordinal="0" offset="0" />
            </Method>
          </Methods>
        </Class>
        <Class>
          <Summary numSequencePoints="16" visitedSequencePoints="16" numBranchPoints="16" visitedBranchPoints="16" sequenceCoverage="100" branchCoverage="100" maxCyclomaticComplexity="1" minCyclomaticComplexity="1" visitedClasses="1" numClasses="1" visitedMethods="16" numMethods="16" />
          <FullName>ProjectManager.Entities.User</FullName>
          <Methods>
            <Method visited="true" cyclomaticComplexity="1" nPathComplexity="0" sequenceCoverage="100" branchCoverage="100" isConstructor="false" isStatic="false" isGetter="true" isSetter="false">
              <Summary numSequencePoints="1" visitedSequencePoints="1" numBranchPoints="1" visitedBranchPoints="1" sequenceCoverage="100" branchCoverage="100" maxCyclomaticComplexity="1" minCyclomaticComplexity="1" visitedClasses="0" numClasses="0" visitedMethods="1" numMethods="1" />
              <MetadataToken>100663341</MetadataToken>
              <Name>System.Int32 ProjectManager.Entities.User::get_UserId()</Name>
              <FileRef uid="5" />
              <SequencePoints>
                <SequencePoint vc="11" uspid="45" ordinal="0" offset="0" sl="11" sc="29" el="11" ec="33" bec="0" bev="0" fileid="5" />
              </SequencePoints>
              <BranchPoints />
              <MethodPoint xsi:type="SequencePoint" vc="11" uspid="45" ordinal="0" offset="0" sl="11" sc="29" el="11" ec="33" bec="0" bev="0" fileid="5" />
            </Method>
            <Method visited="true" cyclomaticComplexity="1" nPathComplexity="0" sequenceCoverage="100" branchCoverage="100" isConstructor="false" isStatic="false" isGetter="false" isSetter="true">
              <Summary numSequencePoints="1" visitedSequencePoints="1" numBranchPoints="1" visitedBranchPoints="1" sequenceCoverage="100" branchCoverage="100" maxCyclomaticComplexity="1" minCyclomaticComplexity="1" visitedClasses="0" numClasses="0" visitedMethods="1" numMethods="1" />
              <MetadataToken>100663342</MetadataToken>
              <Name>System.Void ProjectManager.Entities.User::set_UserId(System.Int32)</Name>
              <FileRef uid="5" />
              <SequencePoints>
                <SequencePoint vc="10" uspid="46" ordinal="0" offset="0" sl="11" sc="34" el="11" ec="38" bec="0" bev="0" fileid="5" />
              </SequencePoints>
              <BranchPoints />
              <MethodPoint xsi:type="SequencePoint" vc="10" uspid="46" ordinal="0" offset="0" sl="11" sc="34" el="11" ec="38" bec="0" bev="0" fileid="5" />
            </Method>
            <Method visited="true" cyclomaticComplexity="1" nPathComplexity="0" sequenceCoverage="100" branchCoverage="100" isConstructor="false" isStatic="false" isGetter="true" isSetter="false">
              <Summary numSequencePoints="1" visitedSequencePoints="1" numBranchPoints="1" visitedBranchPoints="1" sequenceCoverage="100" branchCoverage="100" maxCyclomaticComplexity="1" minCyclomaticComplexity="1" visitedClasses="0" numClasses="0" visitedMethods="1" numMethods="1" />
              <MetadataToken>100663343</MetadataToken>
              <Name>System.String ProjectManager.Entities.User::get_FirstName()</Name>
              <FileRef uid="5" />
              <SequencePoints>
                <SequencePoint vc="12" uspid="47" ordinal="0" offset="0" sl="14" sc="35" el="14" ec="39" bec="0" bev="0" fileid="5" />
              </SequencePoints>
              <BranchPoints />
              <MethodPoint xsi:type="SequencePoint" vc="12" uspid="47" ordinal="0" offset="0" sl="14" sc="35" el="14" ec="39" bec="0" bev="0" fileid="5" />
            </Method>
            <Method visited="true" cyclomaticComplexity="1" nPathComplexity="0" sequenceCoverage="100" branchCoverage="100" isConstructor="false" isStatic="false" isGetter="false" isSetter="true">
              <Summary numSequencePoints="1" visitedSequencePoints="1" numBranchPoints="1" visitedBranchPoints="1" sequenceCoverage="100" branchCoverage="100" maxCyclomaticComplexity="1" minCyclomaticComplexity="1" visitedClasses="0" numClasses="0" visitedMethods="1" numMethods="1" />
              <MetadataToken>100663344</MetadataToken>
              <Name>System.Void ProjectManager.Entities.User::set_FirstName(System.String)</Name>
              <FileRef uid="5" />
              <SequencePoints>
                <SequencePoint vc="14" uspid="48" ordinal="0" offset="0" sl="14" sc="40" el="14" ec="44" bec="0" bev="0" fileid="5" />
              </SequencePoints>
              <BranchPoints />
              <MethodPoint xsi:type="SequencePoint" vc="14" uspid="48" ordinal="0" offset="0" sl="14" sc="40" el="14" ec="44" bec="0" bev="0" fileid="5" />
            </Method>
            <Method visited="true" cyclomaticComplexity="1" nPathComplexity="0" sequenceCoverage="100" branchCoverage="100" isConstructor="false" isStatic="false" isGetter="true" isSetter="false">
              <Summary numSequencePoints="1" visitedSequencePoints="1" numBranchPoints="1" visitedBranchPoints="1" sequenceCoverage="100" branchCoverage="100" maxCyclomaticComplexity="1" minCyclomaticComplexity="1" visitedClasses="0" numClasses="0" visitedMethods="1" numMethods="1" />
              <MetadataToken>100663345</MetadataToken>
              <Name>System.String ProjectManager.Entities.User::get_LastName()</Name>
              <FileRef uid="5" />
              <SequencePoints>
                <SequencePoint vc="12" uspid="49" ordinal="0" offset="0" sl="17" sc="34" el="17" ec="38" bec="0" bev="0" fileid="5" />
              </SequencePoints>
              <BranchPoints />
              <MethodPoint xsi:type="SequencePoint" vc="12" uspid="49" ordinal="0" offset="0" sl="17" sc="34" el="17" ec="38" bec="0" bev="0" fileid="5" />
            </Method>
            <Method visited="true" cyclomaticComplexity="1" nPathComplexity="0" sequenceCoverage="100" branchCoverage="100" isConstructor="false" isStatic="false" isGetter="false" isSetter="true">
              <Summary numSequencePoints="1" visitedSequencePoints="1" numBranchPoints="1" visitedBranchPoints="1" sequenceCoverage="100" branchCoverage="100" maxCyclomaticComplexity="1" minCyclomaticComplexity="1" visitedClasses="0" numClasses="0" visitedMethods="1" numMethods="1" />
              <MetadataToken>100663346</MetadataToken>
              <Name>System.Void ProjectManager.Entities.User::set_LastName(System.String)</Name>
              <FileRef uid="5" />
              <SequencePoints>
                <SequencePoint vc="14" uspid="50" ordinal="0" offset="0" sl="17" sc="39" el="17" ec="43" bec="0" bev="0" fileid="5" />
              </SequencePoints>
              <BranchPoints />
              <MethodPoint xsi:type="SequencePoint" vc="14" uspid="50" ordinal="0" offset="0" sl="17" sc="39" el="17" ec="43" bec="0" bev="0" fileid="5" />
            </Method>
            <Method visited="true" cyclomaticComplexity="1" nPathComplexity="0" sequenceCoverage="100" branchCoverage="100" isConstructor="false" isStatic="false" isGetter="true" isSetter="false">
              <Summary numSequencePoints="1" visitedSequencePoints="1" numBranchPoints="1" visitedBranchPoints="1" sequenceCoverage="100" branchCoverage="100" maxCyclomaticComplexity="1" minCyclomaticComplexity="1" visitedClasses="0" numClasses="0" visitedMethods="1" numMethods="1" />
              <MetadataToken>100663347</MetadataToken>
              <Name>System.String ProjectManager.Entities.User::get_EmployeeId()</Name>
              <FileRef uid="5" />
              <SequencePoints>
                <SequencePoint vc="10" uspid="51" ordinal="0" offset="0" sl="20" sc="36" el="20" ec="40" bec="0" bev="0" fileid="5" />
              </SequencePoints>
              <BranchPoints />
              <MethodPoint xsi:type="SequencePoint" vc="10" uspid="51" ordinal="0" offset="0" sl="20" sc="36" el="20" ec="40" bec="0" bev="0" fileid="5" />
            </Method>
            <Method visited="true" cyclomaticComplexity="1" nPathComplexity="0" sequenceCoverage="100" branchCoverage="100" isConstructor="false" isStatic="false" isGetter="false" isSetter="true">
              <Summary numSequencePoints="1" visitedSequencePoints="1" numBranchPoints="1" visitedBranchPoints="1" sequenceCoverage="100" branchCoverage="100" maxCyclomaticComplexity="1" minCyclomaticComplexity="1" visitedClasses="0" numClasses="0" visitedMethods="1" numMethods="1" />
              <MetadataToken>100663348</MetadataToken>
              <Name>System.Void ProjectManager.Entities.User::set_EmployeeId(System.String)</Name>
              <FileRef uid="5" />
              <SequencePoints>
                <SequencePoint vc="14" uspid="52" ordinal="0" offset="0" sl="20" sc="41" el="20" ec="45" bec="0" bev="0" fileid="5" />
              </SequencePoints>
              <BranchPoints />
              <MethodPoint xsi:type="SequencePoint" vc="14" uspid="52" ordinal="0" offset="0" sl="20" sc="41" el="20" ec="45" bec="0" bev="0" fileid="5" />
            </Method>
            <Method visited="true" cyclomaticComplexity="1" nPathComplexity="0" sequenceCoverage="100" branchCoverage="100" isConstructor="false" isStatic="false" isGetter="true" isSetter="false">
              <Summary numSequencePoints="1" visitedSequencePoints="1" numBranchPoints="1" visitedBranchPoints="1" sequenceCoverage="100" branchCoverage="100" maxCyclomaticComplexity="1" minCyclomaticComplexity="1" visitedClasses="0" numClasses="0" visitedMethods="1" numMethods="1" />
              <MetadataToken>100663349</MetadataToken>
              <Name>ProjectManager.Entities.Project ProjectManager.Entities.User::get_Project()</Name>
              <FileRef uid="5" />
              <SequencePoints>
                <SequencePoint vc="10" uspid="53" ordinal="0" offset="0" sl="23" sc="34" el="23" ec="38" bec="0" bev="0" fileid="5" />
              </SequencePoints>
              <BranchPoints />
              <MethodPoint xsi:type="SequencePoint" vc="10" uspid="53" ordinal="0" offset="0" sl="23" sc="34" el="23" ec="38" bec="0" bev="0" fileid="5" />
            </Method>
            <Method visited="true" cyclomaticComplexity="1" nPathComplexity="0" sequenceCoverage="100" branchCoverage="100" isConstructor="false" isStatic="false" isGetter="false" isSetter="true">
              <Summary numSequencePoints="1" visitedSequencePoints="1" numBranchPoints="1" visitedBranchPoints="1" sequenceCoverage="100" branchCoverage="100" maxCyclomaticComplexity="1" minCyclomaticComplexity="1" visitedClasses="0" numClasses="0" visitedMethods="1" numMethods="1" />
              <MetadataToken>100663350</MetadataToken>
              <Name>System.Void ProjectManager.Entities.User::set_Project(ProjectManager.Entities.Project)</Name>
              <FileRef uid="5" />
              <SequencePoints>
                <SequencePoint vc="11" uspid="54" ordinal="0" offset="0" sl="23" sc="39" el="23" ec="43" bec="0" bev="0" fileid="5" />
              </SequencePoints>
              <BranchPoints />
              <MethodPoint xsi:type="SequencePoint" vc="11" uspid="54" ordinal="0" offset="0" sl="23" sc="39" el="23" ec="43" bec="0" bev="0" fileid="5" />
            </Method>
            <Method visited="true" cyclomaticComplexity="1" nPathComplexity="0" sequenceCoverage="100" branchCoverage="100" isConstructor="false" isStatic="false" isGetter="true" isSetter="false">
              <Summary numSequencePoints="1" visitedSequencePoints="1" numBranchPoints="1" visitedBranchPoints="1" sequenceCoverage="100" branchCoverage="100" maxCyclomaticComplexity="1" minCyclomaticComplexity="1" visitedClasses="0" numClasses="0" visitedMethods="1" numMethods="1" />
              <MetadataToken>100663351</MetadataToken>
              <Name>System.Nullable`1&lt;System.Int32&gt; ProjectManager.Entities.User::get_ProjectId()</Name>
              <FileRef uid="5" />
              <SequencePoints>
                <SequencePoint vc="9" uspid="55" ordinal="0" offset="0" sl="25" sc="33" el="25" ec="37" bec="0" bev="0" fileid="5" />
              </SequencePoints>
              <BranchPoints />
              <MethodPoint xsi:type="SequencePoint" vc="9" uspid="55" ordinal="0" offset="0" sl="25" sc="33" el="25" ec="37" bec="0" bev="0" fileid="5" />
            </Method>
            <Method visited="true" cyclomaticComplexity="1" nPathComplexity="0" sequenceCoverage="100" branchCoverage="100" isConstructor="false" isStatic="false" isGetter="false" isSetter="true">
              <Summary numSequencePoints="1" visitedSequencePoints="1" numBranchPoints="1" visitedBranchPoints="1" sequenceCoverage="100" branchCoverage="100" maxCyclomaticComplexity="1" minCyclomaticComplexity="1" visitedClasses="0" numClasses="0" visitedMethods="1" numMethods="1" />
              <MetadataToken>100663352</MetadataToken>
              <Name>System.Void ProjectManager.Entities.User::set_ProjectId(System.Nullable`1&lt;System.Int32&gt;)</Name>
              <FileRef uid="5" />
              <SequencePoints>
                <SequencePoint vc="12" uspid="56" ordinal="0" offset="0" sl="25" sc="38" el="25" ec="42" bec="0" bev="0" fileid="5" />
              </SequencePoints>
              <BranchPoints />
              <MethodPoint xsi:type="SequencePoint" vc="12" uspid="56" ordinal="0" offset="0" sl="25" sc="38" el="25" ec="42" bec="0" bev="0" fileid="5" />
            </Method>
            <Method visited="true" cyclomaticComplexity="1" nPathComplexity="0" sequenceCoverage="100" branchCoverage="100" isConstructor="false" isStatic="false" isGetter="true" isSetter="false">
              <Summary numSequencePoints="1" visitedSequencePoints="1" numBranchPoints="1" visitedBranchPoints="1" sequenceCoverage="100" branchCoverage="100" maxCyclomaticComplexity="1" minCyclomaticComplexity="1" visitedClasses="0" numClasses="0" visitedMethods="1" numMethods="1" />
              <MetadataToken>100663353</MetadataToken>
              <Name>ProjectManager.Entities.Task ProjectManager.Entities.User::get_Task()</Name>
              <FileRef uid="5" />
              <SequencePoints>
                <SequencePoint vc="10" uspid="57" ordinal="0" offset="0" sl="28" sc="28" el="28" ec="32" bec="0" bev="0" fileid="5" />
              </SequencePoints>
              <BranchPoints />
              <MethodPoint xsi:type="SequencePoint" vc="10" uspid="57" ordinal="0" offset="0" sl="28" sc="28" el="28" ec="32" bec="0" bev="0" fileid="5" />
            </Method>
            <Method visited="true" cyclomaticComplexity="1" nPathComplexity="0" sequenceCoverage="100" branchCoverage="100" isConstructor="false" isStatic="false" isGetter="false" isSetter="true">
              <Summary numSequencePoints="1" visitedSequencePoints="1" numBranchPoints="1" visitedBranchPoints="1" sequenceCoverage="100" branchCoverage="100" maxCyclomaticComplexity="1" minCyclomaticComplexity="1" visitedClasses="0" numClasses="0" visitedMethods="1" numMethods="1" />
              <MetadataToken>100663354</MetadataToken>
              <Name>System.Void ProjectManager.Entities.User::set_Task(ProjectManager.Entities.Task)</Name>
              <FileRef uid="5" />
              <SequencePoints>
                <SequencePoint vc="12" uspid="58" ordinal="0" offset="0" sl="28" sc="33" el="28" ec="37" bec="0" bev="0" fileid="5" />
              </SequencePoints>
              <BranchPoints />
              <MethodPoint xsi:type="SequencePoint" vc="12" uspid="58" ordinal="0" offset="0" sl="28" sc="33" el="28" ec="37" bec="0" bev="0" fileid="5" />
            </Method>
            <Method visited="true" cyclomaticComplexity="1" nPathComplexity="0" sequenceCoverage="100" branchCoverage="100" isConstructor="false" isStatic="false" isGetter="true" isSetter="false">
              <Summary numSequencePoints="1" visitedSequencePoints="1" numBranchPoints="1" visitedBranchPoints="1" sequenceCoverage="100" branchCoverage="100" maxCyclomaticComplexity="1" minCyclomaticComplexity="1" visitedClasses="0" numClasses="0" visitedMethods="1" numMethods="1" />
              <MetadataToken>100663355</MetadataToken>
              <Name>System.Nullable`1&lt;System.Int32&gt; ProjectManager.Entities.User::get_TaskId()</Name>
              <FileRef uid="5" />
              <SequencePoints>
                <SequencePoint vc="9" uspid="59" ordinal="0" offset="0" sl="30" sc="30" el="30" ec="34" bec="0" bev="0" fileid="5" />
              </SequencePoints>
              <BranchPoints />
              <MethodPoint xsi:type="SequencePoint" vc="9" uspid="59" ordinal="0" offset="0" sl="30" sc="30" el="30" ec="34" bec="0" bev="0" fileid="5" />
            </Method>
            <Method visited="true" cyclomaticComplexity="1" nPathComplexity="0" sequenceCoverage="100" branchCoverage="100" isConstructor="false" isStatic="false" isGetter="false" isSetter="true">
              <Summary numSequencePoints="1" visitedSequencePoints="1" numBranchPoints="1" visitedBranchPoints="1" sequenceCoverage="100" branchCoverage="100" maxCyclomaticComplexity="1" minCyclomaticComplexity="1" visitedClasses="0" numClasses="0" visitedMethods="1" numMethods="1" />
              <MetadataToken>100663356</MetadataToken>
              <Name>System.Void ProjectManager.Entities.User::set_TaskId(System.Nullable`1&lt;System.Int32&gt;)</Name>
              <FileRef uid="5" />
              <SequencePoints>
                <SequencePoint vc="12" uspid="60" ordinal="0" offset="0" sl="30" sc="35" el="30" ec="39" bec="0" bev="0" fileid="5" />
              </SequencePoints>
              <BranchPoints />
              <MethodPoint xsi:type="SequencePoint" vc="12" uspid="60" ordinal="0" offset="0" sl="30" sc="35" el="30" ec="39" bec="0" bev="0" fileid="5" />
            </Method>
            <Method visited="true" cyclomaticComplexity="1" nPathComplexity="0" sequenceCoverage="0" branchCoverage="0" isConstructor="true" isStatic="false" isGetter="false" isSetter="false">
              <Summary numSequencePoints="0" visitedSequencePoints="0" numBranchPoints="0" visitedBranchPoints="0" sequenceCoverage="0" branchCoverage="0" maxCyclomaticComplexity="1" minCyclomaticComplexity="1" visitedClasses="0" numClasses="0" visitedMethods="0" numMethods="0" />
              <MetadataToken>100663357</MetadataToken>
              <Name>System.Void ProjectManager.Entities.User::.ctor()</Name>
              <SequencePoints />
              <BranchPoints />
              <MethodPoint vc="12" uspid="61" ordinal="0" offset="0" />
            </Method>
          </Methods>
        </Class>
      </Classes>
    </Module>
    <Module hash="F7-A6-46-8F-82-AE-71-12-BE-30-4D-07-02-46-98-4D-F0-C8-1E-99">
      <Summary numSequencePoints="282" visitedSequencePoints="278" numBranchPoints="117" visitedBranchPoints="107" sequenceCoverage="98.58" branchCoverage="91.45" maxCyclomaticComplexity="6" minCyclomaticComplexity="1" visitedClasses="9" numClasses="9" visitedMethods="73" numMethods="77" />
      <ModulePath>C:\FSD\FINAL ASSESSMENT\ProjectManagerService\ProjectManager.Tests\bin\Debug\ProjectManager.BusinessLayer.dll</ModulePath>
      <ModuleTime>2018-11-03T02:47:54.7207121Z</ModuleTime>
      <ModuleName>ProjectManager.BusinessLayer</ModuleName>
      <Files>
        <File uid="11" fullPath="C:\FSD\FINAL ASSESSMENT\ProjectManagerService\ProjectManager.BusinessLayer\ProjectManagerService.cs" />
        <File uid="12" fullPath="C:\FSD\FINAL ASSESSMENT\ProjectManagerService\ProjectManager.BusinessLayer\Mapper\ProjectManagerMapper.cs" />
        <File uid="16" fullPath="C:\FSD\FINAL ASSESSMENT\ProjectManagerService\ProjectManager.BusinessLayer\BusinessEntities\ProjectEntity.cs" />
        <File uid="17" fullPath="C:\FSD\FINAL ASSESSMENT\ProjectManagerService\ProjectManager.BusinessLayer\BusinessEntities\TaskEntity.cs" />
        <File uid="18" fullPath="C:\FSD\FINAL ASSESSMENT\ProjectManagerService\ProjectManager.BusinessLayer\BusinessEntities\TaskStatusEntity.cs" />
        <File uid="19" fullPath="C:\FSD\FINAL ASSESSMENT\ProjectManagerService\ProjectManager.BusinessLayer\BusinessEntities\UserEntity.cs" />
      </Files>
      <Classes>
        <Class>
          <Summary numSequencePoints="0" visitedSequencePoints="0" numBranchPoints="0" visitedBranchPoints="0" sequenceCoverage="0" branchCoverage="0" maxCyclomaticComplexity="0" minCyclomaticComplexity="0" visitedClasses="0" numClasses="0" visitedMethods="0" numMethods="0" />
          <FullName>&lt;Module&gt;</FullName>
          <Methods />
        </Class>
        <Class>
          <Summary numSequencePoints="72" visitedSequencePoints="72" numBranchPoints="16" visitedBranchPoints="16" sequenceCoverage="100" branchCoverage="100" maxCyclomaticComplexity="1" minCyclomaticComplexity="1" visitedClasses="1" numClasses="1" visitedMethods="16" numMethods="16" />
          <FullName>ProjectManager.BusinessLayer.ProjectManagerService</FullName>
          <Methods>
            <Method visited="true" cyclomaticComplexity="1" nPathComplexity="0" sequenceCoverage="100" branchCoverage="100" isConstructor="true" isStatic="false" isGetter="false" isSetter="false">
              <Summary numSequencePoints="6" visitedSequencePoints="6" numBranchPoints="1" visitedBranchPoints="1" sequenceCoverage="100" branchCoverage="100" maxCyclomaticComplexity="1" minCyclomaticComplexity="1" visitedClasses="0" numClasses="0" visitedMethods="1" numMethods="1" />
              <MetadataToken>100663297</MetadataToken>
              <Name>System.Void ProjectManager.BusinessLayer.ProjectManagerService::.ctor(ProjectManager.DataLayer.Repository.IRepository`1&lt;ProjectManager.Entities.Task&gt;,ProjectManager.DataLayer.Repository.IRepository`1&lt;ProjectManager.Entities.Project&gt;,ProjectManager.DataLayer.Repository.IRepository`1&lt;ProjectManager.Entities.User&gt;)</Name>
              <FileRef uid="11" />
              <SequencePoints>
                <SequencePoint vc="1" uspid="62" ordinal="0" offset="0" sl="22" sc="9" el="23" ec="86" bec="0" bev="0" fileid="11" />
                <SequencePoint vc="1" uspid="63" ordinal="1" offset="7" sl="24" sc="9" el="24" ec="10" bec="0" bev="0" fileid="11" />
                <SequencePoint vc="1" uspid="64" ordinal="2" offset="8" sl="25" sc="13" el="25" ec="50" bec="0" bev="0" fileid="11" />
                <SequencePoint vc="1" uspid="65" ordinal="3" offset="15" sl="26" sc="13" el="26" ec="56" bec="0" bev="0" fileid="11" />
                <SequencePoint vc="1" uspid="66" ordinal="4" offset="22" sl="27" sc="13" el="27" ec="50" bec="0" bev="0" fileid="11" />
                <SequencePoint vc="1" uspid="67" ordinal="5" offset="29" sl="28" sc="9" el="28" ec="10" bec="0" bev="0" fileid="11" />
              </SequencePoints>
              <BranchPoints />
              <MethodPoint xsi:type="SequencePoint" vc="1" uspid="62" ordinal="0" offset="0" sl="22" sc="9" el="23" ec="86" bec="0" bev="0" fileid="11" />
            </Method>
            <Method visited="true" cyclomaticComplexity="1" nPathComplexity="0" sequenceCoverage="100" branchCoverage="100" isConstructor="false" isStatic="false" isGetter="false" isSetter="false">
              <Summary numSequencePoints="4" visitedSequencePoints="4" numBranchPoints="1" visitedBranchPoints="1" sequenceCoverage="100" branchCoverage="100" maxCyclomaticComplexity="1" minCyclomaticComplexity="1" visitedClasses="0" numClasses="0" visitedMethods="1" numMethods="1" />
              <MetadataToken>100663298</MetadataToken>
              <Name>System.Int32 ProjectManager.BusinessLayer.ProjectManagerService::AddProject(ProjectManager.BusinessLayer.BusinessEntities.ProjectEntity)</Name>
              <FileRef uid="11" />
              <SequencePoints>
                <SequencePoint vc="1" uspid="68" ordinal="0" offset="0" sl="31" sc="9" el="31" ec="10" bec="0" bev="0" fileid="11" />
                <SequencePoint vc="1" uspid="69" ordinal="1" offset="1" sl="33" sc="13" el="33" ec="70" bec="0" bev="0" fileid="11" />
                <SequencePoint vc="1" uspid="70" ordinal="2" offset="19" sl="34" sc="13" el="34" ec="38" bec="0" bev="0" fileid="11" />
                <SequencePoint vc="1" uspid="71" ordinal="3" offset="28" sl="35" sc="9" el="35" ec="10" bec="0" bev="0" fileid="11" />
              </SequencePoints>
              <BranchPoints />
              <MethodPoint xsi:type="SequencePoint" vc="1" uspid="68" ordinal="0" offset="0" sl="31" sc="9" el="31" ec="10" bec="0" bev="0" fileid="11" />
            </Method>
            <Method visited="true" cyclomaticComplexity="1" nPathComplexity="0" sequenceCoverage="100" branchCoverage="100" isConstructor="false" isStatic="false" isGetter="false" isSetter="false">
              <Summary numSequencePoints="4" visitedSequencePoints="4" numBranchPoints="1" visitedBranchPoints="1" sequenceCoverage="100" branchCoverage="100" maxCyclomaticComplexity="1" minCyclomaticComplexity="1" visitedClasses="0" numClasses="0" visitedMethods="1" numMethods="1" />
              <MetadataToken>100663299</MetadataToken>
              <Name>System.Int32 ProjectManager.BusinessLayer.ProjectManagerService::AddTask(ProjectManager.BusinessLayer.BusinessEntities.TaskEntity)</Name>
              <FileRef uid="11" />
              <SequencePoints>
                <SequencePoint vc="1" uspid="72" ordinal="0" offset="0" sl="38" sc="9" el="38" ec="10" bec="0" bev="0" fileid="11" />
                <SequencePoint vc="1" uspid="73" ordinal="1" offset="1" sl="39" sc="13" el="39" ec="69" bec="0" bev="0" fileid="11" />
                <SequencePoint vc="1" uspid="74" ordinal="2" offset="19" sl="40" sc="13" el="40" ec="40" bec="0" bev="0" fileid="11" />
                <SequencePoint vc="1" uspid="75" ordinal="3" offset="28" sl="41" sc="9" el="41" ec="10" bec="0" bev="0" fileid="11" />
              </SequencePoints>
              <BranchPoints />
              <MethodPoint xsi:type="SequencePoint" vc="1" uspid="72" ordinal="0" offset="0" sl="38" sc="9" el="38" ec="10" bec="0" bev="0" fileid="11" />
            </Method>
            <Method visited="true" cyclomaticComplexity="1" nPathComplexity="0" sequenceCoverage="100" branchCoverage="100" isConstructor="false" isStatic="false" isGetter="false" isSetter="false">
              <Summary numSequencePoints="4" visitedSequencePoints="4" numBranchPoints="1" visitedBranchPoints="1" sequenceCoverage="100" branchCoverage="100" maxCyclomaticComplexity="1" minCyclomaticComplexity="1" visitedClasses="0" numClasses="0" visitedMethods="1" numMethods="1" />
              <MetadataToken>100663300</MetadataToken>
              <Name>System.Int32 ProjectManager.BusinessLayer.ProjectManagerService::AddUser(ProjectManager.BusinessLayer.BusinessEntities.UserEntity)</Name>
              <FileRef uid="11" />
              <SequencePoints>
                <SequencePoint vc="1" uspid="76" ordinal="0" offset="0" sl="44" sc="9" el="44" ec="10" bec="0" bev="0" fileid="11" />
                <SequencePoint vc="1" uspid="77" ordinal="1" offset="1" sl="45" sc="13" el="45" ec="61" bec="0" bev="0" fileid="11" />
                <SequencePoint vc="1" uspid="78" ordinal="2" offset="19" sl="46" sc="13" el="46" ec="32" bec="0" bev="0" fileid="11" />
                <SequencePoint vc="1" uspid="79" ordinal="3" offset="28" sl="47" sc="9" el="47" ec="10" bec="0" bev="0" fileid="11" />
              </SequencePoints>
              <BranchPoints />
              <MethodPoint xsi:type="SequencePoint" vc="1" uspid="76" ordinal="0" offset="0" sl="44" sc="9" el="44" ec="10" bec="0" bev="0" fileid="11" />
            </Method>
            <Method visited="true" cyclomaticComplexity="1" nPathComplexity="0" sequenceCoverage="100" branchCoverage="100" isConstructor="false" isStatic="false" isGetter="false" isSetter="false">
              <Summary numSequencePoints="5" visitedSequencePoints="5" numBranchPoints="1" visitedBranchPoints="1" sequenceCoverage="100" branchCoverage="100" maxCyclomaticComplexity="1" minCyclomaticComplexity="1" visitedClasses="0" numClasses="0" visitedMethods="1" numMethods="1" />
              <MetadataToken>100663301</MetadataToken>
              <Name>System.Boolean ProjectManager.BusinessLayer.ProjectManagerService::DeleteProject(System.Int32)</Name>
              <FileRef uid="11" />
              <SequencePoints>
                <SequencePoint vc="1" uspid="80" ordinal="0" offset="0" sl="50" sc="9" el="50" ec="10" bec="0" bev="0" fileid="11" />
                <SequencePoint vc="1" uspid="81" ordinal="1" offset="1" sl="51" sc="13" el="51" ec="53" bec="0" bev="0" fileid="11" />
                <SequencePoint vc="1" uspid="82" ordinal="2" offset="14" sl="52" sc="13" el="52" ec="47" bec="0" bev="0" fileid="11" />
                <SequencePoint vc="1" uspid="83" ordinal="3" offset="27" sl="54" sc="13" el="54" ec="25" bec="0" bev="0" fileid="11" />
                <SequencePoint vc="1" uspid="84" ordinal="4" offset="31" sl="55" sc="9" el="55" ec="10" bec="0" bev="0" fileid="11" />
              </SequencePoints>
              <BranchPoints />
              <MethodPoint xsi:type="SequencePoint" vc="1" uspid="80" ordinal="0" offset="0" sl="50" sc="9" el="50" ec="10" bec="0" bev="0" fileid="11" />
            </Method>
            <Method visited="true" cyclomaticComplexity="1" nPathComplexity="0" sequenceCoverage="100" branchCoverage="100" isConstructor="false" isStatic="false" isGetter="false" isSetter="false">
              <Summary numSequencePoints="5" visitedSequencePoints="5" numBranchPoints="1" visitedBranchPoints="1" sequenceCoverage="100" branchCoverage="100" maxCyclomaticComplexity="1" minCyclomaticComplexity="1" visitedClasses="0" numClasses="0" visitedMethods="1" numMethods="1" />
              <MetadataToken>100663302</MetadataToken>
              <Name>System.Boolean ProjectManager.BusinessLayer.ProjectManagerService::DeleteTask(System.Int32)</Name>
              <FileRef uid="11" />
              <SequencePoints>
                <SequencePoint vc="1" uspid="85" ordinal="0" offset="0" sl="58" sc="9" el="58" ec="10" bec="0" bev="0" fileid="11" />
                <SequencePoint vc="1" uspid="86" ordinal="1" offset="1" sl="59" sc="13" el="59" ec="47" bec="0" bev="0" fileid="11" />
                <SequencePoint vc="1" uspid="87" ordinal="2" offset="14" sl="60" sc="13" el="60" ec="41" bec="0" bev="0" fileid="11" />
                <SequencePoint vc="1" uspid="88" ordinal="3" offset="27" sl="62" sc="13" el="62" ec="25" bec="0" bev="0" fileid="11" />
                <SequencePoint vc="1" uspid="89" ordinal="4" offset="31" sl="64" sc="9" el="64" ec="10" bec="0" bev="0" fileid="11" />
              </SequencePoints>
              <BranchPoints />
              <MethodPoint xsi:type="SequencePoint" vc="1" uspid="85" ordinal="0" offset="0" sl="58" sc="9" el="58" ec="10" bec="0" bev="0" fileid="11" />
            </Method>
            <Method visited="true" cyclomaticComplexity="1" nPathComplexity="0" sequenceCoverage="100" branchCoverage="100" isConstructor="false" isStatic="false" isGetter="false" isSetter="false">
              <Summary numSequencePoints="5" visitedSequencePoints="5" numBranchPoints="1" visitedBranchPoints="1" sequenceCoverage="100" branchCoverage="100" maxCyclomaticComplexity="1" minCyclomaticComplexity="1" visitedClasses="0" numClasses="0" visitedMethods="1" numMethods="1" />
              <MetadataToken>100663303</MetadataToken>
              <Name>System.Boolean ProjectManager.BusinessLayer.ProjectManagerService::DeleteUser(System.Int32)</Name>
              <FileRef uid="11" />
              <SequencePoints>
                <SequencePoint vc="1" uspid="90" ordinal="0" offset="0" sl="67" sc="9" el="67" ec="10" bec="0" bev="0" fileid="11" />
                <SequencePoint vc="1" uspid="91" ordinal="1" offset="1" sl="68" sc="13" el="68" ec="47" bec="0" bev="0" fileid="11" />
                <SequencePoint vc="1" uspid="92" ordinal="2" offset="14" sl="69" sc="13" el="69" ec="41" bec="0" bev="0" fileid="11" />
                <SequencePoint vc="1" uspid="93" ordinal="3" offset="27" sl="71" sc="13" el="71" ec="25" bec="0" bev="0" fileid="11" />
                <SequencePoint vc="1" uspid="94" ordinal="4" offset="31" sl="72" sc="9" el="72" ec="10" bec="0" bev="0" fileid="11" />
              </SequencePoints>
              <BranchPoints />
              <MethodPoint xsi:type="SequencePoint" vc="1" uspid="90" ordinal="0" offset="0" sl="67" sc="9" el="67" ec="10" bec="0" bev="0" fileid="11" />
            </Method>
            <Method visited="true" cyclomaticComplexity="1" nPathComplexity="0" sequenceCoverage="100" branchCoverage="100" isConstructor="false" isStatic="false" isGetter="false" isSetter="false">
              <Summary numSequencePoints="4" visitedSequencePoints="4" numBranchPoints="1" visitedBranchPoints="1" sequenceCoverage="100" branchCoverage="100" maxCyclomaticComplexity="1" minCyclomaticComplexity="1" visitedClasses="0" numClasses="0" visitedMethods="1" numMethods="1" />
              <MetadataToken>100663304</MetadataToken>
              <Name>System.Collections.Generic.List`1&lt;ProjectManager.BusinessLayer.BusinessEntities.ProjectEntity&gt; ProjectManager.BusinessLayer.ProjectManagerService::GetAllProject()</Name>
              <FileRef uid="11" />
              <SequencePoints>
                <SequencePoint vc="1" uspid="95" ordinal="0" offset="0" sl="75" sc="9" el="75" ec="10" bec="0" bev="0" fileid="11" />
                <SequencePoint vc="1" uspid="96" ordinal="1" offset="1" sl="77" sc="13" el="77" ec="64" bec="0" bev="0" fileid="11" />
                <SequencePoint vc="1" uspid="97" ordinal="2" offset="18" sl="78" sc="13" el="78" ec="35" bec="0" bev="0" fileid="11" />
                <SequencePoint vc="1" uspid="98" ordinal="3" offset="27" sl="79" sc="9" el="79" ec="10" bec="0" bev="0" fileid="11" />
              </SequencePoints>
              <BranchPoints />
              <MethodPoint xsi:type="SequencePoint" vc="1" uspid="95" ordinal="0" offset="0" sl="75" sc="9" el="75" ec="10" bec="0" bev="0" fileid="11" />
            </Method>
            <Method visited="true" cyclomaticComplexity="1" nPathComplexity="0" sequenceCoverage="100" branchCoverage="100" isConstructor="false" isStatic="false" isGetter="false" isSetter="false">
              <Summary numSequencePoints="4" visitedSequencePoints="4" numBranchPoints="1" visitedBranchPoints="1" sequenceCoverage="100" branchCoverage="100" maxCyclomaticComplexity="1" minCyclomaticComplexity="1" visitedClasses="0" numClasses="0" visitedMethods="1" numMethods="1" />
              <MetadataToken>100663305</MetadataToken>
              <Name>System.Collections.Generic.List`1&lt;ProjectManager.BusinessLayer.BusinessEntities.TaskEntity&gt; ProjectManager.BusinessLayer.ProjectManagerService::GetAllTasks()</Name>
              <FileRef uid="11" />
              <SequencePoints>
                <SequencePoint vc="1" uspid="99" ordinal="0" offset="0" sl="82" sc="9" el="82" ec="10" bec="0" bev="0" fileid="11" />
                <SequencePoint vc="1" uspid="100" ordinal="1" offset="1" sl="84" sc="13" el="84" ec="58" bec="0" bev="0" fileid="11" />
                <SequencePoint vc="1" uspid="101" ordinal="2" offset="18" sl="85" sc="13" el="85" ec="32" bec="0" bev="0" fileid="11" />
                <SequencePoint vc="1" uspid="102" ordinal="3" offset="27" sl="86" sc="9" el="86" ec="10" bec="0" bev="0" fileid="11" />
              </SequencePoints>
              <BranchPoints />
              <MethodPoint xsi:type="SequencePoint" vc="1" uspid="99" ordinal="0" offset="0" sl="82" sc="9" el="82" ec="10" bec="0" bev="0" fileid="11" />
            </Method>
            <Method visited="true" cyclomaticComplexity="1" nPathComplexity="0" sequenceCoverage="100" branchCoverage="100" isConstructor="false" isStatic="false" isGetter="false" isSetter="false">
              <Summary numSequencePoints="4" visitedSequencePoints="4" numBranchPoints="1" visitedBranchPoints="1" sequenceCoverage="100" branchCoverage="100" maxCyclomaticComplexity="1" minCyclomaticComplexity="1" visitedClasses="0" numClasses="0" visitedMethods="1" numMethods="1" />
              <MetadataToken>100663306</MetadataToken>
              <Name>System.Collections.Generic.List`1&lt;ProjectManager.BusinessLayer.BusinessEntities.UserEntity&gt; ProjectManager.BusinessLayer.ProjectManagerService::GetAllUsers()</Name>
              <FileRef uid="11" />
              <SequencePoints>
                <SequencePoint vc="1" uspid="103" ordinal="0" offset="0" sl="89" sc="9" el="89" ec="10" bec="0" bev="0" fileid="11" />
                <SequencePoint vc="1" uspid="104" ordinal="1" offset="1" sl="90" sc="13" el="90" ec="58" bec="0" bev="0" fileid="11" />
                <SequencePoint vc="1" uspid="105" ordinal="2" offset="18" sl="91" sc="13" el="91" ec="32" bec="0" bev="0" fileid="11" />
                <SequencePoint vc="1" uspid="106" ordinal="3" offset="27" sl="92" sc="9" el="92" ec="10" bec="0" bev="0" fileid="11" />
              </SequencePoints>
              <BranchPoints />
              <MethodPoint xsi:type="SequencePoint" vc="1" uspid="103" ordinal="0" offset="0" sl="89" sc="9" el="89" ec="10" bec="0" bev="0" fileid="11" />
            </Method>
            <Method visited="true" cyclomaticComplexity="1" nPathComplexity="0" sequenceCoverage="100" branchCoverage="100" isConstructor="false" isStatic="false" isGetter="false" isSetter="false">
              <Summary numSequencePoints="4" visitedSequencePoints="4" numBranchPoints="1" visitedBranchPoints="1" sequenceCoverage="100" branchCoverage="100" maxCyclomaticComplexity="1" minCyclomaticComplexity="1" visitedClasses="0" numClasses="0" visitedMethods="1" numMethods="1" />
              <MetadataToken>100663307</MetadataToken>
              <Name>ProjectManager.BusinessLayer.BusinessEntities.ProjectEntity ProjectManager.BusinessLayer.ProjectManagerService::GetProjectById(System.Int32)</Name>
              <FileRef uid="11" />
              <SequencePoints>
                <SequencePoint vc="1" uspid="107" ordinal="0" offset="0" sl="95" sc="9" el="95" ec="10" bec="0" bev="0" fileid="11" />
                <SequencePoint vc="1" uspid="108" ordinal="1" offset="1" sl="96" sc="13" el="96" ec="53" bec="0" bev="0" fileid="11" />
                <SequencePoint vc="1" uspid="109" ordinal="2" offset="14" sl="97" sc="13" el="97" ec="34" bec="0" bev="0" fileid="11" />
                <SequencePoint vc="1" uspid="110" ordinal="3" offset="23" sl="98" sc="9" el="98" ec="10" bec="0" bev="0" fileid="11" />
              </SequencePoints>
              <BranchPoints />
              <MethodPoint xsi:type="SequencePoint" vc="1" uspid="107" ordinal="0" offset="0" sl="95" sc="9" el="95" ec="10" bec="0" bev="0" fileid="11" />
            </Method>
            <Method visited="true" cyclomaticComplexity="1" nPathComplexity="0" sequenceCoverage="100" branchCoverage="100" isConstructor="false" isStatic="false" isGetter="false" isSetter="false">
              <Summary numSequencePoints="4" visitedSequencePoints="4" numBranchPoints="1" visitedBranchPoints="1" sequenceCoverage="100" branchCoverage="100" maxCyclomaticComplexity="1" minCyclomaticComplexity="1" visitedClasses="0" numClasses="0" visitedMethods="1" numMethods="1" />
              <MetadataToken>100663308</MetadataToken>
              <Name>ProjectManager.BusinessLayer.BusinessEntities.TaskEntity ProjectManager.BusinessLayer.ProjectManagerService::GetTaskById(System.Int32)</Name>
              <FileRef uid="11" />
              <SequencePoints>
                <SequencePoint vc="1" uspid="111" ordinal="0" offset="0" sl="101" sc="9" el="101" ec="10" bec="0" bev="0" fileid="11" />
                <SequencePoint vc="1" uspid="112" ordinal="1" offset="1" sl="102" sc="13" el="102" ec="47" bec="0" bev="0" fileid="11" />
                <SequencePoint vc="1" uspid="113" ordinal="2" offset="14" sl="103" sc="13" el="103" ec="31" bec="0" bev="0" fileid="11" />
                <SequencePoint vc="1" uspid="114" ordinal="3" offset="23" sl="104" sc="9" el="104" ec="10" bec="0" bev="0" fileid="11" />
              </SequencePoints>
              <BranchPoints />
              <MethodPoint xsi:type="SequencePoint" vc="1" uspid="111" ordinal="0" offset="0" sl="101" sc="9" el="101" ec="10" bec="0" bev="0" fileid="11" />
            </Method>
            <Method visited="true" cyclomaticComplexity="1" nPathComplexity="0" sequenceCoverage="100" branchCoverage="100" isConstructor="false" isStatic="false" isGetter="false" isSetter="false">
              <Summary numSequencePoints="4" visitedSequencePoints="4" numBranchPoints="1" visitedBranchPoints="1" sequenceCoverage="100" branchCoverage="100" maxCyclomaticComplexity="1" minCyclomaticComplexity="1" visitedClasses="0" numClasses="0" visitedMethods="1" numMethods="1" />
              <MetadataToken>100663309</MetadataToken>
              <Name>ProjectManager.BusinessLayer.BusinessEntities.UserEntity ProjectManager.BusinessLayer.ProjectManagerService::GetUserById(System.Int32)</Name>
              <FileRef uid="11" />
              <SequencePoints>
                <SequencePoint vc="1" uspid="115" ordinal="0" offset="0" sl="107" sc="9" el="107" ec="10" bec="0" bev="0" fileid="11" />
                <SequencePoint vc="1" uspid="116" ordinal="1" offset="1" sl="108" sc="13" el="108" ec="47" bec="0" bev="0" fileid="11" />
                <SequencePoint vc="1" uspid="117" ordinal="2" offset="14" sl="109" sc="13" el="109" ec="31" bec="0" bev="0" fileid="11" />
                <SequencePoint vc="1" uspid="118" ordinal="3" offset="23" sl="110" sc="9" el="110" ec="10" bec="0" bev="0" fileid="11" />
              </SequencePoints>
              <BranchPoints />
              <MethodPoint xsi:type="SequencePoint" vc="1" uspid="115" ordinal="0" offset="0" sl="107" sc="9" el="107" ec="10" bec="0" bev="0" fileid="11" />
            </Method>
            <Method visited="true" cyclomaticComplexity="1" nPathComplexity="0" sequenceCoverage="100" branchCoverage="100" isConstructor="false" isStatic="false" isGetter="false" isSetter="false">
              <Summary numSequencePoints="5" visitedSequencePoints="5" numBranchPoints="1" visitedBranchPoints="1" sequenceCoverage="100" branchCoverage="100" maxCyclomaticComplexity="1" minCyclomaticComplexity="1" visitedClasses="0" numClasses="0" visitedMethods="1" numMethods="1" />
              <MetadataToken>100663310</MetadataToken>
              <Name>System.Boolean ProjectManager.BusinessLayer.ProjectManagerService::UpdateProject(ProjectManager.BusinessLayer.BusinessEntities.ProjectEntity)</Name>
              <FileRef uid="11" />
              <SequencePoints>
                <SequencePoint vc="1" uspid="119" ordinal="0" offset="0" sl="113" sc="9" el="113" ec="10" bec="0" bev="0" fileid="11" />
                <SequencePoint vc="1" uspid="120" ordinal="1" offset="1" sl="114" sc="13" el="114" ec="65" bec="0" bev="0" fileid="11" />
                <SequencePoint vc="1" uspid="121" ordinal="2" offset="19" sl="115" sc="13" el="115" ec="57" bec="0" bev="0" fileid="11" />
                <SequencePoint vc="1" uspid="122" ordinal="3" offset="38" sl="117" sc="13" el="117" ec="25" bec="0" bev="0" fileid="11" />
                <SequencePoint vc="1" uspid="123" ordinal="4" offset="42" sl="119" sc="9" el="119" ec="10" bec="0" bev="0" fileid="11" />
              </SequencePoints>
              <BranchPoints />
              <MethodPoint xsi:type="SequencePoint" vc="1" uspid="119" ordinal="0" offset="0" sl="113" sc="9" el="113" ec="10" bec="0" bev="0" fileid="11" />
            </Method>
            <Method visited="true" cyclomaticComplexity="1" nPathComplexity="0" sequenceCoverage="100" branchCoverage="100" isConstructor="false" isStatic="false" isGetter="false" isSetter="false">
              <Summary numSequencePoints="5" visitedSequencePoints="5" numBranchPoints="1" visitedBranchPoints="1" sequenceCoverage="100" branchCoverage="100" maxCyclomaticComplexity="1" minCyclomaticComplexity="1" visitedClasses="0" numClasses="0" visitedMethods="1" numMethods="1" />
              <MetadataToken>100663311</MetadataToken>
              <Name>System.Boolean ProjectManager.BusinessLayer.ProjectManagerService::UpdateTask(ProjectManager.BusinessLayer.BusinessEntities.TaskEntity)</Name>
              <FileRef uid="11" />
              <SequencePoints>
                <SequencePoint vc="1" uspid="124" ordinal="0" offset="0" sl="122" sc="9" el="122" ec="10" bec="0" bev="0" fileid="11" />
                <SequencePoint vc="1" uspid="125" ordinal="1" offset="1" sl="123" sc="13" el="123" ec="67" bec="0" bev="0" fileid="11" />
                <SequencePoint vc="1" uspid="126" ordinal="2" offset="19" sl="124" sc="13" el="124" ec="62" bec="0" bev="0" fileid="11" />
                <SequencePoint vc="1" uspid="127" ordinal="3" offset="38" sl="126" sc="13" el="126" ec="25" bec="0" bev="0" fileid="11" />
                <SequencePoint vc="1" uspid="128" ordinal="4" offset="42" sl="127" sc="9" el="127" ec="10" bec="0" bev="0" fileid="11" />
              </SequencePoints>
              <BranchPoints />
              <MethodPoint xsi:type="SequencePoint" vc="1" uspid="124" ordinal="0" offset="0" sl="122" sc="9" el="122" ec="10" bec="0" bev="0" fileid="11" />
            </Method>
            <Method visited="true" cyclomaticComplexity="1" nPathComplexity="0" sequenceCoverage="100" branchCoverage="100" isConstructor="false" isStatic="false" isGetter="false" isSetter="false">
              <Summary numSequencePoints="5" visitedSequencePoints="5" numBranchPoints="1" visitedBranchPoints="1" sequenceCoverage="100" branchCoverage="100" maxCyclomaticComplexity="1" minCyclomaticComplexity="1" visitedClasses="0" numClasses="0" visitedMethods="1" numMethods="1" />
              <MetadataToken>100663312</MetadataToken>
              <Name>System.Boolean ProjectManager.BusinessLayer.ProjectManagerService::UpdateUser(ProjectManager.BusinessLayer.BusinessEntities.UserEntity)</Name>
              <FileRef uid="11" />
              <SequencePoints>
                <SequencePoint vc="1" uspid="129" ordinal="0" offset="0" sl="130" sc="9" el="130" ec="10" bec="0" bev="0" fileid="11" />
                <SequencePoint vc="1" uspid="130" ordinal="1" offset="1" sl="131" sc="13" el="131" ec="61" bec="0" bev="0" fileid="11" />
                <SequencePoint vc="1" uspid="131" ordinal="2" offset="19" sl="132" sc="13" el="132" ec="56" bec="0" bev="0" fileid="11" />
                <SequencePoint vc="1" uspid="132" ordinal="3" offset="38" sl="134" sc="13" el="134" ec="25" bec="0" bev="0" fileid="11" />
                <SequencePoint vc="1" uspid="133" ordinal="4" offset="42" sl="135" sc="9" el="135" ec="10" bec="0" bev="0" fileid="11" />
              </SequencePoints>
              <BranchPoints />
              <MethodPoint xsi:type="SequencePoint" vc="1" uspid="129" ordinal="0" offset="0" sl="130" sc="9" el="130" ec="10" bec="0" bev="0" fileid="11" />
            </Method>
          </Methods>
        </Class>
        <Class>
          <Summary numSequencePoints="122" visitedSequencePoints="122" numBranchPoints="40" visitedBranchPoints="40" sequenceCoverage="100" branchCoverage="100" maxCyclomaticComplexity="6" minCyclomaticComplexity="1" visitedClasses="1" numClasses="1" visitedMethods="12" numMethods="12" />
          <FullName>ProjectManager.BusinessLayer.Mapper.ProjectManagerMapper</FullName>
          <Methods>
            <Method visited="true" cyclomaticComplexity="4" nPathComplexity="4" sequenceCoverage="100" branchCoverage="100" isConstructor="false" isStatic="true" isGetter="false" isSetter="false">
              <Summary numSequencePoints="13" visitedSequencePoints="13" numBranchPoints="5" visitedBranchPoints="5" sequenceCoverage="100" branchCoverage="100" maxCyclomaticComplexity="4" minCyclomaticComplexity="4" visitedClasses="0" numClasses="0" visitedMethods="1" numMethods="1" />
              <MetadataToken>100663328</MetadataToken>
              <Name>ProjectManager.Entities.Task ProjectManager.BusinessLayer.Mapper.ProjectManagerMapper::Map(ProjectManager.BusinessLayer.BusinessEntities.TaskEntity,ProjectManager.Entities.Task)</Name>
              <FileRef uid="12" />
              <SequencePoints>
                <SequencePoint vc="3" uspid="134" ordinal="0" offset="0" sl="13" sc="9" el="13" ec="10" bec="0" bev="0" fileid="12" />
                <SequencePoint vc="3" uspid="135" ordinal="1" offset="1" sl="14" sc="13" el="14" ec="49" bec="0" bev="0" fileid="12" />
                <SequencePoint vc="3" uspid="136" ordinal="2" offset="14" sl="15" sc="13" el="15" ec="49" bec="0" bev="0" fileid="12" />
                <SequencePoint vc="3" uspid="137" ordinal="3" offset="27" sl="16" sc="13" el="16" ec="51" bec="0" bev="0" fileid="12" />
                <SequencePoint vc="3" uspid="138" ordinal="4" offset="40" sl="17" sc="13" el="17" ec="47" bec="0" bev="0" fileid="12" />
                <SequencePoint vc="3" uspid="139" ordinal="5" offset="53" sl="18" sc="13" el="18" ec="64" bec="2" bev="2" fileid="12" />
                <SequencePoint vc="3" uspid="140" ordinal="6" offset="77" sl="19" sc="13" el="19" ec="57" bec="0" bev="0" fileid="12" />
                <SequencePoint vc="3" uspid="141" ordinal="7" offset="90" sl="20" sc="13" el="20" ec="44" bec="2" bev="2" fileid="12" />
                <SequencePoint vc="1" uspid="142" ordinal="8" offset="103" sl="21" sc="13" el="21" ec="14" bec="0" bev="0" fileid="12" />
                <SequencePoint vc="1" uspid="143" ordinal="9" offset="104" sl="22" sc="17" el="22" ec="63" bec="0" bev="0" fileid="12" />
                <SequencePoint vc="1" uspid="144" ordinal="10" offset="127" sl="23" sc="13" el="23" ec="14" bec="0" bev="0" fileid="12" />
                <SequencePoint vc="3" uspid="145" ordinal="11" offset="128" sl="24" sc="13" el="24" ec="25" bec="0" bev="0" fileid="12" />
                <SequencePoint vc="3" uspid="146" ordinal="12" offset="132" sl="25" sc="9" el="25" ec="10" bec="0" bev="0" fileid="12" />
              </SequencePoints>
              <BranchPoints>
                <BranchPoint vc="1" uspid="147" ordinal="0" offset="60" sl="18" path="0" offsetend="62" fileid="12" />
                <BranchPoint vc="2" uspid="148" ordinal="1" offset="60" sl="18" path="1" offsetend="65" fileid="12" />
                <BranchPoint vc="1" uspid="149" ordinal="2" offset="101" sl="20" path="0" offsetend="103" fileid="12" />
                <BranchPoint vc="2" uspid="150" ordinal="3" offset="101" sl="20" path="1" offsetend="128" fileid="12" />
              </BranchPoints>
              <MethodPoint xsi:type="SequencePoint" vc="3" uspid="134" ordinal="0" offset="0" sl="13" sc="9" el="13" ec="10" bec="0" bev="0" fileid="12" />
            </Method>
            <Method visited="true" cyclomaticComplexity="4" nPathComplexity="4" sequenceCoverage="100" branchCoverage="100" isConstructor="false" isStatic="true" isGetter="false" isSetter="false">
              <Summary numSequencePoints="15" visitedSequencePoints="15" numBranchPoints="5" visitedBranchPoints="5" sequenceCoverage="100" branchCoverage="100" maxCyclomaticComplexity="4" minCyclomaticComplexity="4" visitedClasses="0" numClasses="0" visitedMethods="1" numMethods="1" />
              <MetadataToken>100663329</MetadataToken>
              <Name>ProjectManager.Entities.Task ProjectManager.BusinessLayer.Mapper.ProjectManagerMapper::Map(ProjectManager.BusinessLayer.BusinessEntities.TaskEntity)</Name>
              <FileRef uid="12" />
              <SequencePoints>
                <SequencePoint vc="3" uspid="151" ordinal="0" offset="0" sl="28" sc="9" el="28" ec="10" bec="0" bev="0" fileid="12" />
                <SequencePoint vc="3" uspid="152" ordinal="1" offset="1" sl="29" sc="13" el="29" ec="35" bec="0" bev="0" fileid="12" />
                <SequencePoint vc="3" uspid="153" ordinal="2" offset="7" sl="31" sc="13" el="31" ec="45" bec="0" bev="0" fileid="12" />
                <SequencePoint vc="3" uspid="154" ordinal="3" offset="20" sl="32" sc="13" el="32" ec="49" bec="0" bev="0" fileid="12" />
                <SequencePoint vc="3" uspid="155" ordinal="4" offset="33" sl="33" sc="13" el="33" ec="49" bec="0" bev="0" fileid="12" />
                <SequencePoint vc="3" uspid="156" ordinal="5" offset="46" sl="34" sc="13" el="34" ec="51" bec="0" bev="0" fileid="12" />
                <SequencePoint vc="3" uspid="157" ordinal="6" offset="59" sl="35" sc="13" el="35" ec="47" bec="0" bev="0" fileid="12" />
                <SequencePoint vc="3" uspid="158" ordinal="7" offset="72" sl="36" sc="13" el="36" ec="64" bec="2" bev="2" fileid="12" />
                <SequencePoint vc="3" uspid="159" ordinal="8" offset="96" sl="37" sc="13" el="37" ec="57" bec="0" bev="0" fileid="12" />
                <SequencePoint vc="3" uspid="160" ordinal="9" offset="109" sl="38" sc="13" el="38" ec="44" bec="2" bev="2" fileid="12" />
                <SequencePoint vc="1" uspid="161" ordinal="10" offset="122" sl="39" sc="13" el="39" ec="14" bec="0" bev="0" fileid="12" />
                <SequencePoint vc="1" uspid="162" ordinal="11" offset="123" sl="40" sc="17" el="40" ec="63" bec="0" bev="0" fileid="12" />
                <SequencePoint vc="1" uspid="163" ordinal="12" offset="146" sl="41" sc="13" el="41" ec="14" bec="0" bev="0" fileid="12" />
                <SequencePoint vc="3" uspid="164" ordinal="13" offset="147" sl="43" sc="13" el="43" ec="25" bec="0" bev="0" fileid="12" />
                <SequencePoint vc="3" uspid="165" ordinal="14" offset="151" sl="44" sc="9" el="44" ec="10" bec="0" bev="0" fileid="12" />
              </SequencePoints>
              <BranchPoints>
                <BranchPoint vc="1" uspid="166" ordinal="0" offset="79" sl="36" path="0" offsetend="81" fileid="12" />
                <BranchPoint vc="2" uspid="167" ordinal="1" offset="79" sl="36" path="1" offsetend="84" fileid="12" />
                <BranchPoint vc="1" uspid="168" ordinal="2" offset="120" sl="38" path="0" offsetend="122" fileid="12" />
                <BranchPoint vc="2" uspid="169" ordinal="3" offset="120" sl="38" path="1" offsetend="147" fileid="12" />
              </BranchPoints>
              <MethodPoint xsi:type="SequencePoint" vc="3" uspid="151" ordinal="0" offset="0" sl="28" sc="9" el="28" ec="10" bec="0" bev="0" fileid="12" />
            </Method>
            <Method visited="true" cyclomaticComplexity="6" nPathComplexity="16" sequenceCoverage="100" branchCoverage="100" isConstructor="false" isStatic="true" isGetter="false" isSetter="false">
              <Summary numSequencePoints="21" visitedSequencePoints="21" numBranchPoints="9" visitedBranchPoints="9" sequenceCoverage="100" branchCoverage="100" maxCyclomaticComplexity="6" minCyclomaticComplexity="6" visitedClasses="0" numClasses="0" visitedMethods="1" numMethods="1" />
              <MetadataToken>100663330</MetadataToken>
              <Name>ProjectManager.BusinessLayer.BusinessEntities.TaskEntity ProjectManager.BusinessLayer.Mapper.ProjectManagerMapper::Map(ProjectManager.Entities.Task)</Name>
              <FileRef uid="12" />
              <SequencePoints>
                <SequencePoint vc="9" uspid="170" ordinal="0" offset="0" sl="47" sc="9" el="47" ec="10" bec="0" bev="0" fileid="12" />
                <SequencePoint vc="9" uspid="171" ordinal="1" offset="1" sl="48" sc="13" el="48" ec="47" bec="0" bev="0" fileid="12" />
                <SequencePoint vc="9" uspid="172" ordinal="2" offset="7" sl="50" sc="13" el="50" ec="45" bec="0" bev="0" fileid="12" />
                <SequencePoint vc="9" uspid="173" ordinal="3" offset="20" sl="51" sc="13" el="51" ec="49" bec="0" bev="0" fileid="12" />
                <SequencePoint vc="9" uspid="174" ordinal="4" offset="33" sl="52" sc="13" el="52" ec="41" bec="2" bev="2" fileid="12" />
                <SequencePoint vc="6" uspid="175" ordinal="5" offset="46" sl="53" sc="13" el="53" ec="14" bec="0" bev="0" fileid="12" />
                <SequencePoint vc="6" uspid="176" ordinal="6" offset="47" sl="54" sc="17" el="54" ec="72" bec="0" bev="0" fileid="12" />
                <SequencePoint vc="6" uspid="177" ordinal="7" offset="70" sl="55" sc="17" el="55" ec="72" bec="0" bev="0" fileid="12" />
                <SequencePoint vc="6" uspid="178" ordinal="8" offset="88" sl="56" sc="13" el="56" ec="14" bec="0" bev="0" fileid="12" />
                <SequencePoint vc="9" uspid="179" ordinal="9" offset="89" sl="57" sc="13" el="57" ec="49" bec="0" bev="0" fileid="12" />
                <SequencePoint vc="9" uspid="180" ordinal="10" offset="102" sl="58" sc="13" el="58" ec="51" bec="0" bev="0" fileid="12" />
                <SequencePoint vc="9" uspid="181" ordinal="11" offset="115" sl="59" sc="13" el="59" ec="47" bec="0" bev="0" fileid="12" />
                <SequencePoint vc="9" uspid="182" ordinal="12" offset="128" sl="60" sc="13" el="60" ec="61" bec="2" bev="2" fileid="12" />
                <SequencePoint vc="9" uspid="183" ordinal="13" offset="164" sl="61" sc="13" el="61" ec="41" bec="2" bev="2" fileid="12" />
                <SequencePoint vc="6" uspid="184" ordinal="14" offset="184" sl="62" sc="17" el="62" ec="95" bec="0" bev="0" fileid="12" />
                <SequencePoint vc="9" uspid="185" ordinal="15" offset="217" sl="64" sc="13" el="64" ec="41" bec="2" bev="2" fileid="12" />
                <SequencePoint vc="6" uspid="186" ordinal="16" offset="232" sl="65" sc="13" el="65" ec="14" bec="0" bev="0" fileid="12" />
                <SequencePoint vc="6" uspid="187" ordinal="17" offset="233" sl="66" sc="17" el="66" ec="127" bec="0" bev="0" fileid="12" />
                <SequencePoint vc="6" uspid="188" ordinal="18" offset="281" sl="67" sc="13" el="67" ec="14" bec="0" bev="0" fileid="12" />
                <SequencePoint vc="9" uspid="189" ordinal="19" offset="282" sl="69" sc="13" el="69" ec="31" bec="0" bev="0" fileid="12" />
                <SequencePoint vc="9" uspid="190" ordinal="20" offset="287" sl="70" sc="9" el="70" ec="10" bec="0" bev="0" fileid="12" />
              </SequencePoints>
              <BranchPoints>
                <BranchPoint vc="6" uspid="191" ordinal="0" offset="44" sl="52" path="0" offsetend="46" fileid="12" />
                <BranchPoint vc="3" uspid="192" ordinal="1" offset="44" sl="52" path="1" offsetend="89" fileid="12" />
                <BranchPoint vc="8" uspid="193" ordinal="2" offset="146" sl="60" path="0" offsetend="148" fileid="12" />
                <BranchPoint vc="1" uspid="194" ordinal="3" offset="146" sl="60" path="1" offsetend="151" fileid="12" />
                <BranchPoint vc="6" uspid="195" ordinal="4" offset="182" sl="61" path="0" offsetend="184" fileid="12" />
                <BranchPoint vc="3" uspid="196" ordinal="5" offset="182" sl="61" path="1" offsetend="217" fileid="12" />
                <BranchPoint vc="6" uspid="197" ordinal="6" offset="230" sl="64" path="0" offsetend="232" fileid="12" />
                <BranchPoint vc="3" uspid="198" ordinal="7" offset="230" sl="64" path="1" offsetend="282" fileid="12" />
              </BranchPoints>
              <MethodPoint xsi:type="SequencePoint" vc="9" uspid="170" ordinal="0" offset="0" sl="47" sc="9" el="47" ec="10" bec="0" bev="0" fileid="12" />
            </Method>
            <Method visited="true" cyclomaticComplexity="1" nPathComplexity="0" sequenceCoverage="100" branchCoverage="100" isConstructor="false" isStatic="true" isGetter="false" isSetter="false">
              <Summary numSequencePoints="5" visitedSequencePoints="5" numBranchPoints="1" visitedBranchPoints="1" sequenceCoverage="100" branchCoverage="100" maxCyclomaticComplexity="1" minCyclomaticComplexity="1" visitedClasses="0" numClasses="0" visitedMethods="1" numMethods="1" />
              <MetadataToken>100663331</MetadataToken>
              <Name>System.Collections.Generic.List`1&lt;ProjectManager.BusinessLayer.BusinessEntities.TaskEntity&gt; ProjectManager.BusinessLayer.Mapper.ProjectManagerMapper::Map(System.Collections.Generic.List`1&lt;ProjectManager.Entities.Task&gt;)</Name>
              <FileRef uid="12" />
              <SequencePoints>
                <SequencePoint vc="3" uspid="199" ordinal="0" offset="6" sl="73" sc="9" el="73" ec="10" bec="0" bev="0" fileid="12" />
                <SequencePoint vc="3" uspid="200" ordinal="1" offset="7" sl="74" sc="13" el="74" ec="57" bec="0" bev="0" fileid="12" />
                <SequencePoint vc="3" uspid="201" ordinal="2" offset="18" sl="76" sc="13" el="99" ec="16" bec="0" bev="0" fileid="12" />
                <SequencePoint vc="3" uspid="202" ordinal="3" offset="37" sl="101" sc="13" el="101" ec="35" bec="0" bev="0" fileid="12" />
                <SequencePoint vc="3" uspid="203" ordinal="4" offset="46" sl="102" sc="9" el="102" ec="10" bec="0" bev="0" fileid="12" />
              </SequencePoints>
              <BranchPoints />
              <MethodPoint vc="3" uspid="204" ordinal="0" offset="0" />
            </Method>
            <Method visited="true" cyclomaticComplexity="1" nPathComplexity="0" sequenceCoverage="100" branchCoverage="100" isConstructor="false" isStatic="true" isGetter="false" isSetter="false">
              <Summary numSequencePoints="7" visitedSequencePoints="7" numBranchPoints="1" visitedBranchPoints="1" sequenceCoverage="100" branchCoverage="100" maxCyclomaticComplexity="1" minCyclomaticComplexity="1" visitedClasses="0" numClasses="0" visitedMethods="1" numMethods="1" />
              <MetadataToken>100663332</MetadataToken>
              <Name>ProjectManager.Entities.Project ProjectManager.BusinessLayer.Mapper.ProjectManagerMapper::Map(ProjectManager.BusinessLayer.BusinessEntities.ProjectEntity,ProjectManager.Entities.Project)</Name>
              <FileRef uid="12" />
              <SequencePoints>
                <SequencePoint vc="2" uspid="205" ordinal="0" offset="0" sl="105" sc="9" el="105" ec="10" bec="0" bev="0" fileid="12" />
                <SequencePoint vc="2" uspid="206" ordinal="1" offset="1" sl="106" sc="13" el="106" ec="61" bec="0" bev="0" fileid="12" />
                <SequencePoint vc="2" uspid="207" ordinal="2" offset="14" sl="107" sc="13" el="107" ec="55" bec="0" bev="0" fileid="12" />
                <SequencePoint vc="2" uspid="208" ordinal="3" offset="27" sl="108" sc="13" el="108" ec="57" bec="0" bev="0" fileid="12" />
                <SequencePoint vc="2" uspid="209" ordinal="4" offset="40" sl="109" sc="13" el="109" ec="53" bec="0" bev="0" fileid="12" />
                <SequencePoint vc="2" uspid="210" ordinal="5" offset="53" sl="111" sc="13" el="111" ec="28" bec="0" bev="0" fileid="12" />
                <SequencePoint vc="2" uspid="211" ordinal="6" offset="57" sl="112" sc="9" el="112" ec="10" bec="0" bev="0" fileid="12" />
              </SequencePoints>
              <BranchPoints />
              <MethodPoint xsi:type="SequencePoint" vc="2" uspid="205" ordinal="0" offset="0" sl="105" sc="9" el="105" ec="10" bec="0" bev="0" fileid="12" />
            </Method>
            <Method visited="true" cyclomaticComplexity="1" nPathComplexity="0" sequenceCoverage="100" branchCoverage="100" isConstructor="false" isStatic="true" isGetter="false" isSetter="false">
              <Summary numSequencePoints="9" visitedSequencePoints="9" numBranchPoints="1" visitedBranchPoints="1" sequenceCoverage="100" branchCoverage="100" maxCyclomaticComplexity="1" minCyclomaticComplexity="1" visitedClasses="0" numClasses="0" visitedMethods="1" numMethods="1" />
              <MetadataToken>100663333</MetadataToken>
              <Name>ProjectManager.Entities.Project ProjectManager.BusinessLayer.Mapper.ProjectManagerMapper::Map(ProjectManager.BusinessLayer.BusinessEntities.ProjectEntity)</Name>
              <FileRef uid="12" />
              <SequencePoints>
                <SequencePoint vc="2" uspid="212" ordinal="0" offset="0" sl="115" sc="9" el="115" ec="10" bec="0" bev="0" fileid="12" />
                <SequencePoint vc="2" uspid="213" ordinal="1" offset="1" sl="116" sc="13" el="116" ec="41" bec="0" bev="0" fileid="12" />
                <SequencePoint vc="2" uspid="214" ordinal="2" offset="7" sl="117" sc="13" el="117" ec="57" bec="0" bev="0" fileid="12" />
                <SequencePoint vc="2" uspid="215" ordinal="3" offset="20" sl="118" sc="13" el="118" ec="61" bec="0" bev="0" fileid="12" />
                <SequencePoint vc="2" uspid="216" ordinal="4" offset="33" sl="119" sc="13" el="119" ec="55" bec="0" bev="0" fileid="12" />
                <SequencePoint vc="2" uspid="217" ordinal="5" offset="46" sl="120" sc="13" el="120" ec="57" bec="0" bev="0" fileid="12" />
                <SequencePoint vc="2" uspid="218" ordinal="6" offset="59" sl="121" sc="13" el="121" ec="53" bec="0" bev="0" fileid="12" />
                <SequencePoint vc="2" uspid="219" ordinal="7" offset="72" sl="123" sc="13" el="123" ec="28" bec="0" bev="0" fileid="12" />
                <SequencePoint vc="2" uspid="220" ordinal="8" offset="76" sl="124" sc="9" el="124" ec="10" bec="0" bev="0" fileid="12" />
              </SequencePoints>
              <BranchPoints />
              <MethodPoint xsi:type="SequencePoint" vc="2" uspid="212" ordinal="0" offset="0" sl="115" sc="9" el="115" ec="10" bec="0" bev="0" fileid="12" />
            </Method>
            <Method visited="true" cyclomaticComplexity="1" nPathComplexity="0" sequenceCoverage="100" branchCoverage="100" isConstructor="false" isStatic="true" isGetter="false" isSetter="false">
              <Summary numSequencePoints="9" visitedSequencePoints="9" numBranchPoints="1" visitedBranchPoints="1" sequenceCoverage="100" branchCoverage="100" maxCyclomaticComplexity="1" minCyclomaticComplexity="1" visitedClasses="0" numClasses="0" visitedMethods="1" numMethods="1" />
              <MetadataToken>100663334</MetadataToken>
              <Name>ProjectManager.BusinessLayer.BusinessEntities.ProjectEntity ProjectManager.BusinessLayer.Mapper.ProjectManagerMapper::Map(ProjectManager.Entities.Project)</Name>
              <FileRef uid="12" />
              <SequencePoints>
                <SequencePoint vc="6" uspid="221" ordinal="0" offset="0" sl="127" sc="9" el="127" ec="10" bec="0" bev="0" fileid="12" />
                <SequencePoint vc="6" uspid="222" ordinal="1" offset="1" sl="128" sc="13" el="128" ec="53" bec="0" bev="0" fileid="12" />
                <SequencePoint vc="6" uspid="223" ordinal="2" offset="7" sl="129" sc="13" el="129" ec="57" bec="0" bev="0" fileid="12" />
                <SequencePoint vc="6" uspid="224" ordinal="3" offset="20" sl="130" sc="13" el="130" ec="61" bec="0" bev="0" fileid="12" />
                <SequencePoint vc="6" uspid="225" ordinal="4" offset="33" sl="131" sc="13" el="131" ec="55" bec="0" bev="0" fileid="12" />
                <SequencePoint vc="6" uspid="226" ordinal="5" offset="46" sl="132" sc="13" el="132" ec="57" bec="0" bev="0" fileid="12" />
                <SequencePoint vc="6" uspid="227" ordinal="6" offset="59" sl="133" sc="13" el="133" ec="53" bec="0" bev="0" fileid="12" />
                <SequencePoint vc="6" uspid="228" ordinal="7" offset="72" sl="135" sc="13" el="135" ec="34" bec="0" bev="0" fileid="12" />
                <SequencePoint vc="6" uspid="229" ordinal="8" offset="76" sl="136" sc="9" el="136" ec="10" bec="0" bev="0" fileid="12" />
              </SequencePoints>
              <BranchPoints />
              <MethodPoint xsi:type="SequencePoint" vc="6" uspid="221" ordinal="0" offset="0" sl="127" sc="9" el="127" ec="10" bec="0" bev="0" fileid="12" />
            </Method>
            <Method visited="true" cyclomaticComplexity="1" nPathComplexity="0" sequenceCoverage="100" branchCoverage="100" isConstructor="false" isStatic="true" isGetter="false" isSetter="false">
              <Summary numSequencePoints="5" visitedSequencePoints="5" numBranchPoints="1" visitedBranchPoints="1" sequenceCoverage="100" branchCoverage="100" maxCyclomaticComplexity="1" minCyclomaticComplexity="1" visitedClasses="0" numClasses="0" visitedMethods="1" numMethods="1" />
              <MetadataToken>100663335</MetadataToken>
              <Name>System.Collections.Generic.List`1&lt;ProjectManager.BusinessLayer.BusinessEntities.ProjectEntity&gt; ProjectManager.BusinessLayer.Mapper.ProjectManagerMapper::Map(System.Collections.Generic.List`1&lt;ProjectManager.Entities.Project&gt;)</Name>
              <FileRef uid="12" />
              <SequencePoints>
                <SequencePoint vc="3" uspid="230" ordinal="0" offset="6" sl="139" sc="9" el="139" ec="10" bec="0" bev="0" fileid="12" />
                <SequencePoint vc="3" uspid="231" ordinal="1" offset="7" sl="140" sc="13" el="140" ec="63" bec="0" bev="0" fileid="12" />
                <SequencePoint vc="3" uspid="232" ordinal="2" offset="18" sl="142" sc="13" el="152" ec="16" bec="0" bev="0" fileid="12" />
                <SequencePoint vc="3" uspid="233" ordinal="3" offset="37" sl="154" sc="13" el="154" ec="38" bec="0" bev="0" fileid="12" />
                <SequencePoint vc="3" uspid="234" ordinal="4" offset="46" sl="155" sc="9" el="155" ec="10" bec="0" bev="0" fileid="12" />
              </SequencePoints>
              <BranchPoints />
              <MethodPoint vc="3" uspid="235" ordinal="0" offset="0" />
            </Method>
            <Method visited="true" cyclomaticComplexity="3" nPathComplexity="4" sequenceCoverage="100" branchCoverage="100" isConstructor="false" isStatic="true" isGetter="false" isSetter="false">
              <Summary numSequencePoints="10" visitedSequencePoints="10" numBranchPoints="5" visitedBranchPoints="5" sequenceCoverage="100" branchCoverage="100" maxCyclomaticComplexity="3" minCyclomaticComplexity="3" visitedClasses="0" numClasses="0" visitedMethods="1" numMethods="1" />
              <MetadataToken>100663336</MetadataToken>
              <Name>ProjectManager.Entities.User ProjectManager.BusinessLayer.Mapper.ProjectManagerMapper::Map(ProjectManager.BusinessLayer.BusinessEntities.UserEntity,ProjectManager.Entities.User)</Name>
              <FileRef uid="12" />
              <SequencePoints>
                <SequencePoint vc="2" uspid="236" ordinal="0" offset="0" sl="158" sc="9" el="158" ec="10" bec="0" bev="0" fileid="12" />
                <SequencePoint vc="2" uspid="237" ordinal="1" offset="1" sl="159" sc="13" el="159" ec="53" bec="0" bev="0" fileid="12" />
                <SequencePoint vc="2" uspid="238" ordinal="2" offset="14" sl="160" sc="13" el="160" ec="51" bec="0" bev="0" fileid="12" />
                <SequencePoint vc="2" uspid="239" ordinal="3" offset="27" sl="161" sc="13" el="161" ec="49" bec="0" bev="0" fileid="12" />
                <SequencePoint vc="2" uspid="240" ordinal="4" offset="40" sl="162" sc="13" el="162" ec="44" bec="2" bev="2" fileid="12" />
                <SequencePoint vc="1" uspid="241" ordinal="5" offset="53" sl="163" sc="17" el="163" ec="63" bec="0" bev="0" fileid="12" />
                <SequencePoint vc="2" uspid="242" ordinal="6" offset="76" sl="164" sc="13" el="164" ec="41" bec="2" bev="2" fileid="12" />
                <SequencePoint vc="1" uspid="243" ordinal="7" offset="89" sl="165" sc="17" el="165" ec="54" bec="0" bev="0" fileid="12" />
                <SequencePoint vc="2" uspid="244" ordinal="8" offset="112" sl="167" sc="13" el="167" ec="25" bec="0" bev="0" fileid="12" />
                <SequencePoint vc="2" uspid="245" ordinal="9" offset="116" sl="168" sc="9" el="168" ec="10" bec="0" bev="0" fileid="12" />
              </SequencePoints>
              <BranchPoints>
                <BranchPoint vc="1" uspid="246" ordinal="0" offset="51" sl="162" path="0" offsetend="53" fileid="12" />
                <BranchPoint vc="1" uspid="247" ordinal="1" offset="51" sl="162" path="1" offsetend="76" fileid="12" />
                <BranchPoint vc="1" uspid="248" ordinal="2" offset="87" sl="164" path="0" offsetend="89" fileid="12" />
                <BranchPoint vc="1" uspid="249" ordinal="3" offset="87" sl="164" path="1" offsetend="112" fileid="12" />
              </BranchPoints>
              <MethodPoint xsi:type="SequencePoint" vc="2" uspid="236" ordinal="0" offset="0" sl="158" sc="9" el="158" ec="10" bec="0" bev="0" fileid="12" />
            </Method>
            <Method visited="true" cyclomaticComplexity="3" nPathComplexity="4" sequenceCoverage="100" branchCoverage="100" isConstructor="false" isStatic="true" isGetter="false" isSetter="false">
              <Summary numSequencePoints="11" visitedSequencePoints="11" numBranchPoints="5" visitedBranchPoints="5" sequenceCoverage="100" branchCoverage="100" maxCyclomaticComplexity="3" minCyclomaticComplexity="3" visitedClasses="0" numClasses="0" visitedMethods="1" numMethods="1" />
              <MetadataToken>100663337</MetadataToken>
              <Name>ProjectManager.Entities.User ProjectManager.BusinessLayer.Mapper.ProjectManagerMapper::Map(ProjectManager.BusinessLayer.BusinessEntities.UserEntity)</Name>
              <FileRef uid="12" />
              <SequencePoints>
                <SequencePoint vc="2" uspid="250" ordinal="0" offset="0" sl="171" sc="9" el="171" ec="10" bec="0" bev="0" fileid="12" />
                <SequencePoint vc="2" uspid="251" ordinal="1" offset="1" sl="172" sc="13" el="172" ec="36" bec="0" bev="0" fileid="12" />
                <SequencePoint vc="2" uspid="252" ordinal="2" offset="7" sl="173" sc="13" el="173" ec="53" bec="0" bev="0" fileid="12" />
                <SequencePoint vc="2" uspid="253" ordinal="3" offset="20" sl="174" sc="13" el="174" ec="51" bec="0" bev="0" fileid="12" />
                <SequencePoint vc="2" uspid="254" ordinal="4" offset="33" sl="175" sc="13" el="175" ec="49" bec="0" bev="0" fileid="12" />
                <SequencePoint vc="2" uspid="255" ordinal="5" offset="46" sl="176" sc="13" el="176" ec="44" bec="2" bev="2" fileid="12" />
                <SequencePoint vc="1" uspid="256" ordinal="6" offset="59" sl="177" sc="17" el="177" ec="63" bec="0" bev="0" fileid="12" />
                <SequencePoint vc="2" uspid="257" ordinal="7" offset="82" sl="178" sc="13" el="178" ec="41" bec="2" bev="2" fileid="12" />
                <SequencePoint vc="1" uspid="258" ordinal="8" offset="95" sl="179" sc="17" el="179" ec="54" bec="0" bev="0" fileid="12" />
                <SequencePoint vc="2" uspid="259" ordinal="9" offset="118" sl="181" sc="13" el="181" ec="25" bec="0" bev="0" fileid="12" />
                <SequencePoint vc="2" uspid="260" ordinal="10" offset="122" sl="182" sc="9" el="182" ec="10" bec="0" bev="0" fileid="12" />
              </SequencePoints>
              <BranchPoints>
                <BranchPoint vc="1" uspid="261" ordinal="0" offset="57" sl="176" path="0" offsetend="59" fileid="12" />
                <BranchPoint vc="1" uspid="262" ordinal="1" offset="57" sl="176" path="1" offsetend="82" fileid="12" />
                <BranchPoint vc="1" uspid="263" ordinal="2" offset="93" sl="178" path="0" offsetend="95" fileid="12" />
                <BranchPoint vc="1" uspid="264" ordinal="3" offset="93" sl="178" path="1" offsetend="118" fileid="12" />
              </BranchPoints>
              <MethodPoint xsi:type="SequencePoint" vc="2" uspid="250" ordinal="0" offset="0" sl="171" sc="9" el="171" ec="10" bec="0" bev="0" fileid="12" />
            </Method>
            <Method visited="true" cyclomaticComplexity="3" nPathComplexity="4" sequenceCoverage="100" branchCoverage="100" isConstructor="false" isStatic="true" isGetter="false" isSetter="false">
              <Summary numSequencePoints="12" visitedSequencePoints="12" numBranchPoints="5" visitedBranchPoints="5" sequenceCoverage="100" branchCoverage="100" maxCyclomaticComplexity="3" minCyclomaticComplexity="3" visitedClasses="0" numClasses="0" visitedMethods="1" numMethods="1" />
              <MetadataToken>100663338</MetadataToken>
              <Name>ProjectManager.BusinessLayer.BusinessEntities.UserEntity ProjectManager.BusinessLayer.Mapper.ProjectManagerMapper::Map(ProjectManager.Entities.User)</Name>
              <FileRef uid="12" />
              <SequencePoints>
                <SequencePoint vc="7" uspid="265" ordinal="0" offset="0" sl="185" sc="9" el="185" ec="10" bec="0" bev="0" fileid="12" />
                <SequencePoint vc="7" uspid="266" ordinal="1" offset="1" sl="186" sc="13" el="186" ec="47" bec="0" bev="0" fileid="12" />
                <SequencePoint vc="7" uspid="267" ordinal="2" offset="7" sl="187" sc="13" el="187" ec="45" bec="0" bev="0" fileid="12" />
                <SequencePoint vc="7" uspid="268" ordinal="3" offset="20" sl="188" sc="13" el="188" ec="53" bec="0" bev="0" fileid="12" />
                <SequencePoint vc="7" uspid="269" ordinal="4" offset="33" sl="189" sc="13" el="189" ec="51" bec="0" bev="0" fileid="12" />
                <SequencePoint vc="7" uspid="270" ordinal="5" offset="46" sl="190" sc="13" el="190" ec="49" bec="0" bev="0" fileid="12" />
                <SequencePoint vc="7" uspid="271" ordinal="6" offset="59" sl="191" sc="13" el="191" ec="38" bec="2" bev="2" fileid="12" />
                <SequencePoint vc="6" uspid="272" ordinal="7" offset="72" sl="192" sc="17" el="192" ec="95" bec="0" bev="0" fileid="12" />
                <SequencePoint vc="7" uspid="273" ordinal="8" offset="105" sl="193" sc="13" el="193" ec="35" bec="2" bev="2" fileid="12" />
                <SequencePoint vc="6" uspid="274" ordinal="9" offset="118" sl="194" sc="17" el="194" ec="83" bec="0" bev="0" fileid="12" />
                <SequencePoint vc="7" uspid="275" ordinal="10" offset="151" sl="196" sc="13" el="196" ec="31" bec="0" bev="0" fileid="12" />
                <SequencePoint vc="7" uspid="276" ordinal="11" offset="156" sl="197" sc="9" el="197" ec="10" bec="0" bev="0" fileid="12" />
              </SequencePoints>
              <BranchPoints>
                <BranchPoint vc="6" uspid="277" ordinal="0" offset="70" sl="191" path="0" offsetend="72" fileid="12" />
                <BranchPoint vc="1" uspid="278" ordinal="1" offset="70" sl="191" path="1" offsetend="105" fileid="12" />
                <BranchPoint vc="6" uspid="279" ordinal="2" offset="116" sl="193" path="0" offsetend="118" fileid="12" />
                <BranchPoint vc="1" uspid="280" ordinal="3" offset="116" sl="193" path="1" offsetend="151" fileid="12" />
              </BranchPoints>
              <MethodPoint xsi:type="SequencePoint" vc="7" uspid="265" ordinal="0" offset="0" sl="185" sc="9" el="185" ec="10" bec="0" bev="0" fileid="12" />
            </Method>
            <Method visited="true" cyclomaticComplexity="1" nPathComplexity="0" sequenceCoverage="100" branchCoverage="100" isConstructor="false" isStatic="true" isGetter="false" isSetter="false">
              <Summary numSequencePoints="5" visitedSequencePoints="5" numBranchPoints="1" visitedBranchPoints="1" sequenceCoverage="100" branchCoverage="100" maxCyclomaticComplexity="1" minCyclomaticComplexity="1" visitedClasses="0" numClasses="0" visitedMethods="1" numMethods="1" />
              <MetadataToken>100663339</MetadataToken>
              <Name>System.Collections.Generic.List`1&lt;ProjectManager.BusinessLayer.BusinessEntities.UserEntity&gt; ProjectManager.BusinessLayer.Mapper.ProjectManagerMapper::Map(System.Collections.Generic.List`1&lt;ProjectManager.Entities.User&gt;)</Name>
              <FileRef uid="12" />
              <SequencePoints>
                <SequencePoint vc="3" uspid="281" ordinal="0" offset="6" sl="200" sc="9" el="200" ec="10" bec="0" bev="0" fileid="12" />
                <SequencePoint vc="3" uspid="282" ordinal="1" offset="7" sl="201" sc="13" el="201" ec="57" bec="0" bev="0" fileid="12" />
                <SequencePoint vc="3" uspid="283" ordinal="2" offset="18" sl="202" sc="13" el="215" ec="16" bec="0" bev="0" fileid="12" />
                <SequencePoint vc="3" uspid="284" ordinal="3" offset="37" sl="217" sc="13" el="217" ec="35" bec="0" bev="0" fileid="12" />
                <SequencePoint vc="3" uspid="285" ordinal="4" offset="46" sl="218" sc="9" el="218" ec="10" bec="0" bev="0" fileid="12" />
              </SequencePoints>
              <BranchPoints />
              <MethodPoint vc="3" uspid="286" ordinal="0" offset="0" />
            </Method>
          </Methods>
        </Class>
        <Class>
          <Summary numSequencePoints="21" visitedSequencePoints="21" numBranchPoints="9" visitedBranchPoints="5" sequenceCoverage="100" branchCoverage="55.56" maxCyclomaticComplexity="6" minCyclomaticComplexity="1" visitedClasses="1" numClasses="1" visitedMethods="1" numMethods="1" />
          <FullName>ProjectManager.BusinessLayer.Mapper.ProjectManagerMapper/&lt;&gt;c__DisplayClass3_0</FullName>
          <Methods>
            <Method visited="true" cyclomaticComplexity="1" nPathComplexity="0" sequenceCoverage="0" branchCoverage="0" isConstructor="true" isStatic="false" isGetter="false" isSetter="false">
              <Summary numSequencePoints="0" visitedSequencePoints="0" numBranchPoints="0" visitedBranchPoints="0" sequenceCoverage="0" branchCoverage="0" maxCyclomaticComplexity="1" minCyclomaticComplexity="1" visitedClasses="0" numClasses="0" visitedMethods="0" numMethods="0" />
              <MetadataToken>100663390</MetadataToken>
              <Name>System.Void ProjectManager.BusinessLayer.Mapper.ProjectManagerMapper/&lt;&gt;c__DisplayClass3_0::.ctor()</Name>
              <SequencePoints />
              <BranchPoints />
              <MethodPoint vc="3" uspid="287" ordinal="0" offset="0" />
            </Method>
            <Method visited="true" cyclomaticComplexity="6" nPathComplexity="16" sequenceCoverage="100" branchCoverage="55.56" isConstructor="false" isStatic="false" isGetter="false" isSetter="false">
              <Summary numSequencePoints="21" visitedSequencePoints="21" numBranchPoints="9" visitedBranchPoints="5" sequenceCoverage="100" branchCoverage="55.56" maxCyclomaticComplexity="6" minCyclomaticComplexity="6" visitedClasses="0" numClasses="0" visitedMethods="1" numMethods="1" />
              <MetadataToken>100663391</MetadataToken>
              <Name>System.Void ProjectManager.BusinessLayer.Mapper.ProjectManagerMapper/&lt;&gt;c__DisplayClass3_0::&lt;Map&gt;b__0(ProjectManager.Entities.Task)</Name>
              <FileRef uid="12" />
              <SequencePoints>
                <SequencePoint vc="3" uspid="288" ordinal="0" offset="0" sl="77" sc="13" el="77" ec="14" bec="0" bev="0" fileid="12" />
                <SequencePoint vc="3" uspid="289" ordinal="1" offset="1" sl="78" sc="17" el="78" ec="51" bec="0" bev="0" fileid="12" />
                <SequencePoint vc="3" uspid="290" ordinal="2" offset="7" sl="80" sc="17" el="80" ec="49" bec="0" bev="0" fileid="12" />
                <SequencePoint vc="3" uspid="291" ordinal="3" offset="20" sl="81" sc="17" el="81" ec="53" bec="0" bev="0" fileid="12" />
                <SequencePoint vc="3" uspid="292" ordinal="4" offset="33" sl="82" sc="17" el="82" ec="45" bec="2" bev="1" fileid="12" />
                <SequencePoint vc="3" uspid="293" ordinal="5" offset="46" sl="83" sc="17" el="83" ec="18" bec="0" bev="0" fileid="12" />
                <SequencePoint vc="3" uspid="294" ordinal="6" offset="47" sl="84" sc="21" el="84" ec="76" bec="0" bev="0" fileid="12" />
                <SequencePoint vc="3" uspid="295" ordinal="7" offset="70" sl="85" sc="21" el="85" ec="76" bec="0" bev="0" fileid="12" />
                <SequencePoint vc="3" uspid="296" ordinal="8" offset="88" sl="86" sc="17" el="86" ec="18" bec="0" bev="0" fileid="12" />
                <SequencePoint vc="3" uspid="297" ordinal="9" offset="89" sl="87" sc="17" el="87" ec="53" bec="0" bev="0" fileid="12" />
                <SequencePoint vc="3" uspid="298" ordinal="10" offset="102" sl="88" sc="17" el="88" ec="55" bec="0" bev="0" fileid="12" />
                <SequencePoint vc="3" uspid="299" ordinal="11" offset="115" sl="89" sc="17" el="89" ec="51" bec="0" bev="0" fileid="12" />
                <SequencePoint vc="3" uspid="300" ordinal="12" offset="128" sl="90" sc="17" el="90" ec="65" bec="2" bev="1" fileid="12" />
                <SequencePoint vc="3" uspid="301" ordinal="13" offset="164" sl="91" sc="17" el="91" ec="45" bec="2" bev="1" fileid="12" />
                <SequencePoint vc="3" uspid="302" ordinal="14" offset="184" sl="92" sc="21" el="92" ec="99" bec="0" bev="0" fileid="12" />
                <SequencePoint vc="3" uspid="303" ordinal="15" offset="217" sl="93" sc="17" el="93" ec="45" bec="2" bev="1" fileid="12" />
                <SequencePoint vc="3" uspid="304" ordinal="16" offset="232" sl="94" sc="17" el="94" ec="18" bec="0" bev="0" fileid="12" />
                <SequencePoint vc="3" uspid="305" ordinal="17" offset="233" sl="95" sc="21" el="95" ec="131" bec="0" bev="0" fileid="12" />
                <SequencePoint vc="3" uspid="306" ordinal="18" offset="281" sl="96" sc="17" el="96" ec="18" bec="0" bev="0" fileid="12" />
                <SequencePoint vc="3" uspid="307" ordinal="19" offset="282" sl="98" sc="17" el="98" ec="48" bec="0" bev="0" fileid="12" />
                <SequencePoint vc="3" uspid="308" ordinal="20" offset="295" sl="99" sc="13" el="99" ec="14" bec="0" bev="0" fileid="12" />
              </SequencePoints>
              <BranchPoints>
                <BranchPoint vc="3" uspid="309" ordinal="0" offset="44" sl="82" path="0" offsetend="46" fileid="12" />
                <BranchPoint vc="0" uspid="310" ordinal="1" offset="44" sl="82" path="1" offsetend="89" fileid="12" />
                <BranchPoint vc="3" uspid="311" ordinal="2" offset="146" sl="90" path="0" offsetend="148" fileid="12" />
                <BranchPoint vc="0" uspid="312" ordinal="3" offset="146" sl="90" path="1" offsetend="151" fileid="12" />
                <BranchPoint vc="3" uspid="313" ordinal="4" offset="182" sl="91" path="0" offsetend="184" fileid="12" />
                <BranchPoint vc="0" uspid="314" ordinal="5" offset="182" sl="91" path="1" offsetend="217" fileid="12" />
                <BranchPoint vc="3" uspid="315" ordinal="6" offset="230" sl="93" path="0" offsetend="232" fileid="12" />
                <BranchPoint vc="0" uspid="316" ordinal="7" offset="230" sl="93" path="1" offsetend="282" fileid="12" />
              </BranchPoints>
              <MethodPoint xsi:type="SequencePoint" vc="3" uspid="288" ordinal="0" offset="0" sl="77" sc="13" el="77" ec="14" bec="0" bev="0" fileid="12" />
            </Method>
          </Methods>
        </Class>
        <Class>
          <Summary numSequencePoints="9" visitedSequencePoints="9" numBranchPoints="1" visitedBranchPoints="1" sequenceCoverage="100" branchCoverage="100" maxCyclomaticComplexity="1" minCyclomaticComplexity="1" visitedClasses="1" numClasses="1" visitedMethods="1" numMethods="1" />
          <FullName>ProjectManager.BusinessLayer.Mapper.ProjectManagerMapper/&lt;&gt;c__DisplayClass7_0</FullName>
          <Methods>
            <Method visited="true" cyclomaticComplexity="1" nPathComplexity="0" sequenceCoverage="0" branchCoverage="0" isConstructor="true" isStatic="false" isGetter="false" isSetter="false">
              <Summary numSequencePoints="0" visitedSequencePoints="0" numBranchPoints="0" visitedBranchPoints="0" sequenceCoverage="0" branchCoverage="0" maxCyclomaticComplexity="1" minCyclomaticComplexity="1" visitedClasses="0" numClasses="0" visitedMethods="0" numMethods="0" />
              <MetadataToken>100663392</MetadataToken>
              <Name>System.Void ProjectManager.BusinessLayer.Mapper.ProjectManagerMapper/&lt;&gt;c__DisplayClass7_0::.ctor()</Name>
              <SequencePoints />
              <BranchPoints />
              <MethodPoint vc="3" uspid="317" ordinal="0" offset="0" />
            </Method>
            <Method visited="true" cyclomaticComplexity="1" nPathComplexity="0" sequenceCoverage="100" branchCoverage="100" isConstructor="false" isStatic="false" isGetter="false" isSetter="false">
              <Summary numSequencePoints="9" visitedSequencePoints="9" numBranchPoints="1" visitedBranchPoints="1" sequenceCoverage="100" branchCoverage="100" maxCyclomaticComplexity="1" minCyclomaticComplexity="1" visitedClasses="0" numClasses="0" visitedMethods="1" numMethods="1" />
              <MetadataToken>100663393</MetadataToken>
              <Name>System.Void ProjectManager.BusinessLayer.Mapper.ProjectManagerMapper/&lt;&gt;c__DisplayClass7_0::&lt;Map&gt;b__0(ProjectManager.Entities.Project)</Name>
              <FileRef uid="12" />
              <SequencePoints>
                <SequencePoint vc="3" uspid="318" ordinal="0" offset="0" sl="143" sc="13" el="143" ec="14" bec="0" bev="0" fileid="12" />
                <SequencePoint vc="3" uspid="319" ordinal="1" offset="1" sl="144" sc="17" el="144" ec="57" bec="0" bev="0" fileid="12" />
                <SequencePoint vc="3" uspid="320" ordinal="2" offset="7" sl="145" sc="17" el="145" ec="61" bec="0" bev="0" fileid="12" />
                <SequencePoint vc="3" uspid="321" ordinal="3" offset="20" sl="146" sc="17" el="146" ec="65" bec="0" bev="0" fileid="12" />
                <SequencePoint vc="3" uspid="322" ordinal="4" offset="33" sl="147" sc="17" el="147" ec="59" bec="0" bev="0" fileid="12" />
                <SequencePoint vc="3" uspid="323" ordinal="5" offset="46" sl="148" sc="17" el="148" ec="61" bec="0" bev="0" fileid="12" />
                <SequencePoint vc="3" uspid="324" ordinal="6" offset="59" sl="149" sc="17" el="149" ec="57" bec="0" bev="0" fileid="12" />
                <SequencePoint vc="3" uspid="325" ordinal="7" offset="72" sl="151" sc="17" el="151" ec="54" bec="0" bev="0" fileid="12" />
                <SequencePoint vc="3" uspid="326" ordinal="8" offset="85" sl="152" sc="13" el="152" ec="14" bec="0" bev="0" fileid="12" />
              </SequencePoints>
              <BranchPoints />
              <MethodPoint xsi:type="SequencePoint" vc="3" uspid="318" ordinal="0" offset="0" sl="143" sc="13" el="143" ec="14" bec="0" bev="0" fileid="12" />
            </Method>
          </Methods>
        </Class>
        <Class>
          <Summary numSequencePoints="12" visitedSequencePoints="12" numBranchPoints="5" visitedBranchPoints="3" sequenceCoverage="100" branchCoverage="60" maxCyclomaticComplexity="3" minCyclomaticComplexity="1" visitedClasses="1" numClasses="1" visitedMethods="1" numMethods="1" />
          <FullName>ProjectManager.BusinessLayer.Mapper.ProjectManagerMapper/&lt;&gt;c__DisplayClass11_0</FullName>
          <Methods>
            <Method visited="true" cyclomaticComplexity="1" nPathComplexity="0" sequenceCoverage="0" branchCoverage="0" isConstructor="true" isStatic="false" isGetter="false" isSetter="false">
              <Summary numSequencePoints="0" visitedSequencePoints="0" numBranchPoints="0" visitedBranchPoints="0" sequenceCoverage="0" branchCoverage="0" maxCyclomaticComplexity="1" minCyclomaticComplexity="1" visitedClasses="0" numClasses="0" visitedMethods="0" numMethods="0" />
              <MetadataToken>100663394</MetadataToken>
              <Name>System.Void ProjectManager.BusinessLayer.Mapper.ProjectManagerMapper/&lt;&gt;c__DisplayClass11_0::.ctor()</Name>
              <SequencePoints />
              <BranchPoints />
              <MethodPoint vc="3" uspid="327" ordinal="0" offset="0" />
            </Method>
            <Method visited="true" cyclomaticComplexity="3" nPathComplexity="4" sequenceCoverage="100" branchCoverage="60" isConstructor="false" isStatic="false" isGetter="false" isSetter="false">
              <Summary numSequencePoints="12" visitedSequencePoints="12" numBranchPoints="5" visitedBranchPoints="3" sequenceCoverage="100" branchCoverage="60" maxCyclomaticComplexity="3" minCyclomaticComplexity="3" visitedClasses="0" numClasses="0" visitedMethods="1" numMethods="1" />
              <MetadataToken>100663395</MetadataToken>
              <Name>System.Void ProjectManager.BusinessLayer.Mapper.ProjectManagerMapper/&lt;&gt;c__DisplayClass11_0::&lt;Map&gt;b__0(ProjectManager.Entities.User)</Name>
              <FileRef uid="12" />
              <SequencePoints>
                <SequencePoint vc="3" uspid="328" ordinal="0" offset="0" sl="203" sc="13" el="203" ec="14" bec="0" bev="0" fileid="12" />
                <SequencePoint vc="3" uspid="329" ordinal="1" offset="1" sl="204" sc="17" el="204" ec="51" bec="0" bev="0" fileid="12" />
                <SequencePoint vc="3" uspid="330" ordinal="2" offset="7" sl="205" sc="17" el="205" ec="49" bec="0" bev="0" fileid="12" />
                <SequencePoint vc="3" uspid="331" ordinal="3" offset="20" sl="206" sc="17" el="206" ec="57" bec="0" bev="0" fileid="12" />
                <SequencePoint vc="3" uspid="332" ordinal="4" offset="33" sl="207" sc="17" el="207" ec="55" bec="0" bev="0" fileid="12" />
                <SequencePoint vc="3" uspid="333" ordinal="5" offset="46" sl="208" sc="17" el="208" ec="53" bec="0" bev="0" fileid="12" />
                <SequencePoint vc="3" uspid="334" ordinal="6" offset="59" sl="209" sc="17" el="209" ec="42" bec="2" bev="1" fileid="12" />
                <SequencePoint vc="3" uspid="335" ordinal="7" offset="72" sl="210" sc="21" el="210" ec="99" bec="0" bev="0" fileid="12" />
                <SequencePoint vc="3" uspid="336" ordinal="8" offset="105" sl="211" sc="17" el="211" ec="39" bec="2" bev="1" fileid="12" />
                <SequencePoint vc="3" uspid="337" ordinal="9" offset="118" sl="212" sc="21" el="212" ec="87" bec="0" bev="0" fileid="12" />
                <SequencePoint vc="3" uspid="338" ordinal="10" offset="151" sl="214" sc="17" el="214" ec="48" bec="0" bev="0" fileid="12" />
                <SequencePoint vc="3" uspid="339" ordinal="11" offset="164" sl="215" sc="13" el="215" ec="14" bec="0" bev="0" fileid="12" />
              </SequencePoints>
              <BranchPoints>
                <BranchPoint vc="3" uspid="340" ordinal="0" offset="70" sl="209" path="0" offsetend="72" fileid="12" />
                <BranchPoint vc="0" uspid="341" ordinal="1" offset="70" sl="209" path="1" offsetend="105" fileid="12" />
                <BranchPoint vc="3" uspid="342" ordinal="2" offset="116" sl="211" path="0" offsetend="118" fileid="12" />
                <BranchPoint vc="0" uspid="343" ordinal="3" offset="116" sl="211" path="1" offsetend="151" fileid="12" />
              </BranchPoints>
              <MethodPoint xsi:type="SequencePoint" vc="3" uspid="328" ordinal="0" offset="0" sl="203" sc="13" el="203" ec="14" bec="0" bev="0" fileid="12" />
            </Method>
          </Methods>
        </Class>
        <Class>
          <Summary numSequencePoints="10" visitedSequencePoints="10" numBranchPoints="10" visitedBranchPoints="10" sequenceCoverage="100" branchCoverage="100" maxCyclomaticComplexity="1" minCyclomaticComplexity="1" visitedClasses="1" numClasses="1" visitedMethods="10" numMethods="10" />
          <FullName>ProjectManager.BusinessLayer.BusinessEntities.ProjectEntity</FullName>
          <Methods>
            <Method visited="true" cyclomaticComplexity="1" nPathComplexity="0" sequenceCoverage="100" branchCoverage="100" isConstructor="false" isStatic="false" isGetter="true" isSetter="false">
              <Summary numSequencePoints="1" visitedSequencePoints="1" numBranchPoints="1" visitedBranchPoints="1" sequenceCoverage="100" branchCoverage="100" maxCyclomaticComplexity="1" minCyclomaticComplexity="1" visitedClasses="0" numClasses="0" visitedMethods="1" numMethods="1" />
              <MetadataToken>100663340</MetadataToken>
              <Name>System.Int32 ProjectManager.BusinessLayer.BusinessEntities.ProjectEntity::get_ProjectId()</Name>
              <FileRef uid="16" />
              <SequencePoints>
                <SequencePoint vc="10" uspid="344" ordinal="0" offset="0" sl="7" sc="32" el="7" ec="36" bec="0" bev="0" fileid="16" />
              </SequencePoints>
              <BranchPoints />
              <MethodPoint xsi:type="SequencePoint" vc="10" uspid="344" ordinal="0" offset="0" sl="7" sc="32" el="7" ec="36" bec="0" bev="0" fileid="16" />
            </Method>
            <Method visited="true" cyclomaticComplexity="1" nPathComplexity="0" sequenceCoverage="100" branchCoverage="100" isConstructor="false" isStatic="false" isGetter="false" isSetter="true">
              <Summary numSequencePoints="1" visitedSequencePoints="1" numBranchPoints="1" visitedBranchPoints="1" sequenceCoverage="100" branchCoverage="100" maxCyclomaticComplexity="1" minCyclomaticComplexity="1" visitedClasses="0" numClasses="0" visitedMethods="1" numMethods="1" />
              <MetadataToken>100663341</MetadataToken>
              <Name>System.Void ProjectManager.BusinessLayer.BusinessEntities.ProjectEntity::set_ProjectId(System.Int32)</Name>
              <FileRef uid="16" />
              <SequencePoints>
                <SequencePoint vc="29" uspid="345" ordinal="0" offset="0" sl="7" sc="37" el="7" ec="41" bec="0" bev="0" fileid="16" />
              </SequencePoints>
              <BranchPoints />
              <MethodPoint xsi:type="SequencePoint" vc="29" uspid="345" ordinal="0" offset="0" sl="7" sc="37" el="7" ec="41" bec="0" bev="0" fileid="16" />
            </Method>
            <Method visited="true" cyclomaticComplexity="1" nPathComplexity="0" sequenceCoverage="100" branchCoverage="100" isConstructor="false" isStatic="false" isGetter="true" isSetter="false">
              <Summary numSequencePoints="1" visitedSequencePoints="1" numBranchPoints="1" visitedBranchPoints="1" sequenceCoverage="100" branchCoverage="100" maxCyclomaticComplexity="1" minCyclomaticComplexity="1" visitedClasses="0" numClasses="0" visitedMethods="1" numMethods="1" />
              <MetadataToken>100663342</MetadataToken>
              <Name>System.String ProjectManager.BusinessLayer.BusinessEntities.ProjectEntity::get_ProjectName()</Name>
              <FileRef uid="16" />
              <SequencePoints>
                <SequencePoint vc="7" uspid="346" ordinal="0" offset="0" sl="9" sc="37" el="9" ec="41" bec="0" bev="0" fileid="16" />
              </SequencePoints>
              <BranchPoints />
              <MethodPoint xsi:type="SequencePoint" vc="7" uspid="346" ordinal="0" offset="0" sl="9" sc="37" el="9" ec="41" bec="0" bev="0" fileid="16" />
            </Method>
            <Method visited="true" cyclomaticComplexity="1" nPathComplexity="0" sequenceCoverage="100" branchCoverage="100" isConstructor="false" isStatic="false" isGetter="false" isSetter="true">
              <Summary numSequencePoints="1" visitedSequencePoints="1" numBranchPoints="1" visitedBranchPoints="1" sequenceCoverage="100" branchCoverage="100" maxCyclomaticComplexity="1" minCyclomaticComplexity="1" visitedClasses="0" numClasses="0" visitedMethods="1" numMethods="1" />
              <MetadataToken>100663343</MetadataToken>
              <Name>System.Void ProjectManager.BusinessLayer.BusinessEntities.ProjectEntity::set_ProjectName(System.String)</Name>
              <FileRef uid="16" />
              <SequencePoints>
                <SequencePoint vc="9" uspid="347" ordinal="0" offset="0" sl="9" sc="42" el="9" ec="46" bec="0" bev="0" fileid="16" />
              </SequencePoints>
              <BranchPoints />
              <MethodPoint xsi:type="SequencePoint" vc="9" uspid="347" ordinal="0" offset="0" sl="9" sc="42" el="9" ec="46" bec="0" bev="0" fileid="16" />
            </Method>
            <Method visited="true" cyclomaticComplexity="1" nPathComplexity="0" sequenceCoverage="100" branchCoverage="100" isConstructor="false" isStatic="false" isGetter="true" isSetter="false">
              <Summary numSequencePoints="1" visitedSequencePoints="1" numBranchPoints="1" visitedBranchPoints="1" sequenceCoverage="100" branchCoverage="100" maxCyclomaticComplexity="1" minCyclomaticComplexity="1" visitedClasses="0" numClasses="0" visitedMethods="1" numMethods="1" />
              <MetadataToken>100663344</MetadataToken>
              <Name>System.Int32 ProjectManager.BusinessLayer.BusinessEntities.ProjectEntity::get_Priority()</Name>
              <FileRef uid="16" />
              <SequencePoints>
                <SequencePoint vc="4" uspid="348" ordinal="0" offset="0" sl="11" sc="31" el="11" ec="35" bec="0" bev="0" fileid="16" />
              </SequencePoints>
              <BranchPoints />
              <MethodPoint xsi:type="SequencePoint" vc="4" uspid="348" ordinal="0" offset="0" sl="11" sc="31" el="11" ec="35" bec="0" bev="0" fileid="16" />
            </Method>
            <Method visited="true" cyclomaticComplexity="1" nPathComplexity="0" sequenceCoverage="100" branchCoverage="100" isConstructor="false" isStatic="false" isGetter="false" isSetter="true">
              <Summary numSequencePoints="1" visitedSequencePoints="1" numBranchPoints="1" visitedBranchPoints="1" sequenceCoverage="100" branchCoverage="100" maxCyclomaticComplexity="1" minCyclomaticComplexity="1" visitedClasses="0" numClasses="0" visitedMethods="1" numMethods="1" />
              <MetadataToken>100663345</MetadataToken>
              <Name>System.Void ProjectManager.BusinessLayer.BusinessEntities.ProjectEntity::set_Priority(System.Int32)</Name>
              <FileRef uid="16" />
              <SequencePoints>
                <SequencePoint vc="9" uspid="349" ordinal="0" offset="0" sl="11" sc="36" el="11" ec="40" bec="0" bev="0" fileid="16" />
              </SequencePoints>
              <BranchPoints />
              <MethodPoint xsi:type="SequencePoint" vc="9" uspid="349" ordinal="0" offset="0" sl="11" sc="36" el="11" ec="40" bec="0" bev="0" fileid="16" />
            </Method>
            <Method visited="true" cyclomaticComplexity="1" nPathComplexity="0" sequenceCoverage="100" branchCoverage="100" isConstructor="false" isStatic="false" isGetter="true" isSetter="false">
              <Summary numSequencePoints="1" visitedSequencePoints="1" numBranchPoints="1" visitedBranchPoints="1" sequenceCoverage="100" branchCoverage="100" maxCyclomaticComplexity="1" minCyclomaticComplexity="1" visitedClasses="0" numClasses="0" visitedMethods="1" numMethods="1" />
              <MetadataToken>100663346</MetadataToken>
              <Name>System.DateTime ProjectManager.BusinessLayer.BusinessEntities.ProjectEntity::get_StartDate()</Name>
              <FileRef uid="16" />
              <SequencePoints>
                <SequencePoint vc="4" uspid="350" ordinal="0" offset="0" sl="13" sc="37" el="13" ec="41" bec="0" bev="0" fileid="16" />
              </SequencePoints>
              <BranchPoints />
              <MethodPoint xsi:type="SequencePoint" vc="4" uspid="350" ordinal="0" offset="0" sl="13" sc="37" el="13" ec="41" bec="0" bev="0" fileid="16" />
            </Method>
            <Method visited="true" cyclomaticComplexity="1" nPathComplexity="0" sequenceCoverage="100" branchCoverage="100" isConstructor="false" isStatic="false" isGetter="false" isSetter="true">
              <Summary numSequencePoints="1" visitedSequencePoints="1" numBranchPoints="1" visitedBranchPoints="1" sequenceCoverage="100" branchCoverage="100" maxCyclomaticComplexity="1" minCyclomaticComplexity="1" visitedClasses="0" numClasses="0" visitedMethods="1" numMethods="1" />
              <MetadataToken>100663347</MetadataToken>
              <Name>System.Void ProjectManager.BusinessLayer.BusinessEntities.ProjectEntity::set_StartDate(System.DateTime)</Name>
              <FileRef uid="16" />
              <SequencePoints>
                <SequencePoint vc="9" uspid="351" ordinal="0" offset="0" sl="13" sc="42" el="13" ec="46" bec="0" bev="0" fileid="16" />
              </SequencePoints>
              <BranchPoints />
              <MethodPoint xsi:type="SequencePoint" vc="9" uspid="351" ordinal="0" offset="0" sl="13" sc="42" el="13" ec="46" bec="0" bev="0" fileid="16" />
            </Method>
            <Method visited="true" cyclomaticComplexity="1" nPathComplexity="0" sequenceCoverage="100" branchCoverage="100" isConstructor="false" isStatic="false" isGetter="true" isSetter="false">
              <Summary numSequencePoints="1" visitedSequencePoints="1" numBranchPoints="1" visitedBranchPoints="1" sequenceCoverage="100" branchCoverage="100" maxCyclomaticComplexity="1" minCyclomaticComplexity="1" visitedClasses="0" numClasses="0" visitedMethods="1" numMethods="1" />
              <MetadataToken>100663348</MetadataToken>
              <Name>System.DateTime ProjectManager.BusinessLayer.BusinessEntities.ProjectEntity::get_EndDate()</Name>
              <FileRef uid="16" />
              <SequencePoints>
                <SequencePoint vc="4" uspid="352" ordinal="0" offset="0" sl="15" sc="35" el="15" ec="39" bec="0" bev="0" fileid="16" />
              </SequencePoints>
              <BranchPoints />
              <MethodPoint xsi:type="SequencePoint" vc="4" uspid="352" ordinal="0" offset="0" sl="15" sc="35" el="15" ec="39" bec="0" bev="0" fileid="16" />
            </Method>
            <Method visited="true" cyclomaticComplexity="1" nPathComplexity="0" sequenceCoverage="100" branchCoverage="100" isConstructor="false" isStatic="false" isGetter="false" isSetter="true">
              <Summary numSequencePoints="1" visitedSequencePoints="1" numBranchPoints="1" visitedBranchPoints="1" sequenceCoverage="100" branchCoverage="100" maxCyclomaticComplexity="1" minCyclomaticComplexity="1" visitedClasses="0" numClasses="0" visitedMethods="1" numMethods="1" />
              <MetadataToken>100663349</MetadataToken>
              <Name>System.Void ProjectManager.BusinessLayer.BusinessEntities.ProjectEntity::set_EndDate(System.DateTime)</Name>
              <FileRef uid="16" />
              <SequencePoints>
                <SequencePoint vc="9" uspid="353" ordinal="0" offset="0" sl="15" sc="40" el="15" ec="44" bec="0" bev="0" fileid="16" />
              </SequencePoints>
              <BranchPoints />
              <MethodPoint xsi:type="SequencePoint" vc="9" uspid="353" ordinal="0" offset="0" sl="15" sc="40" el="15" ec="44" bec="0" bev="0" fileid="16" />
            </Method>
            <Method visited="true" cyclomaticComplexity="1" nPathComplexity="0" sequenceCoverage="0" branchCoverage="0" isConstructor="true" isStatic="false" isGetter="false" isSetter="false">
              <Summary numSequencePoints="0" visitedSequencePoints="0" numBranchPoints="0" visitedBranchPoints="0" sequenceCoverage="0" branchCoverage="0" maxCyclomaticComplexity="1" minCyclomaticComplexity="1" visitedClasses="0" numClasses="0" visitedMethods="0" numMethods="0" />
              <MetadataToken>100663350</MetadataToken>
              <Name>System.Void ProjectManager.BusinessLayer.BusinessEntities.ProjectEntity::.ctor()</Name>
              <SequencePoints />
              <BranchPoints />
              <MethodPoint vc="27" uspid="354" ordinal="0" offset="0" />
            </Method>
          </Methods>
        </Class>
        <Class>
          <Summary numSequencePoints="20" visitedSequencePoints="18" numBranchPoints="20" visitedBranchPoints="18" sequenceCoverage="90" branchCoverage="90" maxCyclomaticComplexity="1" minCyclomaticComplexity="1" visitedClasses="1" numClasses="1" visitedMethods="18" numMethods="20" />
          <FullName>ProjectManager.BusinessLayer.BusinessEntities.TaskEntity</FullName>
          <Methods>
            <Method visited="true" cyclomaticComplexity="1" nPathComplexity="0" sequenceCoverage="100" branchCoverage="100" isConstructor="false" isStatic="false" isGetter="true" isSetter="false">
              <Summary numSequencePoints="1" visitedSequencePoints="1" numBranchPoints="1" visitedBranchPoints="1" sequenceCoverage="100" branchCoverage="100" maxCyclomaticComplexity="1" minCyclomaticComplexity="1" visitedClasses="0" numClasses="0" visitedMethods="1" numMethods="1" />
              <MetadataToken>100663351</MetadataToken>
              <Name>System.Int32 ProjectManager.BusinessLayer.BusinessEntities.TaskEntity::get_TaskId()</Name>
              <FileRef uid="17" />
              <SequencePoints>
                <SequencePoint vc="9" uspid="355" ordinal="0" offset="0" sl="7" sc="29" el="7" ec="33" bec="0" bev="0" fileid="17" />
              </SequencePoints>
              <BranchPoints />
              <MethodPoint xsi:type="SequencePoint" vc="9" uspid="355" ordinal="0" offset="0" sl="7" sc="29" el="7" ec="33" bec="0" bev="0" fileid="17" />
            </Method>
            <Method visited="true" cyclomaticComplexity="1" nPathComplexity="0" sequenceCoverage="100" branchCoverage="100" isConstructor="false" isStatic="false" isGetter="false" isSetter="true">
              <Summary numSequencePoints="1" visitedSequencePoints="1" numBranchPoints="1" visitedBranchPoints="1" sequenceCoverage="100" branchCoverage="100" maxCyclomaticComplexity="1" minCyclomaticComplexity="1" visitedClasses="0" numClasses="0" visitedMethods="1" numMethods="1" />
              <MetadataToken>100663352</MetadataToken>
              <Name>System.Void ProjectManager.BusinessLayer.BusinessEntities.TaskEntity::set_TaskId(System.Int32)</Name>
              <FileRef uid="17" />
              <SequencePoints>
                <SequencePoint vc="24" uspid="356" ordinal="0" offset="0" sl="7" sc="34" el="7" ec="38" bec="0" bev="0" fileid="17" />
              </SequencePoints>
              <BranchPoints />
              <MethodPoint xsi:type="SequencePoint" vc="24" uspid="356" ordinal="0" offset="0" sl="7" sc="34" el="7" ec="38" bec="0" bev="0" fileid="17" />
            </Method>
            <Method visited="true" cyclomaticComplexity="1" nPathComplexity="0" sequenceCoverage="100" branchCoverage="100" isConstructor="false" isStatic="false" isGetter="true" isSetter="false">
              <Summary numSequencePoints="1" visitedSequencePoints="1" numBranchPoints="1" visitedBranchPoints="1" sequenceCoverage="100" branchCoverage="100" maxCyclomaticComplexity="1" minCyclomaticComplexity="1" visitedClasses="0" numClasses="0" visitedMethods="1" numMethods="1" />
              <MetadataToken>100663353</MetadataToken>
              <Name>System.String ProjectManager.BusinessLayer.BusinessEntities.TaskEntity::get_TaskName()</Name>
              <FileRef uid="17" />
              <SequencePoints>
                <SequencePoint vc="10" uspid="357" ordinal="0" offset="0" sl="8" sc="34" el="8" ec="38" bec="0" bev="0" fileid="17" />
              </SequencePoints>
              <BranchPoints />
              <MethodPoint xsi:type="SequencePoint" vc="10" uspid="357" ordinal="0" offset="0" sl="8" sc="34" el="8" ec="38" bec="0" bev="0" fileid="17" />
            </Method>
            <Method visited="true" cyclomaticComplexity="1" nPathComplexity="0" sequenceCoverage="100" branchCoverage="100" isConstructor="false" isStatic="false" isGetter="false" isSetter="true">
              <Summary numSequencePoints="1" visitedSequencePoints="1" numBranchPoints="1" visitedBranchPoints="1" sequenceCoverage="100" branchCoverage="100" maxCyclomaticComplexity="1" minCyclomaticComplexity="1" visitedClasses="0" numClasses="0" visitedMethods="1" numMethods="1" />
              <MetadataToken>100663354</MetadataToken>
              <Name>System.Void ProjectManager.BusinessLayer.BusinessEntities.TaskEntity::set_TaskName(System.String)</Name>
              <FileRef uid="17" />
              <SequencePoints>
                <SequencePoint vc="12" uspid="358" ordinal="0" offset="0" sl="8" sc="39" el="8" ec="43" bec="0" bev="0" fileid="17" />
              </SequencePoints>
              <BranchPoints />
              <MethodPoint xsi:type="SequencePoint" vc="12" uspid="358" ordinal="0" offset="0" sl="8" sc="39" el="8" ec="43" bec="0" bev="0" fileid="17" />
            </Method>
            <Method visited="true" cyclomaticComplexity="1" nPathComplexity="0" sequenceCoverage="100" branchCoverage="100" isConstructor="false" isStatic="false" isGetter="true" isSetter="false">
              <Summary numSequencePoints="1" visitedSequencePoints="1" numBranchPoints="1" visitedBranchPoints="1" sequenceCoverage="100" branchCoverage="100" maxCyclomaticComplexity="1" minCyclomaticComplexity="1" visitedClasses="0" numClasses="0" visitedMethods="1" numMethods="1" />
              <MetadataToken>100663355</MetadataToken>
              <Name>System.Int32 ProjectManager.BusinessLayer.BusinessEntities.TaskEntity::get_Priority()</Name>
              <FileRef uid="17" />
              <SequencePoints>
                <SequencePoint vc="6" uspid="359" ordinal="0" offset="0" sl="9" sc="31" el="9" ec="35" bec="0" bev="0" fileid="17" />
              </SequencePoints>
              <BranchPoints />
              <MethodPoint xsi:type="SequencePoint" vc="6" uspid="359" ordinal="0" offset="0" sl="9" sc="31" el="9" ec="35" bec="0" bev="0" fileid="17" />
            </Method>
            <Method visited="true" cyclomaticComplexity="1" nPathComplexity="0" sequenceCoverage="100" branchCoverage="100" isConstructor="false" isStatic="false" isGetter="false" isSetter="true">
              <Summary numSequencePoints="1" visitedSequencePoints="1" numBranchPoints="1" visitedBranchPoints="1" sequenceCoverage="100" branchCoverage="100" maxCyclomaticComplexity="1" minCyclomaticComplexity="1" visitedClasses="0" numClasses="0" visitedMethods="1" numMethods="1" />
              <MetadataToken>100663356</MetadataToken>
              <Name>System.Void ProjectManager.BusinessLayer.BusinessEntities.TaskEntity::set_Priority(System.Int32)</Name>
              <FileRef uid="17" />
              <SequencePoints>
                <SequencePoint vc="12" uspid="360" ordinal="0" offset="0" sl="9" sc="36" el="9" ec="40" bec="0" bev="0" fileid="17" />
              </SequencePoints>
              <BranchPoints />
              <MethodPoint xsi:type="SequencePoint" vc="12" uspid="360" ordinal="0" offset="0" sl="9" sc="36" el="9" ec="40" bec="0" bev="0" fileid="17" />
            </Method>
            <Method visited="true" cyclomaticComplexity="1" nPathComplexity="0" sequenceCoverage="100" branchCoverage="100" isConstructor="false" isStatic="false" isGetter="true" isSetter="false">
              <Summary numSequencePoints="1" visitedSequencePoints="1" numBranchPoints="1" visitedBranchPoints="1" sequenceCoverage="100" branchCoverage="100" maxCyclomaticComplexity="1" minCyclomaticComplexity="1" visitedClasses="0" numClasses="0" visitedMethods="1" numMethods="1" />
              <MetadataToken>100663357</MetadataToken>
              <Name>System.DateTime ProjectManager.BusinessLayer.BusinessEntities.TaskEntity::get_StartDate()</Name>
              <FileRef uid="17" />
              <SequencePoints>
                <SequencePoint vc="6" uspid="361" ordinal="0" offset="0" sl="10" sc="37" el="10" ec="41" bec="0" bev="0" fileid="17" />
              </SequencePoints>
              <BranchPoints />
              <MethodPoint xsi:type="SequencePoint" vc="6" uspid="361" ordinal="0" offset="0" sl="10" sc="37" el="10" ec="41" bec="0" bev="0" fileid="17" />
            </Method>
            <Method visited="true" cyclomaticComplexity="1" nPathComplexity="0" sequenceCoverage="100" branchCoverage="100" isConstructor="false" isStatic="false" isGetter="false" isSetter="true">
              <Summary numSequencePoints="1" visitedSequencePoints="1" numBranchPoints="1" visitedBranchPoints="1" sequenceCoverage="100" branchCoverage="100" maxCyclomaticComplexity="1" minCyclomaticComplexity="1" visitedClasses="0" numClasses="0" visitedMethods="1" numMethods="1" />
              <MetadataToken>100663358</MetadataToken>
              <Name>System.Void ProjectManager.BusinessLayer.BusinessEntities.TaskEntity::set_StartDate(System.DateTime)</Name>
              <FileRef uid="17" />
              <SequencePoints>
                <SequencePoint vc="12" uspid="362" ordinal="0" offset="0" sl="10" sc="42" el="10" ec="46" bec="0" bev="0" fileid="17" />
              </SequencePoints>
              <BranchPoints />
              <MethodPoint xsi:type="SequencePoint" vc="12" uspid="362" ordinal="0" offset="0" sl="10" sc="42" el="10" ec="46" bec="0" bev="0" fileid="17" />
            </Method>
            <Method visited="true" cyclomaticComplexity="1" nPathComplexity="0" sequenceCoverage="100" branchCoverage="100" isConstructor="false" isStatic="false" isGetter="true" isSetter="false">
              <Summary numSequencePoints="1" visitedSequencePoints="1" numBranchPoints="1" visitedBranchPoints="1" sequenceCoverage="100" branchCoverage="100" maxCyclomaticComplexity="1" minCyclomaticComplexity="1" visitedClasses="0" numClasses="0" visitedMethods="1" numMethods="1" />
              <MetadataToken>100663359</MetadataToken>
              <Name>System.DateTime ProjectManager.BusinessLayer.BusinessEntities.TaskEntity::get_EndDate()</Name>
              <FileRef uid="17" />
              <SequencePoints>
                <SequencePoint vc="6" uspid="363" ordinal="0" offset="0" sl="11" sc="35" el="11" ec="39" bec="0" bev="0" fileid="17" />
              </SequencePoints>
              <BranchPoints />
              <MethodPoint xsi:type="SequencePoint" vc="6" uspid="363" ordinal="0" offset="0" sl="11" sc="35" el="11" ec="39" bec="0" bev="0" fileid="17" />
            </Method>
            <Method visited="true" cyclomaticComplexity="1" nPathComplexity="0" sequenceCoverage="100" branchCoverage="100" isConstructor="false" isStatic="false" isGetter="false" isSetter="true">
              <Summary numSequencePoints="1" visitedSequencePoints="1" numBranchPoints="1" visitedBranchPoints="1" sequenceCoverage="100" branchCoverage="100" maxCyclomaticComplexity="1" minCyclomaticComplexity="1" visitedClasses="0" numClasses="0" visitedMethods="1" numMethods="1" />
              <MetadataToken>100663360</MetadataToken>
              <Name>System.Void ProjectManager.BusinessLayer.BusinessEntities.TaskEntity::set_EndDate(System.DateTime)</Name>
              <FileRef uid="17" />
              <SequencePoints>
                <SequencePoint vc="12" uspid="364" ordinal="0" offset="0" sl="11" sc="40" el="11" ec="44" bec="0" bev="0" fileid="17" />
              </SequencePoints>
              <BranchPoints />
              <MethodPoint xsi:type="SequencePoint" vc="12" uspid="364" ordinal="0" offset="0" sl="11" sc="40" el="11" ec="44" bec="0" bev="0" fileid="17" />
            </Method>
            <Method visited="false" cyclomaticComplexity="1" nPathComplexity="0" sequenceCoverage="0" branchCoverage="0" isConstructor="false" isStatic="false" isGetter="true" isSetter="false">
              <Summary numSequencePoints="1" visitedSequencePoints="0" numBranchPoints="1" visitedBranchPoints="0" sequenceCoverage="0" branchCoverage="0" maxCyclomaticComplexity="1" minCyclomaticComplexity="1" visitedClasses="0" numClasses="0" visitedMethods="0" numMethods="1" />
              <MetadataToken>100663361</MetadataToken>
              <Name>System.String ProjectManager.BusinessLayer.BusinessEntities.TaskEntity::get_ParentTask()</Name>
              <FileRef uid="17" />
              <SequencePoints>
                <SequencePoint vc="0" uspid="365" ordinal="0" offset="0" sl="12" sc="36" el="12" ec="40" bec="0" bev="0" fileid="17" />
              </SequencePoints>
              <BranchPoints />
              <MethodPoint xsi:type="SequencePoint" vc="0" uspid="365" ordinal="0" offset="0" sl="12" sc="36" el="12" ec="40" bec="0" bev="0" fileid="17" />
            </Method>
            <Method visited="true" cyclomaticComplexity="1" nPathComplexity="0" sequenceCoverage="100" branchCoverage="100" isConstructor="false" isStatic="false" isGetter="false" isSetter="true">
              <Summary numSequencePoints="1" visitedSequencePoints="1" numBranchPoints="1" visitedBranchPoints="1" sequenceCoverage="100" branchCoverage="100" maxCyclomaticComplexity="1" minCyclomaticComplexity="1" visitedClasses="0" numClasses="0" visitedMethods="1" numMethods="1" />
              <MetadataToken>100663362</MetadataToken>
              <Name>System.Void ProjectManager.BusinessLayer.BusinessEntities.TaskEntity::set_ParentTask(System.String)</Name>
              <FileRef uid="17" />
              <SequencePoints>
                <SequencePoint vc="9" uspid="366" ordinal="0" offset="0" sl="12" sc="41" el="12" ec="45" bec="0" bev="0" fileid="17" />
              </SequencePoints>
              <BranchPoints />
              <MethodPoint xsi:type="SequencePoint" vc="9" uspid="366" ordinal="0" offset="0" sl="12" sc="41" el="12" ec="45" bec="0" bev="0" fileid="17" />
            </Method>
            <Method visited="true" cyclomaticComplexity="1" nPathComplexity="0" sequenceCoverage="100" branchCoverage="100" isConstructor="false" isStatic="false" isGetter="true" isSetter="false">
              <Summary numSequencePoints="1" visitedSequencePoints="1" numBranchPoints="1" visitedBranchPoints="1" sequenceCoverage="100" branchCoverage="100" maxCyclomaticComplexity="1" minCyclomaticComplexity="1" visitedClasses="0" numClasses="0" visitedMethods="1" numMethods="1" />
              <MetadataToken>100663363</MetadataToken>
              <Name>System.Nullable`1&lt;System.Int32&gt; ProjectManager.BusinessLayer.BusinessEntities.TaskEntity::get_ParentTaskId()</Name>
              <FileRef uid="17" />
              <SequencePoints>
                <SequencePoint vc="6" uspid="367" ordinal="0" offset="0" sl="13" sc="36" el="13" ec="40" bec="0" bev="0" fileid="17" />
              </SequencePoints>
              <BranchPoints />
              <MethodPoint xsi:type="SequencePoint" vc="6" uspid="367" ordinal="0" offset="0" sl="13" sc="36" el="13" ec="40" bec="0" bev="0" fileid="17" />
            </Method>
            <Method visited="true" cyclomaticComplexity="1" nPathComplexity="0" sequenceCoverage="100" branchCoverage="100" isConstructor="false" isStatic="false" isGetter="false" isSetter="true">
              <Summary numSequencePoints="1" visitedSequencePoints="1" numBranchPoints="1" visitedBranchPoints="1" sequenceCoverage="100" branchCoverage="100" maxCyclomaticComplexity="1" minCyclomaticComplexity="1" visitedClasses="0" numClasses="0" visitedMethods="1" numMethods="1" />
              <MetadataToken>100663364</MetadataToken>
              <Name>System.Void ProjectManager.BusinessLayer.BusinessEntities.TaskEntity::set_ParentTaskId(System.Nullable`1&lt;System.Int32&gt;)</Name>
              <FileRef uid="17" />
              <SequencePoints>
                <SequencePoint vc="9" uspid="368" ordinal="0" offset="0" sl="13" sc="41" el="13" ec="45" bec="0" bev="0" fileid="17" />
              </SequencePoints>
              <BranchPoints />
              <MethodPoint xsi:type="SequencePoint" vc="9" uspid="368" ordinal="0" offset="0" sl="13" sc="41" el="13" ec="45" bec="0" bev="0" fileid="17" />
            </Method>
            <Method visited="true" cyclomaticComplexity="1" nPathComplexity="0" sequenceCoverage="100" branchCoverage="100" isConstructor="false" isStatic="false" isGetter="true" isSetter="false">
              <Summary numSequencePoints="1" visitedSequencePoints="1" numBranchPoints="1" visitedBranchPoints="1" sequenceCoverage="100" branchCoverage="100" maxCyclomaticComplexity="1" minCyclomaticComplexity="1" visitedClasses="0" numClasses="0" visitedMethods="1" numMethods="1" />
              <MetadataToken>100663365</MetadataToken>
              <Name>System.Boolean ProjectManager.BusinessLayer.BusinessEntities.TaskEntity::get_IsTaskEnded()</Name>
              <FileRef uid="17" />
              <SequencePoints>
                <SequencePoint vc="6" uspid="369" ordinal="0" offset="0" sl="14" sc="35" el="14" ec="39" bec="0" bev="0" fileid="17" />
              </SequencePoints>
              <BranchPoints />
              <MethodPoint xsi:type="SequencePoint" vc="6" uspid="369" ordinal="0" offset="0" sl="14" sc="35" el="14" ec="39" bec="0" bev="0" fileid="17" />
            </Method>
            <Method visited="true" cyclomaticComplexity="1" nPathComplexity="0" sequenceCoverage="100" branchCoverage="100" isConstructor="false" isStatic="false" isGetter="false" isSetter="true">
              <Summary numSequencePoints="1" visitedSequencePoints="1" numBranchPoints="1" visitedBranchPoints="1" sequenceCoverage="100" branchCoverage="100" maxCyclomaticComplexity="1" minCyclomaticComplexity="1" visitedClasses="0" numClasses="0" visitedMethods="1" numMethods="1" />
              <MetadataToken>100663366</MetadataToken>
              <Name>System.Void ProjectManager.BusinessLayer.BusinessEntities.TaskEntity::set_IsTaskEnded(System.Boolean)</Name>
              <FileRef uid="17" />
              <SequencePoints>
                <SequencePoint vc="13" uspid="370" ordinal="0" offset="0" sl="14" sc="40" el="14" ec="44" bec="0" bev="0" fileid="17" />
              </SequencePoints>
              <BranchPoints />
              <MethodPoint xsi:type="SequencePoint" vc="13" uspid="370" ordinal="0" offset="0" sl="14" sc="40" el="14" ec="44" bec="0" bev="0" fileid="17" />
            </Method>
            <Method visited="false" cyclomaticComplexity="1" nPathComplexity="0" sequenceCoverage="0" branchCoverage="0" isConstructor="false" isStatic="false" isGetter="true" isSetter="false">
              <Summary numSequencePoints="1" visitedSequencePoints="0" numBranchPoints="1" visitedBranchPoints="0" sequenceCoverage="0" branchCoverage="0" maxCyclomaticComplexity="1" minCyclomaticComplexity="1" visitedClasses="0" numClasses="0" visitedMethods="0" numMethods="1" />
              <MetadataToken>100663367</MetadataToken>
              <Name>ProjectManager.BusinessLayer.BusinessEntities.TaskStatusEntity ProjectManager.BusinessLayer.BusinessEntities.TaskEntity::get_TaskStatusEntity()</Name>
              <FileRef uid="17" />
              <SequencePoints>
                <SequencePoint vc="0" uspid="371" ordinal="0" offset="0" sl="16" sc="52" el="16" ec="56" bec="0" bev="0" fileid="17" />
              </SequencePoints>
              <BranchPoints />
              <MethodPoint xsi:type="SequencePoint" vc="0" uspid="371" ordinal="0" offset="0" sl="16" sc="52" el="16" ec="56" bec="0" bev="0" fileid="17" />
            </Method>
            <Method visited="true" cyclomaticComplexity="1" nPathComplexity="0" sequenceCoverage="100" branchCoverage="100" isConstructor="false" isStatic="false" isGetter="false" isSetter="true">
              <Summary numSequencePoints="1" visitedSequencePoints="1" numBranchPoints="1" visitedBranchPoints="1" sequenceCoverage="100" branchCoverage="100" maxCyclomaticComplexity="1" minCyclomaticComplexity="1" visitedClasses="0" numClasses="0" visitedMethods="1" numMethods="1" />
              <MetadataToken>100663368</MetadataToken>
              <Name>System.Void ProjectManager.BusinessLayer.BusinessEntities.TaskEntity::set_TaskStatusEntity(ProjectManager.BusinessLayer.BusinessEntities.TaskStatusEntity)</Name>
              <FileRef uid="17" />
              <SequencePoints>
                <SequencePoint vc="9" uspid="372" ordinal="0" offset="0" sl="16" sc="57" el="16" ec="61" bec="0" bev="0" fileid="17" />
              </SequencePoints>
              <BranchPoints />
              <MethodPoint xsi:type="SequencePoint" vc="9" uspid="372" ordinal="0" offset="0" sl="16" sc="57" el="16" ec="61" bec="0" bev="0" fileid="17" />
            </Method>
            <Method visited="true" cyclomaticComplexity="1" nPathComplexity="0" sequenceCoverage="100" branchCoverage="100" isConstructor="false" isStatic="false" isGetter="true" isSetter="false">
              <Summary numSequencePoints="1" visitedSequencePoints="1" numBranchPoints="1" visitedBranchPoints="1" sequenceCoverage="100" branchCoverage="100" maxCyclomaticComplexity="1" minCyclomaticComplexity="1" visitedClasses="0" numClasses="0" visitedMethods="1" numMethods="1" />
              <MetadataToken>100663369</MetadataToken>
              <Name>ProjectManager.BusinessLayer.BusinessEntities.ProjectEntity ProjectManager.BusinessLayer.BusinessEntities.TaskEntity::get_Project()</Name>
              <FileRef uid="17" />
              <SequencePoints>
                <SequencePoint vc="8" uspid="373" ordinal="0" offset="0" sl="17" sc="40" el="17" ec="44" bec="0" bev="0" fileid="17" />
              </SequencePoints>
              <BranchPoints />
              <MethodPoint xsi:type="SequencePoint" vc="8" uspid="373" ordinal="0" offset="0" sl="17" sc="40" el="17" ec="44" bec="0" bev="0" fileid="17" />
            </Method>
            <Method visited="true" cyclomaticComplexity="1" nPathComplexity="0" sequenceCoverage="100" branchCoverage="100" isConstructor="false" isStatic="false" isGetter="false" isSetter="true">
              <Summary numSequencePoints="1" visitedSequencePoints="1" numBranchPoints="1" visitedBranchPoints="1" sequenceCoverage="100" branchCoverage="100" maxCyclomaticComplexity="1" minCyclomaticComplexity="1" visitedClasses="0" numClasses="0" visitedMethods="1" numMethods="1" />
              <MetadataToken>100663370</MetadataToken>
              <Name>System.Void ProjectManager.BusinessLayer.BusinessEntities.TaskEntity::set_Project(ProjectManager.BusinessLayer.BusinessEntities.ProjectEntity)</Name>
              <FileRef uid="17" />
              <SequencePoints>
                <SequencePoint vc="10" uspid="374" ordinal="0" offset="0" sl="17" sc="45" el="17" ec="49" bec="0" bev="0" fileid="17" />
              </SequencePoints>
              <BranchPoints />
              <MethodPoint xsi:type="SequencePoint" vc="10" uspid="374" ordinal="0" offset="0" sl="17" sc="45" el="17" ec="49" bec="0" bev="0" fileid="17" />
            </Method>
            <Method visited="true" cyclomaticComplexity="1" nPathComplexity="0" sequenceCoverage="0" branchCoverage="0" isConstructor="true" isStatic="false" isGetter="false" isSetter="false">
              <Summary numSequencePoints="0" visitedSequencePoints="0" numBranchPoints="0" visitedBranchPoints="0" sequenceCoverage="0" branchCoverage="0" maxCyclomaticComplexity="1" minCyclomaticComplexity="1" visitedClasses="0" numClasses="0" visitedMethods="0" numMethods="0" />
              <MetadataToken>100663371</MetadataToken>
              <Name>System.Void ProjectManager.BusinessLayer.BusinessEntities.TaskEntity::.ctor()</Name>
              <SequencePoints />
              <BranchPoints />
              <MethodPoint vc="21" uspid="375" ordinal="0" offset="0" />
            </Method>
          </Methods>
        </Class>
        <Class>
          <Summary numSequencePoints="4" visitedSequencePoints="2" numBranchPoints="4" visitedBranchPoints="2" sequenceCoverage="50" branchCoverage="50" maxCyclomaticComplexity="1" minCyclomaticComplexity="1" visitedClasses="1" numClasses="1" visitedMethods="2" numMethods="4" />
          <FullName>ProjectManager.BusinessLayer.BusinessEntities.TaskStatusEntity</FullName>
          <Methods>
            <Method visited="false" cyclomaticComplexity="1" nPathComplexity="0" sequenceCoverage="0" branchCoverage="0" isConstructor="false" isStatic="false" isGetter="true" isSetter="false">
              <Summary numSequencePoints="1" visitedSequencePoints="0" numBranchPoints="1" visitedBranchPoints="0" sequenceCoverage="0" branchCoverage="0" maxCyclomaticComplexity="1" minCyclomaticComplexity="1" visitedClasses="0" numClasses="0" visitedMethods="0" numMethods="1" />
              <MetadataToken>100663372</MetadataToken>
              <Name>System.Int32 ProjectManager.BusinessLayer.BusinessEntities.TaskStatusEntity::get_Id()</Name>
              <FileRef uid="18" />
              <SequencePoints>
                <SequencePoint vc="0" uspid="376" ordinal="0" offset="0" sl="5" sc="25" el="5" ec="29" bec="0" bev="0" fileid="18" />
              </SequencePoints>
              <BranchPoints />
              <MethodPoint xsi:type="SequencePoint" vc="0" uspid="376" ordinal="0" offset="0" sl="5" sc="25" el="5" ec="29" bec="0" bev="0" fileid="18" />
            </Method>
            <Method visited="true" cyclomaticComplexity="1" nPathComplexity="0" sequenceCoverage="100" branchCoverage="100" isConstructor="false" isStatic="false" isGetter="false" isSetter="true">
              <Summary numSequencePoints="1" visitedSequencePoints="1" numBranchPoints="1" visitedBranchPoints="1" sequenceCoverage="100" branchCoverage="100" maxCyclomaticComplexity="1" minCyclomaticComplexity="1" visitedClasses="0" numClasses="0" visitedMethods="1" numMethods="1" />
              <MetadataToken>100663373</MetadataToken>
              <Name>System.Void ProjectManager.BusinessLayer.BusinessEntities.TaskStatusEntity::set_Id(System.Int32)</Name>
              <FileRef uid="18" />
              <SequencePoints>
                <SequencePoint vc="9" uspid="377" ordinal="0" offset="0" sl="5" sc="30" el="5" ec="34" bec="0" bev="0" fileid="18" />
              </SequencePoints>
              <BranchPoints />
              <MethodPoint xsi:type="SequencePoint" vc="9" uspid="377" ordinal="0" offset="0" sl="5" sc="30" el="5" ec="34" bec="0" bev="0" fileid="18" />
            </Method>
            <Method visited="false" cyclomaticComplexity="1" nPathComplexity="0" sequenceCoverage="0" branchCoverage="0" isConstructor="false" isStatic="false" isGetter="true" isSetter="false">
              <Summary numSequencePoints="1" visitedSequencePoints="0" numBranchPoints="1" visitedBranchPoints="0" sequenceCoverage="0" branchCoverage="0" maxCyclomaticComplexity="1" minCyclomaticComplexity="1" visitedClasses="0" numClasses="0" visitedMethods="0" numMethods="1" />
              <MetadataToken>100663374</MetadataToken>
              <Name>System.String ProjectManager.BusinessLayer.BusinessEntities.TaskStatusEntity::get_Name()</Name>
              <FileRef uid="18" />
              <SequencePoints>
                <SequencePoint vc="0" uspid="378" ordinal="0" offset="0" sl="7" sc="30" el="7" ec="34" bec="0" bev="0" fileid="18" />
              </SequencePoints>
              <BranchPoints />
              <MethodPoint xsi:type="SequencePoint" vc="0" uspid="378" ordinal="0" offset="0" sl="7" sc="30" el="7" ec="34" bec="0" bev="0" fileid="18" />
            </Method>
            <Method visited="true" cyclomaticComplexity="1" nPathComplexity="0" sequenceCoverage="100" branchCoverage="100" isConstructor="false" isStatic="false" isGetter="false" isSetter="true">
              <Summary numSequencePoints="1" visitedSequencePoints="1" numBranchPoints="1" visitedBranchPoints="1" sequenceCoverage="100" branchCoverage="100" maxCyclomaticComplexity="1" minCyclomaticComplexity="1" visitedClasses="0" numClasses="0" visitedMethods="1" numMethods="1" />
              <MetadataToken>100663375</MetadataToken>
              <Name>System.Void ProjectManager.BusinessLayer.BusinessEntities.TaskStatusEntity::set_Name(System.String)</Name>
              <FileRef uid="18" />
              <SequencePoints>
                <SequencePoint vc="9" uspid="379" ordinal="0" offset="0" sl="7" sc="35" el="7" ec="39" bec="0" bev="0" fileid="18" />
              </SequencePoints>
              <BranchPoints />
              <MethodPoint xsi:type="SequencePoint" vc="9" uspid="379" ordinal="0" offset="0" sl="7" sc="35" el="7" ec="39" bec="0" bev="0" fileid="18" />
            </Method>
            <Method visited="true" cyclomaticComplexity="1" nPathComplexity="0" sequenceCoverage="0" branchCoverage="0" isConstructor="true" isStatic="false" isGetter="false" isSetter="false">
              <Summary numSequencePoints="0" visitedSequencePoints="0" numBranchPoints="0" visitedBranchPoints="0" sequenceCoverage="0" branchCoverage="0" maxCyclomaticComplexity="1" minCyclomaticComplexity="1" visitedClasses="0" numClasses="0" visitedMethods="0" numMethods="0" />
              <MetadataToken>100663376</MetadataToken>
              <Name>System.Void ProjectManager.BusinessLayer.BusinessEntities.TaskStatusEntity::.ctor()</Name>
              <SequencePoints />
              <BranchPoints />
              <MethodPoint vc="9" uspid="380" ordinal="0" offset="0" />
            </Method>
          </Methods>
        </Class>
        <Class>
          <Summary numSequencePoints="12" visitedSequencePoints="12" numBranchPoints="12" visitedBranchPoints="12" sequenceCoverage="100" branchCoverage="100" maxCyclomaticComplexity="1" minCyclomaticComplexity="1" visitedClasses="1" numClasses="1" visitedMethods="12" numMethods="12" />
          <FullName>ProjectManager.BusinessLayer.BusinessEntities.UserEntity</FullName>
          <Methods>
            <Method visited="true" cyclomaticComplexity="1" nPathComplexity="0" sequenceCoverage="100" branchCoverage="100" isConstructor="false" isStatic="false" isGetter="true" isSetter="false">
              <Summary numSequencePoints="1" visitedSequencePoints="1" numBranchPoints="1" visitedBranchPoints="1" sequenceCoverage="100" branchCoverage="100" maxCyclomaticComplexity="1" minCyclomaticComplexity="1" visitedClasses="0" numClasses="0" visitedMethods="1" numMethods="1" />
              <MetadataToken>100663377</MetadataToken>
              <Name>System.Int32 ProjectManager.BusinessLayer.BusinessEntities.UserEntity::get_UserId()</Name>
              <FileRef uid="19" />
              <SequencePoints>
                <SequencePoint vc="4" uspid="381" ordinal="0" offset="0" sl="5" sc="29" el="5" ec="33" bec="0" bev="0" fileid="19" />
              </SequencePoints>
              <BranchPoints />
              <MethodPoint xsi:type="SequencePoint" vc="4" uspid="381" ordinal="0" offset="0" sl="5" sc="29" el="5" ec="33" bec="0" bev="0" fileid="19" />
            </Method>
            <Method visited="true" cyclomaticComplexity="1" nPathComplexity="0" sequenceCoverage="100" branchCoverage="100" isConstructor="false" isStatic="false" isGetter="false" isSetter="true">
              <Summary numSequencePoints="1" visitedSequencePoints="1" numBranchPoints="1" visitedBranchPoints="1" sequenceCoverage="100" branchCoverage="100" maxCyclomaticComplexity="1" minCyclomaticComplexity="1" visitedClasses="0" numClasses="0" visitedMethods="1" numMethods="1" />
              <MetadataToken>100663378</MetadataToken>
              <Name>System.Void ProjectManager.BusinessLayer.BusinessEntities.UserEntity::set_UserId(System.Int32)</Name>
              <FileRef uid="19" />
              <SequencePoints>
                <SequencePoint vc="12" uspid="382" ordinal="0" offset="0" sl="5" sc="34" el="5" ec="38" bec="0" bev="0" fileid="19" />
              </SequencePoints>
              <BranchPoints />
              <MethodPoint xsi:type="SequencePoint" vc="12" uspid="382" ordinal="0" offset="0" sl="5" sc="34" el="5" ec="38" bec="0" bev="0" fileid="19" />
            </Method>
            <Method visited="true" cyclomaticComplexity="1" nPathComplexity="0" sequenceCoverage="100" branchCoverage="100" isConstructor="false" isStatic="false" isGetter="true" isSetter="false">
              <Summary numSequencePoints="1" visitedSequencePoints="1" numBranchPoints="1" visitedBranchPoints="1" sequenceCoverage="100" branchCoverage="100" maxCyclomaticComplexity="1" minCyclomaticComplexity="1" visitedClasses="0" numClasses="0" visitedMethods="1" numMethods="1" />
              <MetadataToken>100663379</MetadataToken>
              <Name>System.String ProjectManager.BusinessLayer.BusinessEntities.UserEntity::get_FirstName()</Name>
              <FileRef uid="19" />
              <SequencePoints>
                <SequencePoint vc="6" uspid="383" ordinal="0" offset="0" sl="6" sc="35" el="6" ec="39" bec="0" bev="0" fileid="19" />
              </SequencePoints>
              <BranchPoints />
              <MethodPoint xsi:type="SequencePoint" vc="6" uspid="383" ordinal="0" offset="0" sl="6" sc="35" el="6" ec="39" bec="0" bev="0" fileid="19" />
            </Method>
            <Method visited="true" cyclomaticComplexity="1" nPathComplexity="0" sequenceCoverage="100" branchCoverage="100" isConstructor="false" isStatic="false" isGetter="false" isSetter="true">
              <Summary numSequencePoints="1" visitedSequencePoints="1" numBranchPoints="1" visitedBranchPoints="1" sequenceCoverage="100" branchCoverage="100" maxCyclomaticComplexity="1" minCyclomaticComplexity="1" visitedClasses="0" numClasses="0" visitedMethods="1" numMethods="1" />
              <MetadataToken>100663380</MetadataToken>
              <Name>System.Void ProjectManager.BusinessLayer.BusinessEntities.UserEntity::set_FirstName(System.String)</Name>
              <FileRef uid="19" />
              <SequencePoints>
                <SequencePoint vc="10" uspid="384" ordinal="0" offset="0" sl="6" sc="40" el="6" ec="44" bec="0" bev="0" fileid="19" />
              </SequencePoints>
              <BranchPoints />
              <MethodPoint xsi:type="SequencePoint" vc="10" uspid="384" ordinal="0" offset="0" sl="6" sc="40" el="6" ec="44" bec="0" bev="0" fileid="19" />
            </Method>
            <Method visited="true" cyclomaticComplexity="1" nPathComplexity="0" sequenceCoverage="100" branchCoverage="100" isConstructor="false" isStatic="false" isGetter="true" isSetter="false">
              <Summary numSequencePoints="1" visitedSequencePoints="1" numBranchPoints="1" visitedBranchPoints="1" sequenceCoverage="100" branchCoverage="100" maxCyclomaticComplexity="1" minCyclomaticComplexity="1" visitedClasses="0" numClasses="0" visitedMethods="1" numMethods="1" />
              <MetadataToken>100663381</MetadataToken>
              <Name>System.String ProjectManager.BusinessLayer.BusinessEntities.UserEntity::get_LastName()</Name>
              <FileRef uid="19" />
              <SequencePoints>
                <SequencePoint vc="6" uspid="385" ordinal="0" offset="0" sl="7" sc="34" el="7" ec="38" bec="0" bev="0" fileid="19" />
              </SequencePoints>
              <BranchPoints />
              <MethodPoint xsi:type="SequencePoint" vc="6" uspid="385" ordinal="0" offset="0" sl="7" sc="34" el="7" ec="38" bec="0" bev="0" fileid="19" />
            </Method>
            <Method visited="true" cyclomaticComplexity="1" nPathComplexity="0" sequenceCoverage="100" branchCoverage="100" isConstructor="false" isStatic="false" isGetter="false" isSetter="true">
              <Summary numSequencePoints="1" visitedSequencePoints="1" numBranchPoints="1" visitedBranchPoints="1" sequenceCoverage="100" branchCoverage="100" maxCyclomaticComplexity="1" minCyclomaticComplexity="1" visitedClasses="0" numClasses="0" visitedMethods="1" numMethods="1" />
              <MetadataToken>100663382</MetadataToken>
              <Name>System.Void ProjectManager.BusinessLayer.BusinessEntities.UserEntity::set_LastName(System.String)</Name>
              <FileRef uid="19" />
              <SequencePoints>
                <SequencePoint vc="10" uspid="386" ordinal="0" offset="0" sl="7" sc="39" el="7" ec="43" bec="0" bev="0" fileid="19" />
              </SequencePoints>
              <BranchPoints />
              <MethodPoint xsi:type="SequencePoint" vc="10" uspid="386" ordinal="0" offset="0" sl="7" sc="39" el="7" ec="43" bec="0" bev="0" fileid="19" />
            </Method>
            <Method visited="true" cyclomaticComplexity="1" nPathComplexity="0" sequenceCoverage="100" branchCoverage="100" isConstructor="false" isStatic="false" isGetter="true" isSetter="false">
              <Summary numSequencePoints="1" visitedSequencePoints="1" numBranchPoints="1" visitedBranchPoints="1" sequenceCoverage="100" branchCoverage="100" maxCyclomaticComplexity="1" minCyclomaticComplexity="1" visitedClasses="0" numClasses="0" visitedMethods="1" numMethods="1" />
              <MetadataToken>100663383</MetadataToken>
              <Name>System.String ProjectManager.BusinessLayer.BusinessEntities.UserEntity::get_EmployeeId()</Name>
              <FileRef uid="19" />
              <SequencePoints>
                <SequencePoint vc="4" uspid="387" ordinal="0" offset="0" sl="8" sc="36" el="8" ec="40" bec="0" bev="0" fileid="19" />
              </SequencePoints>
              <BranchPoints />
              <MethodPoint xsi:type="SequencePoint" vc="4" uspid="387" ordinal="0" offset="0" sl="8" sc="36" el="8" ec="40" bec="0" bev="0" fileid="19" />
            </Method>
            <Method visited="true" cyclomaticComplexity="1" nPathComplexity="0" sequenceCoverage="100" branchCoverage="100" isConstructor="false" isStatic="false" isGetter="false" isSetter="true">
              <Summary numSequencePoints="1" visitedSequencePoints="1" numBranchPoints="1" visitedBranchPoints="1" sequenceCoverage="100" branchCoverage="100" maxCyclomaticComplexity="1" minCyclomaticComplexity="1" visitedClasses="0" numClasses="0" visitedMethods="1" numMethods="1" />
              <MetadataToken>100663384</MetadataToken>
              <Name>System.Void ProjectManager.BusinessLayer.BusinessEntities.UserEntity::set_EmployeeId(System.String)</Name>
              <FileRef uid="19" />
              <SequencePoints>
                <SequencePoint vc="10" uspid="388" ordinal="0" offset="0" sl="8" sc="41" el="8" ec="45" bec="0" bev="0" fileid="19" />
              </SequencePoints>
              <BranchPoints />
              <MethodPoint xsi:type="SequencePoint" vc="10" uspid="388" ordinal="0" offset="0" sl="8" sc="41" el="8" ec="45" bec="0" bev="0" fileid="19" />
            </Method>
            <Method visited="true" cyclomaticComplexity="1" nPathComplexity="0" sequenceCoverage="100" branchCoverage="100" isConstructor="false" isStatic="false" isGetter="true" isSetter="false">
              <Summary numSequencePoints="1" visitedSequencePoints="1" numBranchPoints="1" visitedBranchPoints="1" sequenceCoverage="100" branchCoverage="100" maxCyclomaticComplexity="1" minCyclomaticComplexity="1" visitedClasses="0" numClasses="0" visitedMethods="1" numMethods="1" />
              <MetadataToken>100663385</MetadataToken>
              <Name>ProjectManager.BusinessLayer.BusinessEntities.ProjectEntity ProjectManager.BusinessLayer.BusinessEntities.UserEntity::get_Project()</Name>
              <FileRef uid="19" />
              <SequencePoints>
                <SequencePoint vc="6" uspid="389" ordinal="0" offset="0" sl="9" sc="40" el="9" ec="44" bec="0" bev="0" fileid="19" />
              </SequencePoints>
              <BranchPoints />
              <MethodPoint xsi:type="SequencePoint" vc="6" uspid="389" ordinal="0" offset="0" sl="9" sc="40" el="9" ec="44" bec="0" bev="0" fileid="19" />
            </Method>
            <Method visited="true" cyclomaticComplexity="1" nPathComplexity="0" sequenceCoverage="100" branchCoverage="100" isConstructor="false" isStatic="false" isGetter="false" isSetter="true">
              <Summary numSequencePoints="1" visitedSequencePoints="1" numBranchPoints="1" visitedBranchPoints="1" sequenceCoverage="100" branchCoverage="100" maxCyclomaticComplexity="1" minCyclomaticComplexity="1" visitedClasses="0" numClasses="0" visitedMethods="1" numMethods="1" />
              <MetadataToken>100663386</MetadataToken>
              <Name>System.Void ProjectManager.BusinessLayer.BusinessEntities.UserEntity::set_Project(ProjectManager.BusinessLayer.BusinessEntities.ProjectEntity)</Name>
              <FileRef uid="19" />
              <SequencePoints>
                <SequencePoint vc="10" uspid="390" ordinal="0" offset="0" sl="9" sc="45" el="9" ec="49" bec="0" bev="0" fileid="19" />
              </SequencePoints>
              <BranchPoints />
              <MethodPoint xsi:type="SequencePoint" vc="10" uspid="390" ordinal="0" offset="0" sl="9" sc="45" el="9" ec="49" bec="0" bev="0" fileid="19" />
            </Method>
            <Method visited="true" cyclomaticComplexity="1" nPathComplexity="0" sequenceCoverage="100" branchCoverage="100" isConstructor="false" isStatic="false" isGetter="true" isSetter="false">
              <Summary numSequencePoints="1" visitedSequencePoints="1" numBranchPoints="1" visitedBranchPoints="1" sequenceCoverage="100" branchCoverage="100" maxCyclomaticComplexity="1" minCyclomaticComplexity="1" visitedClasses="0" numClasses="0" visitedMethods="1" numMethods="1" />
              <MetadataToken>100663387</MetadataToken>
              <Name>ProjectManager.BusinessLayer.BusinessEntities.TaskEntity ProjectManager.BusinessLayer.BusinessEntities.UserEntity::get_Task()</Name>
              <FileRef uid="19" />
              <SequencePoints>
                <SequencePoint vc="6" uspid="391" ordinal="0" offset="0" sl="10" sc="34" el="10" ec="38" bec="0" bev="0" fileid="19" />
              </SequencePoints>
              <BranchPoints />
              <MethodPoint xsi:type="SequencePoint" vc="6" uspid="391" ordinal="0" offset="0" sl="10" sc="34" el="10" ec="38" bec="0" bev="0" fileid="19" />
            </Method>
            <Method visited="true" cyclomaticComplexity="1" nPathComplexity="0" sequenceCoverage="100" branchCoverage="100" isConstructor="false" isStatic="false" isGetter="false" isSetter="true">
              <Summary numSequencePoints="1" visitedSequencePoints="1" numBranchPoints="1" visitedBranchPoints="1" sequenceCoverage="100" branchCoverage="100" maxCyclomaticComplexity="1" minCyclomaticComplexity="1" visitedClasses="0" numClasses="0" visitedMethods="1" numMethods="1" />
              <MetadataToken>100663388</MetadataToken>
              <Name>System.Void ProjectManager.BusinessLayer.BusinessEntities.UserEntity::set_Task(ProjectManager.BusinessLayer.BusinessEntities.TaskEntity)</Name>
              <FileRef uid="19" />
              <SequencePoints>
                <SequencePoint vc="9" uspid="392" ordinal="0" offset="0" sl="10" sc="39" el="10" ec="43" bec="0" bev="0" fileid="19" />
              </SequencePoints>
              <BranchPoints />
              <MethodPoint xsi:type="SequencePoint" vc="9" uspid="392" ordinal="0" offset="0" sl="10" sc="39" el="10" ec="43" bec="0" bev="0" fileid="19" />
            </Method>
            <Method visited="true" cyclomaticComplexity="1" nPathComplexity="0" sequenceCoverage="0" branchCoverage="0" isConstructor="true" isStatic="false" isGetter="false" isSetter="false">
              <Summary numSequencePoints="0" visitedSequencePoints="0" numBranchPoints="0" visitedBranchPoints="0" sequenceCoverage="0" branchCoverage="0" maxCyclomaticComplexity="1" minCyclomaticComplexity="1" visitedClasses="0" numClasses="0" visitedMethods="0" numMethods="0" />
              <MetadataToken>100663389</MetadataToken>
              <Name>System.Void ProjectManager.BusinessLayer.BusinessEntities.UserEntity::.ctor()</Name>
              <SequencePoints />
              <BranchPoints />
              <MethodPoint vc="10" uspid="393" ordinal="0" offset="0" />
            </Method>
          </Methods>
        </Class>
      </Classes>
    </Module>
    <Module skippedDueTo="Filter" hash="75-7C-9D-77-5B-C3-C2-F7-B9-5F-C1-B8-6A-BC-3A-67-72-FF-41-BB">
      <ModulePath>C:\windows\Microsoft.Net\assembly\GAC_MSIL\System.Core\v4.0_4.0.0.0__b77a5c561934e089\System.Core.dll</ModulePath>
      <ModuleTime>2016-07-14T09:13:42Z</ModuleTime>
      <ModuleName>System.Core</ModuleName>
      <Classes />
    </Module>
    <Module skippedDueTo="Filter" hash="C5-91-F7-24-74-EE-6C-65-D3-3F-C4-30-65-87-45-6D-38-2C-9C-AC">
      <ModulePath>C:\FSD\FINAL ASSESSMENT\ProjectManagerService\ProjectManager.Tests\bin\Debug\Moq.dll</ModulePath>
      <ModuleTime>2018-09-08T04:51:00Z</ModuleTime>
      <ModuleName>Moq</ModuleName>
      <Classes />
    </Module>
    <Module skippedDueTo="Filter" hash="12-3F-E3-10-D1-D0-35-93-2B-65-FA-C5-00-62-09-C4-DC-D6-92-BF">
      <ModulePath>C:\FSD\FINAL ASSESSMENT\ProjectManagerService\ProjectManager.Tests\bin\Debug\EntityFramework.dll</ModulePath>
      <ModuleTime>2017-10-23T07:45:18Z</ModuleTime>
      <ModuleName>EntityFramework</ModuleName>
      <Classes />
    </Module>
    <Module hash="7D-5B-1F-7E-09-F6-27-23-88-26-56-06-6E-B2-69-D4-51-1F-E0-0D">
      <Summary numSequencePoints="49" visitedSequencePoints="38" numBranchPoints="18" visitedBranchPoints="13" sequenceCoverage="77.55" branchCoverage="72.22" maxCyclomaticComplexity="1" minCyclomaticComplexity="1" visitedClasses="2" numClasses="3" visitedMethods="13" numMethods="18" />
      <ModulePath>C:\FSD\FINAL ASSESSMENT\ProjectManagerService\ProjectManager.Tests\bin\Debug\ProjectManager.DataLayer.dll</ModulePath>
      <ModuleTime>2018-11-03T02:46:45.1813423Z</ModuleTime>
      <ModuleName>ProjectManager.DataLayer</ModuleName>
      <Files>
        <File uid="29" fullPath="C:\FSD\FINAL ASSESSMENT\ProjectManagerService\ProjectManager.DAL\ProjectManagerContext.cs" />
        <File uid="30" fullPath="C:\FSD\FINAL ASSESSMENT\ProjectManagerService\ProjectManager.DAL\ProjectManagerInitializer.cs" />
        <File uid="31" fullPath="C:\FSD\FINAL ASSESSMENT\ProjectManagerService\ProjectManager.DAL\Repository\Repository.cs" />
      </Files>
      <Classes>
        <Class>
          <Summary numSequencePoints="0" visitedSequencePoints="0" numBranchPoints="0" visitedBranchPoints="0" sequenceCoverage="0" branchCoverage="0" maxCyclomaticComplexity="0" minCyclomaticComplexity="0" visitedClasses="0" numClasses="0" visitedMethods="0" numMethods="0" />
          <FullName>&lt;Module&gt;</FullName>
          <Methods />
        </Class>
        <Class>
          <Summary numSequencePoints="12" visitedSequencePoints="8" numBranchPoints="9" visitedBranchPoints="5" sequenceCoverage="66.67" branchCoverage="55.56" maxCyclomaticComplexity="1" minCyclomaticComplexity="1" visitedClasses="1" numClasses="1" visitedMethods="5" numMethods="9" />
          <FullName>ProjectManager.DataLayer.ProjectManagerContext</FullName>
          <Methods>
            <Method visited="false" cyclomaticComplexity="1" nPathComplexity="0" sequenceCoverage="0" branchCoverage="0" isConstructor="false" isStatic="false" isGetter="true" isSetter="false">
              <Summary numSequencePoints="1" visitedSequencePoints="0" numBranchPoints="1" visitedBranchPoints="0" sequenceCoverage="0" branchCoverage="0" maxCyclomaticComplexity="1" minCyclomaticComplexity="1" visitedClasses="0" numClasses="0" visitedMethods="0" numMethods="1" />
              <MetadataToken>100663298</MetadataToken>
              <Name>System.Data.Entity.DbSet`1&lt;ProjectManager.Entities.Task&gt; ProjectManager.DataLayer.ProjectManagerContext::get_Tasks()</Name>
              <FileRef uid="29" />
              <SequencePoints>
                <SequencePoint vc="0" uspid="394" ordinal="0" offset="0" sl="18" sc="36" el="18" ec="40" bec="0" bev="0" fileid="29" />
              </SequencePoints>
              <BranchPoints />
              <MethodPoint xsi:type="SequencePoint" vc="0" uspid="394" ordinal="0" offset="0" sl="18" sc="36" el="18" ec="40" bec="0" bev="0" fileid="29" />
            </Method>
            <Method visited="true" cyclomaticComplexity="1" nPathComplexity="0" sequenceCoverage="100" branchCoverage="100" isConstructor="false" isStatic="false" isGetter="false" isSetter="true">
              <Summary numSequencePoints="1" visitedSequencePoints="1" numBranchPoints="1" visitedBranchPoints="1" sequenceCoverage="100" branchCoverage="100" maxCyclomaticComplexity="1" minCyclomaticComplexity="1" visitedClasses="0" numClasses="0" visitedMethods="1" numMethods="1" />
              <MetadataToken>100663299</MetadataToken>
              <Name>System.Void ProjectManager.DataLayer.ProjectManagerContext::set_Tasks(System.Data.Entity.DbSet`1&lt;ProjectManager.Entities.Task&gt;)</Name>
              <FileRef uid="29" />
              <SequencePoints>
                <SequencePoint vc="6" uspid="395" ordinal="0" offset="0" sl="18" sc="41" el="18" ec="45" bec="0" bev="0" fileid="29" />
              </SequencePoints>
              <BranchPoints />
              <MethodPoint xsi:type="SequencePoint" vc="6" uspid="395" ordinal="0" offset="0" sl="18" sc="41" el="18" ec="45" bec="0" bev="0" fileid="29" />
            </Method>
            <Method visited="false" cyclomaticComplexity="1" nPathComplexity="0" sequenceCoverage="0" branchCoverage="0" isConstructor="false" isStatic="false" isGetter="true" isSetter="false">
              <Summary numSequencePoints="1" visitedSequencePoints="0" numBranchPoints="1" visitedBranchPoints="0" sequenceCoverage="0" branchCoverage="0" maxCyclomaticComplexity="1" minCyclomaticComplexity="1" visitedClasses="0" numClasses="0" visitedMethods="0" numMethods="1" />
              <MetadataToken>100663300</MetadataToken>
              <Name>System.Data.Entity.DbSet`1&lt;ProjectManager.Entities.TaskStatus&gt; ProjectManager.DataLayer.ProjectManagerContext::get_TaskStatuses()</Name>
              <FileRef uid="29" />
              <SequencePoints>
                <SequencePoint vc="0" uspid="396" ordinal="0" offset="0" sl="20" sc="49" el="20" ec="53" bec="0" bev="0" fileid="29" />
              </SequencePoints>
              <BranchPoints />
              <MethodPoint xsi:type="SequencePoint" vc="0" uspid="396" ordinal="0" offset="0" sl="20" sc="49" el="20" ec="53" bec="0" bev="0" fileid="29" />
            </Method>
            <Method visited="true" cyclomaticComplexity="1" nPathComplexity="0" sequenceCoverage="100" branchCoverage="100" isConstructor="false" isStatic="false" isGetter="false" isSetter="true">
              <Summary numSequencePoints="1" visitedSequencePoints="1" numBranchPoints="1" visitedBranchPoints="1" sequenceCoverage="100" branchCoverage="100" maxCyclomaticComplexity="1" minCyclomaticComplexity="1" visitedClasses="0" numClasses="0" visitedMethods="1" numMethods="1" />
              <MetadataToken>100663301</MetadataToken>
              <Name>System.Void ProjectManager.DataLayer.ProjectManagerContext::set_TaskStatuses(System.Data.Entity.DbSet`1&lt;ProjectManager.Entities.TaskStatus&gt;)</Name>
              <FileRef uid="29" />
              <SequencePoints>
                <SequencePoint vc="6" uspid="397" ordinal="0" offset="0" sl="20" sc="54" el="20" ec="58" bec="0" bev="0" fileid="29" />
              </SequencePoints>
              <BranchPoints />
              <MethodPoint xsi:type="SequencePoint" vc="6" uspid="397" ordinal="0" offset="0" sl="20" sc="54" el="20" ec="58" bec="0" bev="0" fileid="29" />
            </Method>
            <Method visited="false" cyclomaticComplexity="1" nPathComplexity="0" sequenceCoverage="0" branchCoverage="0" isConstructor="false" isStatic="false" isGetter="true" isSetter="false">
              <Summary numSequencePoints="1" visitedSequencePoints="0" numBranchPoints="1" visitedBranchPoints="0" sequenceCoverage="0" branchCoverage="0" maxCyclomaticComplexity="1" minCyclomaticComplexity="1" visitedClasses="0" numClasses="0" visitedMethods="0" numMethods="1" />
              <MetadataToken>100663302</MetadataToken>
              <Name>System.Data.Entity.DbSet`1&lt;ProjectManager.Entities.User&gt; ProjectManager.DataLayer.ProjectManagerContext::get_Users()</Name>
              <FileRef uid="29" />
              <SequencePoints>
                <SequencePoint vc="0" uspid="398" ordinal="0" offset="0" sl="22" sc="36" el="22" ec="40" bec="0" bev="0" fileid="29" />
              </SequencePoints>
              <BranchPoints />
              <MethodPoint xsi:type="SequencePoint" vc="0" uspid="398" ordinal="0" offset="0" sl="22" sc="36" el="22" ec="40" bec="0" bev="0" fileid="29" />
            </Method>
            <Method visited="true" cyclomaticComplexity="1" nPathComplexity="0" sequenceCoverage="100" branchCoverage="100" isConstructor="false" isStatic="false" isGetter="false" isSetter="true">
              <Summary numSequencePoints="1" visitedSequencePoints="1" numBranchPoints="1" visitedBranchPoints="1" sequenceCoverage="100" branchCoverage="100" maxCyclomaticComplexity="1" minCyclomaticComplexity="1" visitedClasses="0" numClasses="0" visitedMethods="1" numMethods="1" />
              <MetadataToken>100663303</MetadataToken>
              <Name>System.Void ProjectManager.DataLayer.ProjectManagerContext::set_Users(System.Data.Entity.DbSet`1&lt;ProjectManager.Entities.User&gt;)</Name>
              <FileRef uid="29" />
              <SequencePoints>
                <SequencePoint vc="6" uspid="399" ordinal="0" offset="0" sl="22" sc="41" el="22" ec="45" bec="0" bev="0" fileid="29" />
              </SequencePoints>
              <BranchPoints />
              <MethodPoint xsi:type="SequencePoint" vc="6" uspid="399" ordinal="0" offset="0" sl="22" sc="41" el="22" ec="45" bec="0" bev="0" fileid="29" />
            </Method>
            <Method visited="false" cyclomaticComplexity="1" nPathComplexity="0" sequenceCoverage="0" branchCoverage="0" isConstructor="false" isStatic="false" isGetter="true" isSetter="false">
              <Summary numSequencePoints="1" visitedSequencePoints="0" numBranchPoints="1" visitedBranchPoints="0" sequenceCoverage="0" branchCoverage="0" maxCyclomaticComplexity="1" minCyclomaticComplexity="1" visitedClasses="0" numClasses="0" visitedMethods="0" numMethods="1" />
              <MetadataToken>100663304</MetadataToken>
              <Name>System.Data.Entity.DbSet`1&lt;ProjectManager.Entities.Project&gt; ProjectManager.DataLayer.ProjectManagerContext::get_Projects()</Name>
              <FileRef uid="29" />
              <SequencePoints>
                <SequencePoint vc="0" uspid="400" ordinal="0" offset="0" sl="24" sc="42" el="24" ec="46" bec="0" bev="0" fileid="29" />
              </SequencePoints>
              <BranchPoints />
              <MethodPoint xsi:type="SequencePoint" vc="0" uspid="400" ordinal="0" offset="0" sl="24" sc="42" el="24" ec="46" bec="0" bev="0" fileid="29" />
            </Method>
            <Method visited="true" cyclomaticComplexity="1" nPathComplexity="0" sequenceCoverage="100" branchCoverage="100" isConstructor="false" isStatic="false" isGetter="false" isSetter="true">
              <Summary numSequencePoints="1" visitedSequencePoints="1" numBranchPoints="1" visitedBranchPoints="1" sequenceCoverage="100" branchCoverage="100" maxCyclomaticComplexity="1" minCyclomaticComplexity="1" visitedClasses="0" numClasses="0" visitedMethods="1" numMethods="1" />
              <MetadataToken>100663305</MetadataToken>
              <Name>System.Void ProjectManager.DataLayer.ProjectManagerContext::set_Projects(System.Data.Entity.DbSet`1&lt;ProjectManager.Entities.Project&gt;)</Name>
              <FileRef uid="29" />
              <SequencePoints>
                <SequencePoint vc="6" uspid="401" ordinal="0" offset="0" sl="24" sc="47" el="24" ec="51" bec="0" bev="0" fileid="29" />
              </SequencePoints>
              <BranchPoints />
              <MethodPoint xsi:type="SequencePoint" vc="6" uspid="401" ordinal="0" offset="0" sl="24" sc="47" el="24" ec="51" bec="0" bev="0" fileid="29" />
            </Method>
            <Method visited="true" cyclomaticComplexity="1" nPathComplexity="0" sequenceCoverage="100" branchCoverage="100" isConstructor="true" isStatic="false" isGetter="false" isSetter="false">
              <Summary numSequencePoints="4" visitedSequencePoints="4" numBranchPoints="1" visitedBranchPoints="1" sequenceCoverage="100" branchCoverage="100" maxCyclomaticComplexity="1" minCyclomaticComplexity="1" visitedClasses="0" numClasses="0" visitedMethods="1" numMethods="1" />
              <MetadataToken>100663297</MetadataToken>
              <Name>System.Void ProjectManager.DataLayer.ProjectManagerContext::.ctor()</Name>
              <FileRef uid="29" />
              <SequencePoints>
                <SequencePoint vc="6" uspid="402" ordinal="0" offset="0" sl="8" sc="40" el="8" ec="66" bec="0" bev="0" fileid="29" />
                <SequencePoint vc="6" uspid="403" ordinal="1" offset="12" sl="9" sc="9" el="9" ec="10" bec="0" bev="0" fileid="29" />
                <SequencePoint vc="6" uspid="404" ordinal="2" offset="13" sl="10" sc="13" el="10" ec="70" bec="0" bev="0" fileid="29" />
                <SequencePoint vc="6" uspid="405" ordinal="3" offset="24" sl="11" sc="9" el="11" ec="10" bec="0" bev="0" fileid="29" />
              </SequencePoints>
              <BranchPoints />
              <MethodPoint xsi:type="SequencePoint" vc="6" uspid="402" ordinal="0" offset="0" sl="8" sc="40" el="8" ec="66" bec="0" bev="0" fileid="29" />
            </Method>
          </Methods>
        </Class>
        <Class>
          <Summary numSequencePoints="7" visitedSequencePoints="0" numBranchPoints="1" visitedBranchPoints="0" sequenceCoverage="0" branchCoverage="0" maxCyclomaticComplexity="1" minCyclomaticComplexity="1" visitedClasses="0" numClasses="1" visitedMethods="0" numMethods="1" />
          <FullName>ProjectManager.DataLayer.ProjectManagerInitializer</FullName>
          <Methods>
            <Method visited="false" cyclomaticComplexity="1" nPathComplexity="0" sequenceCoverage="0" branchCoverage="0" isConstructor="false" isStatic="false" isGetter="false" isSetter="false">
              <Summary numSequencePoints="7" visitedSequencePoints="0" numBranchPoints="1" visitedBranchPoints="0" sequenceCoverage="0" branchCoverage="0" maxCyclomaticComplexity="1" minCyclomaticComplexity="1" visitedClasses="0" numClasses="0" visitedMethods="0" numMethods="1" />
              <MetadataToken>100663306</MetadataToken>
              <Name>System.Void ProjectManager.DataLayer.ProjectManagerInitializer::Seed(ProjectManager.DataLayer.ProjectManagerContext)</Name>
              <FileRef uid="30" />
              <SequencePoints>
                <SequencePoint vc="0" uspid="406" ordinal="0" offset="0" sl="10" sc="9" el="10" ec="10" bec="0" bev="0" fileid="30" />
                <SequencePoint vc="0" uspid="407" ordinal="1" offset="1" sl="11" sc="13" el="11" ec="69" bec="0" bev="0" fileid="30" />
                <SequencePoint vc="0" uspid="408" ordinal="2" offset="7" sl="13" sc="13" el="13" ec="74" bec="0" bev="0" fileid="30" />
                <SequencePoint vc="0" uspid="409" ordinal="3" offset="31" sl="14" sc="13" el="14" ec="76" bec="0" bev="0" fileid="30" />
                <SequencePoint vc="0" uspid="410" ordinal="4" offset="55" sl="16" sc="13" el="16" ec="57" bec="0" bev="0" fileid="30" />
                <SequencePoint vc="0" uspid="411" ordinal="5" offset="68" sl="18" sc="13" el="18" ec="32" bec="0" bev="0" fileid="30" />
                <SequencePoint vc="0" uspid="412" ordinal="6" offset="76" sl="19" sc="9" el="19" ec="10" bec="0" bev="0" fileid="30" />
              </SequencePoints>
              <BranchPoints />
              <MethodPoint xsi:type="SequencePoint" vc="0" uspid="406" ordinal="0" offset="0" sl="10" sc="9" el="10" ec="10" bec="0" bev="0" fileid="30" />
            </Method>
            <Method visited="true" cyclomaticComplexity="1" nPathComplexity="0" sequenceCoverage="0" branchCoverage="0" isConstructor="true" isStatic="false" isGetter="false" isSetter="false">
              <Summary numSequencePoints="0" visitedSequencePoints="0" numBranchPoints="0" visitedBranchPoints="0" sequenceCoverage="0" branchCoverage="0" maxCyclomaticComplexity="1" minCyclomaticComplexity="1" visitedClasses="0" numClasses="0" visitedMethods="0" numMethods="0" />
              <MetadataToken>100663307</MetadataToken>
              <Name>System.Void ProjectManager.DataLayer.ProjectManagerInitializer::.ctor()</Name>
              <SequencePoints />
              <BranchPoints />
              <MethodPoint vc="6" uspid="413" ordinal="0" offset="0" />
            </Method>
          </Methods>
        </Class>
        <Class>
          <Summary numSequencePoints="30" visitedSequencePoints="30" numBranchPoints="8" visitedBranchPoints="8" sequenceCoverage="100" branchCoverage="100" maxCyclomaticComplexity="1" minCyclomaticComplexity="1" visitedClasses="1" numClasses="1" visitedMethods="8" numMethods="8" />
          <FullName>ProjectManager.DataLayer.Repository.Repository`1</FullName>
          <Methods>
            <Method visited="true" cyclomaticComplexity="1" nPathComplexity="0" sequenceCoverage="100" branchCoverage="100" isConstructor="true" isStatic="false" isGetter="false" isSetter="false">
              <Summary numSequencePoints="5" visitedSequencePoints="5" numBranchPoints="1" visitedBranchPoints="1" sequenceCoverage="100" branchCoverage="100" maxCyclomaticComplexity="1" minCyclomaticComplexity="1" visitedClasses="0" numClasses="0" visitedMethods="1" numMethods="1" />
              <MetadataToken>100663314</MetadataToken>
              <Name>System.Void ProjectManager.DataLayer.Repository.Repository`1::.ctor(ProjectManager.DataLayer.ProjectManagerContext)</Name>
              <FileRef uid="31" />
              <SequencePoints>
                <SequencePoint vc="8" uspid="414" ordinal="0" offset="0" sl="14" sc="9" el="14" ec="57" bec="0" bev="0" fileid="31" />
                <SequencePoint vc="8" uspid="415" ordinal="1" offset="7" sl="15" sc="9" el="15" ec="10" bec="0" bev="0" fileid="31" />
                <SequencePoint vc="8" uspid="416" ordinal="2" offset="8" sl="16" sc="13" el="16" ec="31" bec="0" bev="0" fileid="31" />
                <SequencePoint vc="8" uspid="417" ordinal="3" offset="15" sl="17" sc="13" el="17" ec="47" bec="0" bev="0" fileid="31" />
                <SequencePoint vc="8" uspid="418" ordinal="4" offset="32" sl="18" sc="9" el="18" ec="10" bec="0" bev="0" fileid="31" />
              </SequencePoints>
              <BranchPoints />
              <MethodPoint xsi:type="SequencePoint" vc="8" uspid="414" ordinal="0" offset="0" sl="14" sc="9" el="14" ec="57" bec="0" bev="0" fileid="31" />
            </Method>
            <Method visited="true" cyclomaticComplexity="1" nPathComplexity="0" sequenceCoverage="100" branchCoverage="100" isConstructor="false" isStatic="false" isGetter="false" isSetter="false">
              <Summary numSequencePoints="5" visitedSequencePoints="5" numBranchPoints="1" visitedBranchPoints="1" sequenceCoverage="100" branchCoverage="100" maxCyclomaticComplexity="1" minCyclomaticComplexity="1" visitedClasses="0" numClasses="0" visitedMethods="1" numMethods="1" />
              <MetadataToken>100663315</MetadataToken>
              <Name>TEntity ProjectManager.DataLayer.Repository.Repository`1::Add(TEntity)</Name>
              <FileRef uid="31" />
              <SequencePoints>
                <SequencePoint vc="4" uspid="419" ordinal="0" offset="0" sl="21" sc="9" el="21" ec="10" bec="0" bev="0" fileid="31" />
                <SequencePoint vc="4" uspid="420" ordinal="1" offset="1" sl="22" sc="13" el="22" ec="55" bec="0" bev="0" fileid="31" />
                <SequencePoint vc="4" uspid="421" ordinal="2" offset="14" sl="23" sc="13" el="23" ec="35" bec="0" bev="0" fileid="31" />
                <SequencePoint vc="4" uspid="422" ordinal="3" offset="26" sl="24" sc="13" el="24" ec="35" bec="0" bev="0" fileid="31" />
                <SequencePoint vc="4" uspid="423" ordinal="4" offset="30" sl="25" sc="9" el="25" ec="10" bec="0" bev="0" fileid="31" />
              </SequencePoints>
              <BranchPoints />
              <MethodPoint xsi:type="SequencePoint" vc="4" uspid="419" ordinal="0" offset="0" sl="21" sc="9" el="21" ec="10" bec="0" bev="0" fileid="31" />
            </Method>
            <Method visited="true" cyclomaticComplexity="1" nPathComplexity="0" sequenceCoverage="100" branchCoverage="100" isConstructor="false" isStatic="false" isGetter="false" isSetter="false">
              <Summary numSequencePoints="4" visitedSequencePoints="4" numBranchPoints="1" visitedBranchPoints="1" sequenceCoverage="100" branchCoverage="100" maxCyclomaticComplexity="1" minCyclomaticComplexity="1" visitedClasses="0" numClasses="0" visitedMethods="1" numMethods="1" />
              <MetadataToken>100663316</MetadataToken>
              <Name>TEntity ProjectManager.DataLayer.Repository.Repository`1::Update(TEntity)</Name>
              <FileRef uid="31" />
              <SequencePoints>
                <SequencePoint vc="3" uspid="424" ordinal="0" offset="0" sl="28" sc="9" el="28" ec="10" bec="0" bev="0" fileid="31" />
                <SequencePoint vc="3" uspid="425" ordinal="1" offset="1" sl="32" sc="13" el="32" ec="35" bec="0" bev="0" fileid="31" />
                <SequencePoint vc="3" uspid="426" ordinal="2" offset="13" sl="33" sc="13" el="33" ec="27" bec="0" bev="0" fileid="31" />
                <SequencePoint vc="3" uspid="427" ordinal="3" offset="17" sl="34" sc="9" el="34" ec="10" bec="0" bev="0" fileid="31" />
              </SequencePoints>
              <BranchPoints />
              <MethodPoint xsi:type="SequencePoint" vc="3" uspid="424" ordinal="0" offset="0" sl="28" sc="9" el="28" ec="10" bec="0" bev="0" fileid="31" />
            </Method>
            <Method visited="true" cyclomaticComplexity="1" nPathComplexity="0" sequenceCoverage="100" branchCoverage="100" isConstructor="false" isStatic="false" isGetter="false" isSetter="false">
              <Summary numSequencePoints="3" visitedSequencePoints="3" numBranchPoints="1" visitedBranchPoints="1" sequenceCoverage="100" branchCoverage="100" maxCyclomaticComplexity="1" minCyclomaticComplexity="1" visitedClasses="0" numClasses="0" visitedMethods="1" numMethods="1" />
              <MetadataToken>100663317</MetadataToken>
              <Name>System.Collections.Generic.IEnumerable`1&lt;TEntity&gt; ProjectManager.DataLayer.Repository.Repository`1::Find(System.Linq.Expressions.Expression`1&lt;System.Func`2&lt;TEntity,System.Boolean&gt;&gt;)</Name>
              <FileRef uid="31" />
              <SequencePoints>
                <SequencePoint vc="1" uspid="428" ordinal="0" offset="0" sl="37" sc="9" el="37" ec="10" bec="0" bev="0" fileid="31" />
                <SequencePoint vc="1" uspid="429" ordinal="1" offset="1" sl="38" sc="13" el="38" ec="46" bec="0" bev="0" fileid="31" />
                <SequencePoint vc="1" uspid="430" ordinal="2" offset="16" sl="39" sc="9" el="39" ec="10" bec="0" bev="0" fileid="31" />
              </SequencePoints>
              <BranchPoints />
              <MethodPoint xsi:type="SequencePoint" vc="1" uspid="428" ordinal="0" offset="0" sl="37" sc="9" el="37" ec="10" bec="0" bev="0" fileid="31" />
            </Method>
            <Method visited="true" cyclomaticComplexity="1" nPathComplexity="0" sequenceCoverage="100" branchCoverage="100" isConstructor="false" isStatic="false" isGetter="false" isSetter="false">
              <Summary numSequencePoints="3" visitedSequencePoints="3" numBranchPoints="1" visitedBranchPoints="1" sequenceCoverage="100" branchCoverage="100" maxCyclomaticComplexity="1" minCyclomaticComplexity="1" visitedClasses="0" numClasses="0" visitedMethods="1" numMethods="1" />
              <MetadataToken>100663318</MetadataToken>
              <Name>TEntity ProjectManager.DataLayer.Repository.Repository`1::Get(System.Int32)</Name>
              <FileRef uid="31" />
              <SequencePoints>
                <SequencePoint vc="10" uspid="431" ordinal="0" offset="0" sl="42" sc="9" el="42" ec="10" bec="0" bev="0" fileid="31" />
                <SequencePoint vc="10" uspid="432" ordinal="1" offset="1" sl="43" sc="13" el="43" ec="38" bec="0" bev="0" fileid="31" />
                <SequencePoint vc="10" uspid="433" ordinal="2" offset="30" sl="44" sc="9" el="44" ec="10" bec="0" bev="0" fileid="31" />
              </SequencePoints>
              <BranchPoints />
              <MethodPoint xsi:type="SequencePoint" vc="10" uspid="431" ordinal="0" offset="0" sl="42" sc="9" el="42" ec="10" bec="0" bev="0" fileid="31" />
            </Method>
            <Method visited="true" cyclomaticComplexity="1" nPathComplexity="0" sequenceCoverage="100" branchCoverage="100" isConstructor="false" isStatic="false" isGetter="false" isSetter="false">
              <Summary numSequencePoints="3" visitedSequencePoints="3" numBranchPoints="1" visitedBranchPoints="1" sequenceCoverage="100" branchCoverage="100" maxCyclomaticComplexity="1" minCyclomaticComplexity="1" visitedClasses="0" numClasses="0" visitedMethods="1" numMethods="1" />
              <MetadataToken>100663319</MetadataToken>
              <Name>System.Collections.Generic.IEnumerable`1&lt;TEntity&gt; ProjectManager.DataLayer.Repository.Repository`1::GetAll()</Name>
              <FileRef uid="31" />
              <SequencePoints>
                <SequencePoint vc="4" uspid="434" ordinal="0" offset="0" sl="47" sc="9" el="47" ec="10" bec="0" bev="0" fileid="31" />
                <SequencePoint vc="4" uspid="435" ordinal="1" offset="1" sl="48" sc="13" el="48" ec="38" bec="0" bev="0" fileid="31" />
                <SequencePoint vc="4" uspid="436" ordinal="2" offset="15" sl="49" sc="9" el="49" ec="10" bec="0" bev="0" fileid="31" />
              </SequencePoints>
              <BranchPoints />
              <MethodPoint xsi:type="SequencePoint" vc="4" uspid="434" ordinal="0" offset="0" sl="47" sc="9" el="47" ec="10" bec="0" bev="0" fileid="31" />
            </Method>
            <Method visited="true" cyclomaticComplexity="1" nPathComplexity="0" sequenceCoverage="100" branchCoverage="100" isConstructor="false" isStatic="false" isGetter="false" isSetter="false">
              <Summary numSequencePoints="4" visitedSequencePoints="4" numBranchPoints="1" visitedBranchPoints="1" sequenceCoverage="100" branchCoverage="100" maxCyclomaticComplexity="1" minCyclomaticComplexity="1" visitedClasses="0" numClasses="0" visitedMethods="1" numMethods="1" />
              <MetadataToken>100663320</MetadataToken>
              <Name>System.Void ProjectManager.DataLayer.Repository.Repository`1::Remove(TEntity)</Name>
              <FileRef uid="31" />
              <SequencePoints>
                <SequencePoint vc="4" uspid="437" ordinal="0" offset="0" sl="52" sc="9" el="52" ec="10" bec="0" bev="0" fileid="31" />
                <SequencePoint vc="4" uspid="438" ordinal="1" offset="1" sl="53" sc="13" el="53" ec="37" bec="0" bev="0" fileid="31" />
                <SequencePoint vc="4" uspid="439" ordinal="2" offset="14" sl="54" sc="13" el="54" ec="35" bec="0" bev="0" fileid="31" />
                <SequencePoint vc="4" uspid="440" ordinal="3" offset="26" sl="55" sc="9" el="55" ec="10" bec="0" bev="0" fileid="31" />
              </SequencePoints>
              <BranchPoints />
              <MethodPoint xsi:type="SequencePoint" vc="4" uspid="437" ordinal="0" offset="0" sl="52" sc="9" el="52" ec="10" bec="0" bev="0" fileid="31" />
            </Method>
            <Method visited="true" cyclomaticComplexity="1" nPathComplexity="0" sequenceCoverage="100" branchCoverage="100" isConstructor="false" isStatic="false" isGetter="false" isSetter="false">
              <Summary numSequencePoints="3" visitedSequencePoints="3" numBranchPoints="1" visitedBranchPoints="1" sequenceCoverage="100" branchCoverage="100" maxCyclomaticComplexity="1" minCyclomaticComplexity="1" visitedClasses="0" numClasses="0" visitedMethods="1" numMethods="1" />
              <MetadataToken>100663321</MetadataToken>
              <Name>System.Void ProjectManager.DataLayer.Repository.Repository`1::Dispose()</Name>
              <FileRef uid="31" />
              <SequencePoints>
                <SequencePoint vc="1" uspid="441" ordinal="0" offset="0" sl="58" sc="9" el="58" ec="10" bec="0" bev="0" fileid="31" />
                <SequencePoint vc="1" uspid="442" ordinal="1" offset="1" sl="59" sc="13" el="59" ec="31" bec="0" bev="0" fileid="31" />
                <SequencePoint vc="1" uspid="443" ordinal="2" offset="13" sl="60" sc="9" el="60" ec="10" bec="0" bev="0" fileid="31" />
              </SequencePoints>
              <BranchPoints />
              <MethodPoint xsi:type="SequencePoint" vc="1" uspid="441" ordinal="0" offset="0" sl="58" sc="9" el="58" ec="10" bec="0" bev="0" fileid="31" />
            </Method>
          </Methods>
        </Class>
      </Classes>
    </Module>
    <Module skippedDueTo="Filter" hash="04-E9-C9-8D-81-2A-18-0D-95-44-41-F4-12-25-FF-D6-EB-6E-D6-0A">
      <ModulePath>C:\FSD\FINAL ASSESSMENT\ProjectManagerService\ProjectManager.Tests\bin\Debug\Castle.Core.dll</ModulePath>
      <ModuleTime>2018-06-20T09:37:38Z</ModuleTime>
      <ModuleName>Castle.Core</ModuleName>
      <Classes />
    </Module>
    <Module skippedDueTo="Filter" hash="9C-75-55-9F-AD-D5-06-26-64-CB-04-EC-20-DB-A3-7F-FE-FD-2E-4E">
      <ModulePath>C:\FSD\FINAL ASSESSMENT\ProjectManagerService\ProjectManager.Tests\bin\Debug\System.Threading.Tasks.Extensions.dll</ModulePath>
      <ModuleTime>2016-11-04T23:27:24Z</ModuleTime>
      <ModuleName>System.Threading.Tasks.Extensions</ModuleName>
      <Classes />
    </Module>
    <Module skippedDueTo="Filter" hash="1E-0D-96-46-78-43-40-4F-87-3F-C0-E0-FA-AA-DE-D1-00-F0-24-7D">
      <ModulePath>C:\windows\Microsoft.Net\assembly\GAC_MSIL\System.Runtime\v4.0_4.0.0.0__b03f5f7f11d50a3a\System.Runtime.dll</ModulePath>
      <ModuleTime>2016-07-14T09:13:42Z</ModuleTime>
      <ModuleName>System.Runtime</ModuleName>
      <Classes />
    </Module>
    <Module skippedDueTo="Filter" hash="43-70-BE-22-94-B1-35-92-9B-E8-03-EE-31-AD-1D-34-7D-DF-6B-11">
      <ModulePath>C:\FSD\FINAL ASSESSMENT\ProjectManagerService\ProjectManager.Tests\bin\Debug\System.ValueTuple.dll</ModulePath>
      <ModuleTime>2017-07-19T04:31:32Z</ModuleTime>
      <ModuleName>System.ValueTuple</ModuleName>
      <Classes />
    </Module>
    <Module skippedDueTo="Filter" hash="">
      <ModulePath>RefEmit_InMemoryManifestModule</ModulePath>
      <ModuleTime>0001-01-01T00:00:00</ModuleTime>
      <ModuleName>Anonymously Hosted DynamicMethods Assembly</ModuleName>
      <Classes />
    </Module>
    <Module skippedDueTo="Filter" hash="">
      <ModulePath>RefEmit_InMemoryManifestModule</ModulePath>
      <ModuleTime>0001-01-01T00:00:00</ModuleTime>
      <ModuleName>DynamicProxyGenAssembly2</ModuleName>
      <Classes />
    </Module>
    <Module skippedDueTo="Filter" hash="">
      <ModulePath>RefEmit_InMemoryManifestModule</ModulePath>
      <ModuleTime>0001-01-01T00:00:00</ModuleTime>
      <ModuleName>DynamicProxyGenAssembly2</ModuleName>
      <Classes />
    </Module>
    <Module skippedDueTo="Filter" hash="75-7C-9D-77-5B-C3-C2-F7-B9-5F-C1-B8-6A-BC-3A-67-72-FF-41-BB">
      <ModulePath>C:\windows\Microsoft.Net\assembly\GAC_MSIL\System.Core\v4.0_4.0.0.0__b77a5c561934e089\System.Core.dll</ModulePath>
      <ModuleTime>2016-07-14T09:13:42Z</ModuleTime>
      <ModuleName>System.Core</ModuleName>
      <Classes />
    </Module>
    <Module skippedDueTo="Filter" hash="FA-BB-CA-4C-60-AD-74-6C-27-FA-B7-03-5B-96-97-2F-EB-32-5D-AF">
      <ModulePath>C:\windows\Microsoft.Net\assembly\GAC_64\System.Data\v4.0_4.0.0.0__b77a5c561934e089\System.Data.dll</ModulePath>
      <ModuleTime>2016-07-14T09:07:18Z</ModuleTime>
      <ModuleName>System.Data</ModuleName>
      <Classes />
    </Module>
    <Module skippedDueTo="Filter" hash="9D-8C-F0-38-93-AA-F9-80-7F-99-3F-48-55-49-21-AF-A0-81-85-9F">
      <ModulePath>C:\FSD\FINAL ASSESSMENT\ProjectManagerService\ProjectManager.Tests\bin\Debug\EntityFramework.SqlServer.dll</ModulePath>
      <ModuleTime>2017-10-23T07:45:20Z</ModuleTime>
      <ModuleName>EntityFramework.SqlServer</ModuleName>
      <Classes />
    </Module>
    <Module hash="61-E5-7A-C1-68-78-39-4A-65-21-1E-54-1D-84-FA-BB-9F-0A-47-A4">
      <Summary numSequencePoints="58" visitedSequencePoints="58" numBranchPoints="22" visitedBranchPoints="22" sequenceCoverage="100" branchCoverage="100" maxCyclomaticComplexity="2" minCyclomaticComplexity="1" visitedClasses="1" numClasses="1" visitedMethods="16" numMethods="16" />
      <ModulePath>C:\FSD\FINAL ASSESSMENT\ProjectManagerService\ProjectManager.Tests\bin\Debug\ProjectManager.API.dll</ModulePath>
      <ModuleTime>2018-11-03T02:47:57.3231109Z</ModuleTime>
      <ModuleName>ProjectManager.API</ModuleName>
      <Files>
        <File uid="35" fullPath="C:\FSD\FINAL ASSESSMENT\ProjectManagerService\ProjectManager.API\Controllers\ProjectManagerController.cs" />
      </Files>
      <Classes>
        <Class skippedDueTo="Filter">
          <FullName>&lt;Module&gt;</FullName>
          <Methods />
        </Class>
        <Class skippedDueTo="Filter">
          <FullName>&lt;&gt;f__AnonymousType0`3</FullName>
          <Methods />
        </Class>
        <Class skippedDueTo="Filter">
          <FullName>&lt;&gt;f__AnonymousType1`1</FullName>
          <Methods />
        </Class>
        <Class skippedDueTo="Filter">
          <FullName>&lt;&gt;f__AnonymousType2`3</FullName>
          <Methods />
        </Class>
        <Class skippedDueTo="Filter">
          <FullName>&lt;&gt;f__AnonymousType3`5</FullName>
          <Methods />
        </Class>
        <Class skippedDueTo="Filter">
          <FullName>ProjectManager.API.BundleConfig</FullName>
          <Methods />
        </Class>
        <Class skippedDueTo="Filter">
          <FullName>ProjectManager.API.FilterConfig</FullName>
          <Methods />
        </Class>
        <Class skippedDueTo="Filter">
          <FullName>ProjectManager.API.ApplicationUserManager</FullName>
          <Methods />
        </Class>
        <Class skippedDueTo="Filter">
          <FullName>ProjectManager.API.RouteConfig</FullName>
          <Methods />
        </Class>
        <Class skippedDueTo="Filter">
          <FullName>ProjectManager.API.Startup</FullName>
          <Methods />
        </Class>
        <Class skippedDueTo="Filter">
          <FullName>ProjectManager.API.UnityConfig</FullName>
          <Methods />
        </Class>
        <Class skippedDueTo="Filter">
          <FullName>ProjectManager.API.WebApiConfig</FullName>
          <Methods />
        </Class>
        <Class skippedDueTo="Filter">
          <FullName>ProjectManager.API.WebApiApplication</FullName>
          <Methods />
        </Class>
        <Class skippedDueTo="Filter">
          <FullName>ProjectManager.API.Results.ChallengeResult</FullName>
          <Methods />
        </Class>
        <Class skippedDueTo="Filter">
          <FullName>ProjectManager.API.Providers.ApplicationOAuthProvider</FullName>
          <Methods />
        </Class>
        <Class skippedDueTo="Filter">
          <FullName>ProjectManager.API.Providers.ApplicationOAuthProvider/&lt;GrantResourceOwnerCredentials&gt;d__2</FullName>
          <Methods />
        </Class>
        <Class skippedDueTo="Filter">
          <FullName>ProjectManager.API.Models.AddExternalLoginBindingModel</FullName>
          <Methods />
        </Class>
        <Class skippedDueTo="Filter">
          <FullName>ProjectManager.API.Models.ChangePasswordBindingModel</FullName>
          <Methods />
        </Class>
        <Class skippedDueTo="Filter">
          <FullName>ProjectManager.API.Models.RegisterBindingModel</FullName>
          <Methods />
        </Class>
        <Class skippedDueTo="Filter">
          <FullName>ProjectManager.API.Models.RegisterExternalBindingModel</FullName>
          <Methods />
        </Class>
        <Class skippedDueTo="Filter">
          <FullName>ProjectManager.API.Models.RemoveLoginBindingModel</FullName>
          <Methods />
        </Class>
        <Class skippedDueTo="Filter">
          <FullName>ProjectManager.API.Models.SetPasswordBindingModel</FullName>
          <Methods />
        </Class>
        <Class skippedDueTo="Filter">
          <FullName>ProjectManager.API.Models.ExternalLoginViewModel</FullName>
          <Methods />
        </Class>
        <Class skippedDueTo="Filter">
          <FullName>ProjectManager.API.Models.ManageInfoViewModel</FullName>
          <Methods />
        </Class>
        <Class skippedDueTo="Filter">
          <FullName>ProjectManager.API.Models.UserInfoViewModel</FullName>
          <Methods />
        </Class>
        <Class skippedDueTo="Filter">
          <FullName>ProjectManager.API.Models.UserLoginInfoViewModel</FullName>
          <Methods />
        </Class>
        <Class skippedDueTo="Filter">
          <FullName>ProjectManager.API.Models.ApplicationUser</FullName>
          <Methods />
        </Class>
        <Class skippedDueTo="Filter">
          <FullName>ProjectManager.API.Models.ApplicationUser/&lt;GenerateUserIdentityAsync&gt;d__0</FullName>
          <Methods />
        </Class>
        <Class skippedDueTo="Filter">
          <FullName>ProjectManager.API.Models.ApplicationDbContext</FullName>
          <Methods />
        </Class>
        <Class skippedDueTo="Filter">
          <FullName>ProjectManager.API.Controllers.AccountController</FullName>
          <Methods />
        </Class>
        <Class skippedDueTo="Filter">
          <FullName>ProjectManager.API.Controllers.AccountController/ExternalLoginData</FullName>
          <Methods />
        </Class>
        <Class skippedDueTo="Filter">
          <FullName>ProjectManager.API.Controllers.AccountController/RandomOAuthStateGenerator</FullName>
          <Methods />
        </Class>
        <Class skippedDueTo="Filter">
          <FullName>ProjectManager.API.Controllers.AccountController/&lt;GetManageInfo&gt;d__13</FullName>
          <Methods />
        </Class>
        <Class skippedDueTo="Filter">
          <FullName>ProjectManager.API.Controllers.AccountController/&lt;ChangePassword&gt;d__14</FullName>
          <Methods />
        </Class>
        <Class skippedDueTo="Filter">
          <FullName>ProjectManager.API.Controllers.AccountController/&lt;SetPassword&gt;d__15</FullName>
          <Methods />
        </Class>
        <Class skippedDueTo="Filter">
          <FullName>ProjectManager.API.Controllers.AccountController/&lt;AddExternalLogin&gt;d__16</FullName>
          <Methods />
        </Class>
        <Class skippedDueTo="Filter">
          <FullName>ProjectManager.API.Controllers.AccountController/&lt;RemoveLogin&gt;d__17</FullName>
          <Methods />
        </Class>
        <Class skippedDueTo="Filter">
          <FullName>ProjectManager.API.Controllers.AccountController/&lt;GetExternalLogin&gt;d__18</FullName>
          <Methods />
        </Class>
        <Class skippedDueTo="Filter">
          <FullName>ProjectManager.API.Controllers.AccountController/&lt;Register&gt;d__20</FullName>
          <Methods />
        </Class>
        <Class skippedDueTo="Filter">
          <FullName>ProjectManager.API.Controllers.AccountController/&lt;RegisterExternal&gt;d__21</FullName>
          <Methods />
        </Class>
        <Class skippedDueTo="Filter">
          <FullName>ProjectManager.API.Controllers.HomeController</FullName>
          <Methods />
        </Class>
        <Class skippedDueTo="Filter">
          <FullName>ProjectManager.API.Controllers.HomeController/&lt;&gt;o__0</FullName>
          <Methods />
        </Class>
        <Class>
          <Summary numSequencePoints="58" visitedSequencePoints="58" numBranchPoints="22" visitedBranchPoints="22" sequenceCoverage="100" branchCoverage="100" maxCyclomaticComplexity="2" minCyclomaticComplexity="1" visitedClasses="1" numClasses="1" visitedMethods="16" numMethods="16" />
          <FullName>ProjectManager.API.Controllers.ProjectManagerController</FullName>
          <Methods>
            <Method visited="true" cyclomaticComplexity="1" nPathComplexity="0" sequenceCoverage="100" branchCoverage="100" isConstructor="true" isStatic="false" isGetter="false" isSetter="false">
              <Summary numSequencePoints="4" visitedSequencePoints="4" numBranchPoints="1" visitedBranchPoints="1" sequenceCoverage="100" branchCoverage="100" maxCyclomaticComplexity="1" minCyclomaticComplexity="1" visitedClasses="0" numClasses="0" visitedMethods="1" numMethods="1" />
              <MetadataToken>100663440</MetadataToken>
              <Name>System.Void ProjectManager.API.Controllers.ProjectManagerController::.ctor(ProjectManager.BusinessLayer.IProjectManagerService)</Name>
              <FileRef uid="35" />
              <SequencePoints>
                <SequencePoint vc="1" uspid="444" ordinal="0" offset="0" sl="15" sc="9" el="15" ec="86" bec="0" bev="0" fileid="35" />
                <SequencePoint vc="1" uspid="445" ordinal="1" offset="7" sl="16" sc="9" el="16" ec="10" bec="0" bev="0" fileid="35" />
                <SequencePoint vc="1" uspid="446" ordinal="2" offset="8" sl="17" sc="13" el="17" ec="64" bec="0" bev="0" fileid="35" />
                <SequencePoint vc="1" uspid="447" ordinal="3" offset="15" sl="18" sc="9" el="18" ec="10" bec="0" bev="0" fileid="35" />
              </SequencePoints>
              <BranchPoints />
              <MethodPoint xsi:type="SequencePoint" vc="1" uspid="444" ordinal="0" offset="0" sl="15" sc="9" el="15" ec="86" bec="0" bev="0" fileid="35" />
            </Method>
            <Method visited="true" cyclomaticComplexity="1" nPathComplexity="0" sequenceCoverage="100" branchCoverage="100" isConstructor="false" isStatic="false" isGetter="false" isSetter="false">
              <Summary numSequencePoints="3" visitedSequencePoints="3" numBranchPoints="1" visitedBranchPoints="1" sequenceCoverage="100" branchCoverage="100" maxCyclomaticComplexity="1" minCyclomaticComplexity="1" visitedClasses="0" numClasses="0" visitedMethods="1" numMethods="1" />
              <MetadataToken>100663441</MetadataToken>
              <Name>System.Web.Http.IHttpActionResult ProjectManager.API.Controllers.ProjectManagerController::GetAllTasks()</Name>
              <FileRef uid="35" />
              <SequencePoints>
                <SequencePoint vc="1" uspid="448" ordinal="0" offset="0" sl="23" sc="9" el="23" ec="10" bec="0" bev="0" fileid="35" />
                <SequencePoint vc="1" uspid="449" ordinal="1" offset="1" sl="24" sc="13" el="24" ec="60" bec="0" bev="0" fileid="35" />
                <SequencePoint vc="1" uspid="450" ordinal="2" offset="21" sl="25" sc="9" el="25" ec="10" bec="0" bev="0" fileid="35" />
              </SequencePoints>
              <BranchPoints />
              <MethodPoint xsi:type="SequencePoint" vc="1" uspid="448" ordinal="0" offset="0" sl="23" sc="9" el="23" ec="10" bec="0" bev="0" fileid="35" />
            </Method>
            <Method visited="true" cyclomaticComplexity="1" nPathComplexity="0" sequenceCoverage="100" branchCoverage="100" isConstructor="false" isStatic="false" isGetter="false" isSetter="false">
              <Summary numSequencePoints="3" visitedSequencePoints="3" numBranchPoints="1" visitedBranchPoints="1" sequenceCoverage="100" branchCoverage="100" maxCyclomaticComplexity="1" minCyclomaticComplexity="1" visitedClasses="0" numClasses="0" visitedMethods="1" numMethods="1" />
              <MetadataToken>100663442</MetadataToken>
              <Name>System.Web.Http.IHttpActionResult ProjectManager.API.Controllers.ProjectManagerController::GetAllProjects()</Name>
              <FileRef uid="35" />
              <SequencePoints>
                <SequencePoint vc="1" uspid="451" ordinal="0" offset="0" sl="30" sc="9" el="30" ec="10" bec="0" bev="0" fileid="35" />
                <SequencePoint vc="1" uspid="452" ordinal="1" offset="1" sl="31" sc="13" el="31" ec="62" bec="0" bev="0" fileid="35" />
                <SequencePoint vc="1" uspid="453" ordinal="2" offset="21" sl="32" sc="9" el="32" ec="10" bec="0" bev="0" fileid="35" />
              </SequencePoints>
              <BranchPoints />
              <MethodPoint xsi:type="SequencePoint" vc="1" uspid="451" ordinal="0" offset="0" sl="30" sc="9" el="30" ec="10" bec="0" bev="0" fileid="35" />
            </Method>
            <Method visited="true" cyclomaticComplexity="1" nPathComplexity="0" sequenceCoverage="100" branchCoverage="100" isConstructor="false" isStatic="false" isGetter="false" isSetter="false">
              <Summary numSequencePoints="3" visitedSequencePoints="3" numBranchPoints="1" visitedBranchPoints="1" sequenceCoverage="100" branchCoverage="100" maxCyclomaticComplexity="1" minCyclomaticComplexity="1" visitedClasses="0" numClasses="0" visitedMethods="1" numMethods="1" />
              <MetadataToken>100663443</MetadataToken>
              <Name>System.Web.Http.IHttpActionResult ProjectManager.API.Controllers.ProjectManagerController::GetAllUsers()</Name>
              <FileRef uid="35" />
              <SequencePoints>
                <SequencePoint vc="1" uspid="454" ordinal="0" offset="0" sl="37" sc="9" el="37" ec="10" bec="0" bev="0" fileid="35" />
                <SequencePoint vc="1" uspid="455" ordinal="1" offset="1" sl="38" sc="13" el="38" ec="60" bec="0" bev="0" fileid="35" />
                <SequencePoint vc="1" uspid="456" ordinal="2" offset="21" sl="39" sc="9" el="39" ec="10" bec="0" bev="0" fileid="35" />
              </SequencePoints>
              <BranchPoints />
              <MethodPoint xsi:type="SequencePoint" vc="1" uspid="454" ordinal="0" offset="0" sl="37" sc="9" el="37" ec="10" bec="0" bev="0" fileid="35" />
            </Method>
            <Method visited="true" cyclomaticComplexity="1" nPathComplexity="0" sequenceCoverage="100" branchCoverage="100" isConstructor="false" isStatic="false" isGetter="false" isSetter="false">
              <Summary numSequencePoints="3" visitedSequencePoints="3" numBranchPoints="1" visitedBranchPoints="1" sequenceCoverage="100" branchCoverage="100" maxCyclomaticComplexity="1" minCyclomaticComplexity="1" visitedClasses="0" numClasses="0" visitedMethods="1" numMethods="1" />
              <MetadataToken>100663444</MetadataToken>
              <Name>System.Web.Http.IHttpActionResult ProjectManager.API.Controllers.ProjectManagerController::GetTaskById(System.Int32)</Name>
              <FileRef uid="35" />
              <SequencePoints>
                <SequencePoint vc="1" uspid="457" ordinal="0" offset="0" sl="44" sc="9" el="44" ec="10" bec="0" bev="0" fileid="35" />
                <SequencePoint vc="1" uspid="458" ordinal="1" offset="1" sl="45" sc="13" el="45" ec="62" bec="0" bev="0" fileid="35" />
                <SequencePoint vc="1" uspid="459" ordinal="2" offset="22" sl="46" sc="9" el="46" ec="10" bec="0" bev="0" fileid="35" />
              </SequencePoints>
              <BranchPoints />
              <MethodPoint xsi:type="SequencePoint" vc="1" uspid="457" ordinal="0" offset="0" sl="44" sc="9" el="44" ec="10" bec="0" bev="0" fileid="35" />
            </Method>
            <Method visited="true" cyclomaticComplexity="1" nPathComplexity="0" sequenceCoverage="100" branchCoverage="100" isConstructor="false" isStatic="false" isGetter="false" isSetter="false">
              <Summary numSequencePoints="3" visitedSequencePoints="3" numBranchPoints="1" visitedBranchPoints="1" sequenceCoverage="100" branchCoverage="100" maxCyclomaticComplexity="1" minCyclomaticComplexity="1" visitedClasses="0" numClasses="0" visitedMethods="1" numMethods="1" />
              <MetadataToken>100663445</MetadataToken>
              <Name>System.Web.Http.IHttpActionResult ProjectManager.API.Controllers.ProjectManagerController::GetProjectById(System.Int32)</Name>
              <FileRef uid="35" />
              <SequencePoints>
                <SequencePoint vc="1" uspid="460" ordinal="0" offset="0" sl="51" sc="9" el="51" ec="10" bec="0" bev="0" fileid="35" />
                <SequencePoint vc="1" uspid="461" ordinal="1" offset="1" sl="52" sc="13" el="52" ec="65" bec="0" bev="0" fileid="35" />
                <SequencePoint vc="1" uspid="462" ordinal="2" offset="22" sl="53" sc="9" el="53" ec="10" bec="0" bev="0" fileid="35" />
              </SequencePoints>
              <BranchPoints />
              <MethodPoint xsi:type="SequencePoint" vc="1" uspid="460" ordinal="0" offset="0" sl="51" sc="9" el="51" ec="10" bec="0" bev="0" fileid="35" />
            </Method>
            <Method visited="true" cyclomaticComplexity="1" nPathComplexity="0" sequenceCoverage="100" branchCoverage="100" isConstructor="false" isStatic="false" isGetter="false" isSetter="false">
              <Summary numSequencePoints="3" visitedSequencePoints="3" numBranchPoints="1" visitedBranchPoints="1" sequenceCoverage="100" branchCoverage="100" maxCyclomaticComplexity="1" minCyclomaticComplexity="1" visitedClasses="0" numClasses="0" visitedMethods="1" numMethods="1" />
              <MetadataToken>100663446</MetadataToken>
              <Name>System.Web.Http.IHttpActionResult ProjectManager.API.Controllers.ProjectManagerController::GetUserById(System.Int32)</Name>
              <FileRef uid="35" />
              <SequencePoints>
                <SequencePoint vc="1" uspid="463" ordinal="0" offset="0" sl="58" sc="9" el="58" ec="10" bec="0" bev="0" fileid="35" />
                <SequencePoint vc="1" uspid="464" ordinal="1" offset="1" sl="59" sc="13" el="59" ec="62" bec="0" bev="0" fileid="35" />
                <SequencePoint vc="1" uspid="465" ordinal="2" offset="22" sl="60" sc="9" el="60" ec="10" bec="0" bev="0" fileid="35" />
              </SequencePoints>
              <BranchPoints />
              <MethodPoint xsi:type="SequencePoint" vc="1" uspid="463" ordinal="0" offset="0" sl="58" sc="9" el="58" ec="10" bec="0" bev="0" fileid="35" />
            </Method>
            <Method visited="true" cyclomaticComplexity="1" nPathComplexity="0" sequenceCoverage="100" branchCoverage="100" isConstructor="false" isStatic="false" isGetter="false" isSetter="false">
              <Summary numSequencePoints="3" visitedSequencePoints="3" numBranchPoints="1" visitedBranchPoints="1" sequenceCoverage="100" branchCoverage="100" maxCyclomaticComplexity="1" minCyclomaticComplexity="1" visitedClasses="0" numClasses="0" visitedMethods="1" numMethods="1" />
              <MetadataToken>100663447</MetadataToken>
              <Name>System.Web.Http.IHttpActionResult ProjectManager.API.Controllers.ProjectManagerController::AddTask(ProjectManager.BusinessLayer.BusinessEntities.TaskEntity)</Name>
              <FileRef uid="35" />
              <SequencePoints>
                <SequencePoint vc="1" uspid="466" ordinal="0" offset="0" sl="65" sc="9" el="65" ec="10" bec="0" bev="0" fileid="35" />
                <SequencePoint vc="1" uspid="467" ordinal="1" offset="1" sl="66" sc="13" el="66" ec="66" bec="0" bev="0" fileid="35" />
                <SequencePoint vc="1" uspid="468" ordinal="2" offset="22" sl="67" sc="9" el="67" ec="10" bec="0" bev="0" fileid="35" />
              </SequencePoints>
              <BranchPoints />
              <MethodPoint xsi:type="SequencePoint" vc="1" uspid="466" ordinal="0" offset="0" sl="65" sc="9" el="65" ec="10" bec="0" bev="0" fileid="35" />
            </Method>
            <Method visited="true" cyclomaticComplexity="1" nPathComplexity="0" sequenceCoverage="100" branchCoverage="100" isConstructor="false" isStatic="false" isGetter="false" isSetter="false">
              <Summary numSequencePoints="3" visitedSequencePoints="3" numBranchPoints="1" visitedBranchPoints="1" sequenceCoverage="100" branchCoverage="100" maxCyclomaticComplexity="1" minCyclomaticComplexity="1" visitedClasses="0" numClasses="0" visitedMethods="1" numMethods="1" />
              <MetadataToken>100663448</MetadataToken>
              <Name>System.Web.Http.IHttpActionResult ProjectManager.API.Controllers.ProjectManagerController::CreateProject(ProjectManager.BusinessLayer.BusinessEntities.ProjectEntity)</Name>
              <FileRef uid="35" />
              <SequencePoints>
                <SequencePoint vc="1" uspid="469" ordinal="0" offset="0" sl="72" sc="9" el="72" ec="10" bec="0" bev="0" fileid="35" />
                <SequencePoint vc="1" uspid="470" ordinal="1" offset="1" sl="73" sc="13" el="73" ec="65" bec="0" bev="0" fileid="35" />
                <SequencePoint vc="1" uspid="471" ordinal="2" offset="22" sl="74" sc="9" el="74" ec="10" bec="0" bev="0" fileid="35" />
              </SequencePoints>
              <BranchPoints />
              <MethodPoint xsi:type="SequencePoint" vc="1" uspid="469" ordinal="0" offset="0" sl="72" sc="9" el="72" ec="10" bec="0" bev="0" fileid="35" />
            </Method>
            <Method visited="true" cyclomaticComplexity="1" nPathComplexity="0" sequenceCoverage="100" branchCoverage="100" isConstructor="false" isStatic="false" isGetter="false" isSetter="false">
              <Summary numSequencePoints="3" visitedSequencePoints="3" numBranchPoints="1" visitedBranchPoints="1" sequenceCoverage="100" branchCoverage="100" maxCyclomaticComplexity="1" minCyclomaticComplexity="1" visitedClasses="0" numClasses="0" visitedMethods="1" numMethods="1" />
              <MetadataToken>100663449</MetadataToken>
              <Name>System.Web.Http.IHttpActionResult ProjectManager.API.Controllers.ProjectManagerController::CreateUser(ProjectManager.BusinessLayer.BusinessEntities.UserEntity)</Name>
              <FileRef uid="35" />
              <SequencePoints>
                <SequencePoint vc="1" uspid="472" ordinal="0" offset="0" sl="79" sc="9" el="79" ec="10" bec="0" bev="0" fileid="35" />
                <SequencePoint vc="1" uspid="473" ordinal="1" offset="1" sl="80" sc="13" el="80" ec="62" bec="0" bev="0" fileid="35" />
                <SequencePoint vc="1" uspid="474" ordinal="2" offset="22" sl="81" sc="9" el="81" ec="10" bec="0" bev="0" fileid="35" />
              </SequencePoints>
              <BranchPoints />
              <MethodPoint xsi:type="SequencePoint" vc="1" uspid="472" ordinal="0" offset="0" sl="79" sc="9" el="79" ec="10" bec="0" bev="0" fileid="35" />
            </Method>
            <Method visited="true" cyclomaticComplexity="2" nPathComplexity="2" sequenceCoverage="100" branchCoverage="100" isConstructor="false" isStatic="false" isGetter="false" isSetter="false">
              <Summary numSequencePoints="6" visitedSequencePoints="6" numBranchPoints="3" visitedBranchPoints="3" sequenceCoverage="100" branchCoverage="100" maxCyclomaticComplexity="2" minCyclomaticComplexity="2" visitedClasses="0" numClasses="0" visitedMethods="1" numMethods="1" />
              <MetadataToken>100663450</MetadataToken>
              <Name>System.Web.Http.IHttpActionResult ProjectManager.API.Controllers.ProjectManagerController::UpdateTask(ProjectManager.BusinessLayer.BusinessEntities.TaskEntity)</Name>
              <FileRef uid="35" />
              <SequencePoints>
                <SequencePoint vc="2" uspid="475" ordinal="0" offset="0" sl="86" sc="9" el="86" ec="10" bec="0" bev="0" fileid="35" />
                <SequencePoint vc="2" uspid="476" ordinal="1" offset="1" sl="87" sc="13" el="87" ec="39" bec="2" bev="2" fileid="35" />
                <SequencePoint vc="1" uspid="477" ordinal="2" offset="14" sl="88" sc="13" el="88" ec="14" bec="0" bev="0" fileid="35" />
                <SequencePoint vc="1" uspid="478" ordinal="3" offset="15" sl="89" sc="17" el="89" ec="73" bec="0" bev="0" fileid="35" />
                <SequencePoint vc="1" uspid="479" ordinal="4" offset="36" sl="91" sc="13" el="91" ec="30" bec="0" bev="0" fileid="35" />
                <SequencePoint vc="2" uspid="480" ordinal="5" offset="46" sl="92" sc="9" el="92" ec="10" bec="0" bev="0" fileid="35" />
              </SequencePoints>
              <BranchPoints>
                <BranchPoint vc="1" uspid="481" ordinal="0" offset="12" sl="87" path="0" offsetend="14" fileid="35" />
                <BranchPoint vc="1" uspid="482" ordinal="1" offset="12" sl="87" path="1" offsetend="36" fileid="35" />
              </BranchPoints>
              <MethodPoint xsi:type="SequencePoint" vc="2" uspid="475" ordinal="0" offset="0" sl="86" sc="9" el="86" ec="10" bec="0" bev="0" fileid="35" />
            </Method>
            <Method visited="true" cyclomaticComplexity="2" nPathComplexity="2" sequenceCoverage="100" branchCoverage="100" isConstructor="false" isStatic="false" isGetter="false" isSetter="false">
              <Summary numSequencePoints="6" visitedSequencePoints="6" numBranchPoints="3" visitedBranchPoints="3" sequenceCoverage="100" branchCoverage="100" maxCyclomaticComplexity="2" minCyclomaticComplexity="2" visitedClasses="0" numClasses="0" visitedMethods="1" numMethods="1" />
              <MetadataToken>100663451</MetadataToken>
              <Name>System.Web.Http.IHttpActionResult ProjectManager.API.Controllers.ProjectManagerController::UpdateProject(ProjectManager.BusinessLayer.BusinessEntities.ProjectEntity)</Name>
              <FileRef uid="35" />
              <SequencePoints>
                <SequencePoint vc="2" uspid="483" ordinal="0" offset="0" sl="97" sc="9" el="97" ec="10" bec="0" bev="0" fileid="35" />
                <SequencePoint vc="2" uspid="484" ordinal="1" offset="1" sl="98" sc="13" el="98" ec="38" bec="2" bev="2" fileid="35" />
                <SequencePoint vc="1" uspid="485" ordinal="2" offset="14" sl="99" sc="13" el="99" ec="14" bec="0" bev="0" fileid="35" />
                <SequencePoint vc="1" uspid="486" ordinal="3" offset="15" sl="100" sc="17" el="100" ec="72" bec="0" bev="0" fileid="35" />
                <SequencePoint vc="1" uspid="487" ordinal="4" offset="36" sl="102" sc="13" el="102" ec="30" bec="0" bev="0" fileid="35" />
                <SequencePoint vc="2" uspid="488" ordinal="5" offset="46" sl="103" sc="9" el="103" ec="10" bec="0" bev="0" fileid="35" />
              </SequencePoints>
              <BranchPoints>
                <BranchPoint vc="1" uspid="489" ordinal="0" offset="12" sl="98" path="0" offsetend="14" fileid="35" />
                <BranchPoint vc="1" uspid="490" ordinal="1" offset="12" sl="98" path="1" offsetend="36" fileid="35" />
              </BranchPoints>
              <MethodPoint xsi:type="SequencePoint" vc="2" uspid="483" ordinal="0" offset="0" sl="97" sc="9" el="97" ec="10" bec="0" bev="0" fileid="35" />
            </Method>
            <Method visited="true" cyclomaticComplexity="2" nPathComplexity="2" sequenceCoverage="100" branchCoverage="100" isConstructor="false" isStatic="false" isGetter="false" isSetter="false">
              <Summary numSequencePoints="6" visitedSequencePoints="6" numBranchPoints="3" visitedBranchPoints="3" sequenceCoverage="100" branchCoverage="100" maxCyclomaticComplexity="2" minCyclomaticComplexity="2" visitedClasses="0" numClasses="0" visitedMethods="1" numMethods="1" />
              <MetadataToken>100663452</MetadataToken>
              <Name>System.Web.Http.IHttpActionResult ProjectManager.API.Controllers.ProjectManagerController::UpdateUser(ProjectManager.BusinessLayer.BusinessEntities.UserEntity)</Name>
              <FileRef uid="35" />
              <SequencePoints>
                <SequencePoint vc="2" uspid="491" ordinal="0" offset="0" sl="108" sc="9" el="108" ec="10" bec="0" bev="0" fileid="35" />
                <SequencePoint vc="2" uspid="492" ordinal="1" offset="1" sl="109" sc="13" el="109" ec="35" bec="2" bev="2" fileid="35" />
                <SequencePoint vc="1" uspid="493" ordinal="2" offset="14" sl="110" sc="13" el="110" ec="14" bec="0" bev="0" fileid="35" />
                <SequencePoint vc="1" uspid="494" ordinal="3" offset="15" sl="111" sc="17" el="111" ec="69" bec="0" bev="0" fileid="35" />
                <SequencePoint vc="1" uspid="495" ordinal="4" offset="36" sl="113" sc="13" el="113" ec="30" bec="0" bev="0" fileid="35" />
                <SequencePoint vc="2" uspid="496" ordinal="5" offset="46" sl="114" sc="9" el="114" ec="10" bec="0" bev="0" fileid="35" />
              </SequencePoints>
              <BranchPoints>
                <BranchPoint vc="1" uspid="497" ordinal="0" offset="12" sl="109" path="0" offsetend="14" fileid="35" />
                <BranchPoint vc="1" uspid="498" ordinal="1" offset="12" sl="109" path="1" offsetend="36" fileid="35" />
              </BranchPoints>
              <MethodPoint xsi:type="SequencePoint" vc="2" uspid="491" ordinal="0" offset="0" sl="108" sc="9" el="108" ec="10" bec="0" bev="0" fileid="35" />
            </Method>
            <Method visited="true" cyclomaticComplexity="1" nPathComplexity="0" sequenceCoverage="100" branchCoverage="100" isConstructor="false" isStatic="false" isGetter="false" isSetter="false">
              <Summary numSequencePoints="3" visitedSequencePoints="3" numBranchPoints="1" visitedBranchPoints="1" sequenceCoverage="100" branchCoverage="100" maxCyclomaticComplexity="1" minCyclomaticComplexity="1" visitedClasses="0" numClasses="0" visitedMethods="1" numMethods="1" />
              <MetadataToken>100663453</MetadataToken>
              <Name>System.Web.Http.IHttpActionResult ProjectManager.API.Controllers.ProjectManagerController::DeleteTask(System.Int32)</Name>
              <FileRef uid="35" />
              <SequencePoints>
                <SequencePoint vc="2" uspid="499" ordinal="0" offset="0" sl="119" sc="9" el="119" ec="10" bec="0" bev="0" fileid="35" />
                <SequencePoint vc="2" uspid="500" ordinal="1" offset="1" sl="120" sc="13" el="120" ec="61" bec="0" bev="0" fileid="35" />
                <SequencePoint vc="2" uspid="501" ordinal="2" offset="22" sl="121" sc="9" el="121" ec="10" bec="0" bev="0" fileid="35" />
              </SequencePoints>
              <BranchPoints />
              <MethodPoint xsi:type="SequencePoint" vc="2" uspid="499" ordinal="0" offset="0" sl="119" sc="9" el="119" ec="10" bec="0" bev="0" fileid="35" />
            </Method>
            <Method visited="true" cyclomaticComplexity="1" nPathComplexity="0" sequenceCoverage="100" branchCoverage="100" isConstructor="false" isStatic="false" isGetter="false" isSetter="false">
              <Summary numSequencePoints="3" visitedSequencePoints="3" numBranchPoints="1" visitedBranchPoints="1" sequenceCoverage="100" branchCoverage="100" maxCyclomaticComplexity="1" minCyclomaticComplexity="1" visitedClasses="0" numClasses="0" visitedMethods="1" numMethods="1" />
              <MetadataToken>100663454</MetadataToken>
              <Name>System.Web.Http.IHttpActionResult ProjectManager.API.Controllers.ProjectManagerController::DeleteProject(System.Int32)</Name>
              <FileRef uid="35" />
              <SequencePoints>
                <SequencePoint vc="2" uspid="502" ordinal="0" offset="0" sl="126" sc="9" el="126" ec="10" bec="0" bev="0" fileid="35" />
                <SequencePoint vc="2" uspid="503" ordinal="1" offset="1" sl="127" sc="13" el="127" ec="64" bec="0" bev="0" fileid="35" />
                <SequencePoint vc="2" uspid="504" ordinal="2" offset="22" sl="128" sc="9" el="128" ec="10" bec="0" bev="0" fileid="35" />
              </SequencePoints>
              <BranchPoints />
              <MethodPoint xsi:type="SequencePoint" vc="2" uspid="502" ordinal="0" offset="0" sl="126" sc="9" el="126" ec="10" bec="0" bev="0" fileid="35" />
            </Method>
            <Method visited="true" cyclomaticComplexity="1" nPathComplexity="0" sequenceCoverage="100" branchCoverage="100" isConstructor="false" isStatic="false" isGetter="false" isSetter="false">
              <Summary numSequencePoints="3" visitedSequencePoints="3" numBranchPoints="1" visitedBranchPoints="1" sequenceCoverage="100" branchCoverage="100" maxCyclomaticComplexity="1" minCyclomaticComplexity="1" visitedClasses="0" numClasses="0" visitedMethods="1" numMethods="1" />
              <MetadataToken>100663455</MetadataToken>
              <Name>System.Web.Http.IHttpActionResult ProjectManager.API.Controllers.ProjectManagerController::DeleteUser(System.Int32)</Name>
              <FileRef uid="35" />
              <SequencePoints>
                <SequencePoint vc="2" uspid="505" ordinal="0" offset="0" sl="133" sc="9" el="133" ec="10" bec="0" bev="0" fileid="35" />
                <SequencePoint vc="2" uspid="506" ordinal="1" offset="1" sl="134" sc="13" el="134" ec="61" bec="0" bev="0" fileid="35" />
                <SequencePoint vc="2" uspid="507" ordinal="2" offset="22" sl="135" sc="9" el="135" ec="10" bec="0" bev="0" fileid="35" />
              </SequencePoints>
              <BranchPoints />
              <MethodPoint xsi:type="SequencePoint" vc="2" uspid="505" ordinal="0" offset="0" sl="133" sc="9" el="133" ec="10" bec="0" bev="0" fileid="35" />
            </Method>
          </Methods>
        </Class>
        <Class skippedDueTo="Filter">
          <FullName>ProjectManager.API.Controllers.ValuesController</FullName>
          <Methods />
        </Class>
        <Class skippedDueTo="Filter">
          <FullName>ProjectManager.API.Areas.HelpPage.ApiDescriptionExtensions</FullName>
          <Methods />
        </Class>
        <Class skippedDueTo="Filter">
          <FullName>ProjectManager.API.Areas.HelpPage.HelpPageConfig</FullName>
          <Methods />
        </Class>
        <Class skippedDueTo="Filter">
          <FullName>ProjectManager.API.Areas.HelpPage.HelpPageAreaRegistration</FullName>
          <Methods />
        </Class>
        <Class skippedDueTo="Filter">
          <FullName>ProjectManager.API.Areas.HelpPage.HelpPageConfigurationExtensions</FullName>
          <Methods />
        </Class>
        <Class skippedDueTo="Filter">
          <FullName>ProjectManager.API.Areas.HelpPage.HelpPageConfigurationExtensions/&lt;&gt;c</FullName>
          <Methods />
        </Class>
        <Class skippedDueTo="Filter">
          <FullName>ProjectManager.API.Areas.HelpPage.HelpPageConfigurationExtensions/&lt;&gt;c__DisplayClass14_0</FullName>
          <Methods />
        </Class>
        <Class skippedDueTo="Filter">
          <FullName>ProjectManager.API.Areas.HelpPage.HelpPageConfigurationExtensions/&lt;&gt;c__DisplayClass15_0</FullName>
          <Methods />
        </Class>
        <Class skippedDueTo="Filter">
          <FullName>ProjectManager.API.Areas.HelpPage.HelpPageConfigurationExtensions/&lt;&gt;c__DisplayClass16_0</FullName>
          <Methods />
        </Class>
        <Class skippedDueTo="Filter">
          <FullName>ProjectManager.API.Areas.HelpPage.HelpPageSampleGenerator</FullName>
          <Methods />
        </Class>
        <Class skippedDueTo="Filter">
          <FullName>ProjectManager.API.Areas.HelpPage.HelpPageSampleGenerator/&lt;&gt;c</FullName>
          <Methods />
        </Class>
        <Class skippedDueTo="Filter">
          <FullName>ProjectManager.API.Areas.HelpPage.HelpPageSampleGenerator/&lt;GetAllActionSamples&gt;d__30</FullName>
          <Methods />
        </Class>
        <Class skippedDueTo="Filter">
          <FullName>ProjectManager.API.Areas.HelpPage.HelpPageSampleKey</FullName>
          <Methods />
        </Class>
        <Class skippedDueTo="Filter">
          <FullName>ProjectManager.API.Areas.HelpPage.ImageSample</FullName>
          <Methods />
        </Class>
        <Class skippedDueTo="Filter">
          <FullName>ProjectManager.API.Areas.HelpPage.InvalidSample</FullName>
          <Methods />
        </Class>
        <Class skippedDueTo="Filter">
          <FullName>ProjectManager.API.Areas.HelpPage.ObjectGenerator</FullName>
          <Methods />
        </Class>
        <Class skippedDueTo="Filter">
          <FullName>ProjectManager.API.Areas.HelpPage.ObjectGenerator/SimpleTypeObjectGenerator</FullName>
          <Methods />
        </Class>
        <Class skippedDueTo="Filter">
          <FullName>ProjectManager.API.Areas.HelpPage.ObjectGenerator/SimpleTypeObjectGenerator/&lt;&gt;c</FullName>
          <Methods />
        </Class>
        <Class skippedDueTo="Filter">
          <FullName>ProjectManager.API.Areas.HelpPage.TextSample</FullName>
          <Methods />
        </Class>
        <Class skippedDueTo="Filter">
          <FullName>ProjectManager.API.Areas.HelpPage.XmlDocumentationProvider</FullName>
          <Methods />
        </Class>
        <Class skippedDueTo="Filter">
          <FullName>ProjectManager.API.Areas.HelpPage.XmlDocumentationProvider/&lt;&gt;c</FullName>
          <Methods />
        </Class>
        <Class skippedDueTo="Filter">
          <FullName>ProjectManager.API.Areas.HelpPage.Models.HelpPageApiModel</FullName>
          <Methods />
        </Class>
        <Class skippedDueTo="Filter">
          <FullName>ProjectManager.API.Areas.HelpPage.ModelDescriptions.CollectionModelDescription</FullName>
          <Methods />
        </Class>
        <Class skippedDueTo="Filter">
          <FullName>ProjectManager.API.Areas.HelpPage.ModelDescriptions.ComplexTypeModelDescription</FullName>
          <Methods />
        </Class>
        <Class skippedDueTo="Filter">
          <FullName>ProjectManager.API.Areas.HelpPage.ModelDescriptions.DictionaryModelDescription</FullName>
          <Methods />
        </Class>
        <Class skippedDueTo="Filter">
          <FullName>ProjectManager.API.Areas.HelpPage.ModelDescriptions.EnumTypeModelDescription</FullName>
          <Methods />
        </Class>
        <Class skippedDueTo="Filter">
          <FullName>ProjectManager.API.Areas.HelpPage.ModelDescriptions.EnumValueDescription</FullName>
          <Methods />
        </Class>
        <Class skippedDueTo="Filter">
          <FullName>ProjectManager.API.Areas.HelpPage.ModelDescriptions.KeyValuePairModelDescription</FullName>
          <Methods />
        </Class>
        <Class skippedDueTo="Filter">
          <FullName>ProjectManager.API.Areas.HelpPage.ModelDescriptions.ModelDescription</FullName>
          <Methods />
        </Class>
        <Class skippedDueTo="Filter">
          <FullName>ProjectManager.API.Areas.HelpPage.ModelDescriptions.ModelDescriptionGenerator</FullName>
          <Methods />
        </Class>
        <Class skippedDueTo="Filter">
          <FullName>ProjectManager.API.Areas.HelpPage.ModelDescriptions.ModelDescriptionGenerator/&lt;&gt;c__DisplayClass3_0</FullName>
          <Methods />
        </Class>
        <Class skippedDueTo="Filter">
          <FullName>ProjectManager.API.Areas.HelpPage.ModelDescriptions.ModelDescriptionGenerator/&lt;&gt;c</FullName>
          <Methods />
        </Class>
        <Class skippedDueTo="Filter">
          <FullName>ProjectManager.API.Areas.HelpPage.ModelDescriptions.ModelNameAttribute</FullName>
          <Methods />
        </Class>
        <Class skippedDueTo="Filter">
          <FullName>ProjectManager.API.Areas.HelpPage.ModelDescriptions.ModelNameHelper</FullName>
          <Methods />
        </Class>
        <Class skippedDueTo="Filter">
          <FullName>ProjectManager.API.Areas.HelpPage.ModelDescriptions.ModelNameHelper/&lt;&gt;c</FullName>
          <Methods />
        </Class>
        <Class skippedDueTo="Filter">
          <FullName>ProjectManager.API.Areas.HelpPage.ModelDescriptions.ParameterAnnotation</FullName>
          <Methods />
        </Class>
        <Class skippedDueTo="Filter">
          <FullName>ProjectManager.API.Areas.HelpPage.ModelDescriptions.ParameterDescription</FullName>
          <Methods />
        </Class>
        <Class skippedDueTo="Filter">
          <FullName>ProjectManager.API.Areas.HelpPage.ModelDescriptions.SimpleTypeModelDescription</FullName>
          <Methods />
        </Class>
        <Class skippedDueTo="Filter">
          <FullName>ProjectManager.API.Areas.HelpPage.Controllers.HelpController</FullName>
          <Methods />
        </Class>
        <Class skippedDueTo="Filter">
          <FullName>ProjectManager.API.Areas.HelpPage.Controllers.HelpController/&lt;&gt;o__7</FullName>
          <Methods />
        </Class>
      </Classes>
    </Module>
    <Module skippedDueTo="Filter" hash="ED-3E-73-BA-41-91-0D-32-61-8E-BB-B5-E8-2B-F9-E7-4B-51-B0-62">
      <ModulePath>C:\FSD\FINAL ASSESSMENT\ProjectManagerService\ProjectManager.Tests\bin\Debug\System.Web.Http.dll</ModulePath>
      <ModuleTime>2015-01-27T22:32:54Z</ModuleTime>
      <ModuleName>System.Web.Http</ModuleName>
      <Classes />
    </Module>
  </Modules>
</CoverageSession>